/Users/calum/Developer/GustoPunch/.venv/lib/python3.13/site-packages/setuptools/__init__.py:94: _DeprecatedInstaller: setuptools.installer and fetch_build_eggs are deprecated.
!!

        ********************************************************************************
        Requirements should be satisfied by a PEP 517 installer.
        If you are using pip, you can try `pip install --use-pep517`.
        ********************************************************************************

!!
  dist.fetch_build_eggs(dist.setup_requires)
running py2app
/Users/calum/Developer/GustoPunch/.venv/lib/python3.13/site-packages/py2app/build_app.py:966: _DeprecatedInstaller: setuptools.installer and fetch_build_eggs are deprecated.
!!

        ********************************************************************************
        Requirements should be satisfied by a PEP 517 installer.
        If you are using pip, you can try `pip install --use-pep517`.
        ********************************************************************************

!!
  self.distribution.fetch_build_eggs(self.distribution.install_requires)
creating /Users/calum/Developer/GustoPunch/build/bdist.macosx-15.0-arm64/python3.13-standalone/app/collect
creating /Users/calum/Developer/GustoPunch/build/bdist.macosx-15.0-arm64/python3.13-standalone/app/temp
creating build/bdist.macosx-15.0-arm64/python3.13-standalone/app/lib-dynload
creating build/bdist.macosx-15.0-arm64/python3.13-standalone/app/Frameworks
--- Skipping recipe PIL ---
*** using recipe: automissing *** {'expected_missing_imports': {'_frozen_importlib_external', 'netbios', 'win32wnet', 'winreg', 'sys.getwindowsversion', '_winapi', 'nt'}}
--- Skipping recipe PIL ---
--- Skipping recipe autopackages ---
--- Skipping recipe black ---
CTYPES USERS [SourceModule('ctypes._endian', '/opt/homebrew/Cellar/python@3.13/3.13.1/Frameworks/Python.framework/Versions/3.13/lib/python3.13/ctypes/_endian.py'), SourceModule('_ios_support', '/opt/homebrew/Cellar/python@3.13/3.13.1/Frameworks/Python.framework/Versions/3.13/lib/python3.13/_ios_support.py'), Package('ctypes.macholib', '/opt/homebrew/Cellar/python@3.13/3.13.1/Frameworks/Python.framework/Versions/3.13/lib/python3.13/ctypes/macholib/__init__.py', ['/opt/homebrew/Cellar/python@3.13/3.13.1/Frameworks/Python.framework/Versions/3.13/lib/python3.13/ctypes/macholib']), SourceModule('ctypes._aix', '/opt/homebrew/Cellar/python@3.13/3.13.1/Frameworks/Python.framework/Versions/3.13/lib/python3.13/ctypes/_aix.py'), SourceModule('ctypes.util', '/opt/homebrew/Cellar/python@3.13/3.13.1/Frameworks/Python.framework/Versions/3.13/lib/python3.13/ctypes/util.py'), SourceModule('platform', '/opt/homebrew/Cellar/python@3.13/3.13.1/Frameworks/Python.framework/Versions/3.13/lib/python3.13/platform.py'), SourceModule('webbrowser', '/opt/homebrew/Cellar/python@3.13/3.13.1/Frameworks/Python.framework/Versions/3.13/lib/python3.13/webbrowser.py'), Package('test.support', '/opt/homebrew/Cellar/python@3.13/3.13.1/Frameworks/Python.framework/Versions/3.13/lib/python3.13/test/support/__init__.py', ['/opt/homebrew/Cellar/python@3.13/3.13.1/Frameworks/Python.framework/Versions/3.13/lib/python3.13/test/support']), SourceModule('ctypes.wintypes', '/opt/homebrew/Cellar/python@3.13/3.13.1/Frameworks/Python.framework/Versions/3.13/lib/python3.13/ctypes/wintypes.py'), SourceModule('test.support.os_helper', '/opt/homebrew/Cellar/python@3.13/3.13.1/Frameworks/Python.framework/Versions/3.13/lib/python3.13/test/support/os_helper.py'), SourceModule('packaging._manylinux', '/Users/calum/Developer/GustoPunch/.venv/lib/python3.13/site-packages/packaging/_manylinux.py'), SourceModule('setuptools._vendor.packaging._manylinux', '/Users/calum/Developer/GustoPunch/.venv/lib/python3.13/site-packages/setuptools/_vendor/packaging/_manylinux.py'), SourceModule('platformdirs.windows', '/Users/calum/Developer/GustoPunch/.venv/lib/python3.13/site-packages/setuptools/_vendor/platformdirs/windows.py'), SourceModule('setuptools.windows_support', '/Users/calum/Developer/GustoPunch/.venv/lib/python3.13/site-packages/setuptools/windows_support.py'), SourceModule('wheel.macosx_libfile', '/Users/calum/Developer/GustoPunch/.venv/lib/python3.13/site-packages/setuptools/_vendor/wheel/macosx_libfile.py'), SourceModule('wheel.vendored.packaging._manylinux', '/Users/calum/Developer/GustoPunch/.venv/lib/python3.13/site-packages/setuptools/_vendor/wheel/vendored/packaging/_manylinux.py'), SourceModule('multiprocessing.sharedctypes', '/opt/homebrew/Cellar/python@3.13/3.13.1/Frameworks/Python.framework/Versions/3.13/lib/python3.13/multiprocessing/sharedctypes.py'), SourceModule('objc._bridgesupport', '/Users/calum/Developer/GustoPunch/.venv/lib/python3.13/site-packages/objc/_bridgesupport.py'), Script('/Users/calum/Developer/GustoPunch/.venv/lib/python3.13/site-packages/py2app/bootstrap/argv_emulation.py',), SourceModule('trio._subprocess', '/Users/calum/Developer/GustoPunch/.venv/lib/python3.13/site-packages/trio/_subprocess.py'), SourceModule('trio._core._thread_cache', '/Users/calum/Developer/GustoPunch/.venv/lib/python3.13/site-packages/trio/_core/_thread_cache.py'), SourceModule('keyring.backends.macOS.api', '/Users/calum/Developer/GustoPunch/.venv/lib/python3.13/site-packages/keyring/backends/macOS/api.py')]
*** using recipe: ctypes *** {'prescripts': ['py2app.bootstrap.ctypes_setup']}
--- Skipping recipe PIL ---
--- Skipping recipe autopackages ---
--- Skipping recipe black ---
*** using recipe: detect_dunder_file *** {'packages': {'selenium', 'pkg_resources', 'dotenv', 'certifi', 'setuptools'}}
--- Skipping recipe PIL ---
--- Skipping recipe autopackages ---
--- Skipping recipe black ---
*** using recipe: ftplib *** {}
--- Skipping recipe PIL ---
--- Skipping recipe autopackages ---
--- Skipping recipe black ---
--- Skipping recipe gcloud ---
--- Skipping recipe lxml ---
--- Skipping recipe matplotlib ---
*** using recipe: multiprocessing *** {'prescripts': [<_io.StringIO object at 0x105bceb00>]}
--- Skipping recipe PIL ---
--- Skipping recipe autopackages ---
--- Skipping recipe black ---
--- Skipping recipe gcloud ---
--- Skipping recipe lxml ---
--- Skipping recipe matplotlib ---
--- Skipping recipe opencv ---
--- Skipping recipe pandas ---
*** using recipe: platformdirs *** {'includes': ['platformdirs.macos']}
--- Skipping recipe PIL ---
--- Skipping recipe autopackages ---
--- Skipping recipe black ---
--- Skipping recipe gcloud ---
--- Skipping recipe lxml ---
--- Skipping recipe matplotlib ---
--- Skipping recipe opencv ---
--- Skipping recipe pandas ---
--- Skipping recipe pydantic ---
*** using recipe: pydoc *** {}
--- Skipping recipe PIL ---
--- Skipping recipe autopackages ---
--- Skipping recipe black ---
--- Skipping recipe gcloud ---
--- Skipping recipe lxml ---
--- Skipping recipe matplotlib ---
--- Skipping recipe opencv ---
--- Skipping recipe pandas ---
--- Skipping recipe pydantic ---
--- Skipping recipe pyenchant ---
--- Skipping recipe pygame ---
--- Skipping recipe pylsp ---
--- Skipping recipe pyopengl ---
--- Skipping recipe pyside ---
--- Skipping recipe pyside2 ---
--- Skipping recipe pyside6 ---
--- Skipping recipe qt5 ---
--- Skipping recipe qt6 ---
--- Skipping recipe rtree ---
*** using recipe: setuptools *** {'expected_missing_imports': {'__builtin__', '__main__.__requires__'}, 'prescripts': [<_io.StringIO object at 0x106680400>]}
--- Skipping recipe PIL ---
--- Skipping recipe autopackages ---
--- Skipping recipe black ---
--- Skipping recipe gcloud ---
--- Skipping recipe lxml ---
--- Skipping recipe matplotlib ---
--- Skipping recipe opencv ---
--- Skipping recipe pandas ---
--- Skipping recipe pydantic ---
--- Skipping recipe pyenchant ---
--- Skipping recipe pygame ---
--- Skipping recipe pylsp ---
--- Skipping recipe pyopengl ---
--- Skipping recipe pyside ---
--- Skipping recipe pyside2 ---
--- Skipping recipe pyside6 ---
--- Skipping recipe qt5 ---
--- Skipping recipe qt6 ---
--- Skipping recipe rtree ---
--- Skipping recipe shiboken2 ---
--- Skipping recipe shiboken6 ---
--- Skipping recipe sip ---
--- Skipping recipe six ---
--- Skipping recipe sphinx ---
--- Skipping recipe sqlalchemy ---
*** using recipe: sslmod *** {'resources': [('openssl.ca', ['/opt/homebrew/etc/openssl@3/cert.pem', '/opt/homebrew/etc/openssl@3/certs'])], 'prescripts': [<_io.StringIO object at 0x106683940>]}
--- Skipping recipe PIL ---
--- Skipping recipe autopackages ---
--- Skipping recipe black ---
--- Skipping recipe gcloud ---
--- Skipping recipe lxml ---
--- Skipping recipe matplotlib ---
--- Skipping recipe opencv ---
--- Skipping recipe pandas ---
--- Skipping recipe pydantic ---
--- Skipping recipe pyenchant ---
--- Skipping recipe pygame ---
--- Skipping recipe pylsp ---
--- Skipping recipe pyopengl ---
--- Skipping recipe pyside ---
--- Skipping recipe pyside2 ---
--- Skipping recipe pyside6 ---
--- Skipping recipe qt5 ---
--- Skipping recipe qt6 ---
--- Skipping recipe rtree ---
--- Skipping recipe shiboken2 ---
--- Skipping recipe shiboken6 ---
--- Skipping recipe sip ---
--- Skipping recipe six ---
--- Skipping recipe sphinx ---
--- Skipping recipe sqlalchemy ---
--- Skipping recipe sysconfig_module ---
--- Skipping recipe tkinter ---
--- Skipping recipe virtualenv ---
--- Skipping recipe wx ---
*** using recipe: xml *** {}
--- Skipping recipe PIL ---
--- Skipping recipe autopackages ---
--- Skipping recipe black ---
--- Skipping recipe gcloud ---
--- Skipping recipe lxml ---
--- Skipping recipe matplotlib ---
--- Skipping recipe opencv ---
--- Skipping recipe pandas ---
--- Skipping recipe pydantic ---
--- Skipping recipe pyenchant ---
--- Skipping recipe pygame ---
--- Skipping recipe pylsp ---
--- Skipping recipe pyopengl ---
--- Skipping recipe pyside ---
--- Skipping recipe pyside2 ---
--- Skipping recipe pyside6 ---
--- Skipping recipe qt5 ---
--- Skipping recipe qt6 ---
--- Skipping recipe rtree ---
--- Skipping recipe shiboken2 ---
--- Skipping recipe shiboken6 ---
--- Skipping recipe sip ---
--- Skipping recipe six ---
--- Skipping recipe sphinx ---
--- Skipping recipe sqlalchemy ---
--- Skipping recipe sysconfig_module ---
--- Skipping recipe tkinter ---
--- Skipping recipe virtualenv ---
--- Skipping recipe wx ---
--- Skipping recipe zmq ---
*** filtering dependencies ***
2884 total
44 filtered
179 orphaned
2840 remaining
*** create binaries ***
ADD INFO /Users/calum/Developer/GustoPunch/.venv/lib/python3.13/site-packages/pyobjc_framework_Cocoa-11.0.dist-info
ADD INFO /Users/calum/Developer/GustoPunch/.venv/lib/python3.13/site-packages/pyobjc_framework_Cocoa-11.0.dist-info
ADD INFO /Users/calum/Developer/GustoPunch/.venv/lib/python3.13/site-packages/pyobjc_framework_Cocoa-11.0.dist-info
ADD INFO /Users/calum/Developer/GustoPunch/.venv/lib/python3.13/site-packages/pyobjc_framework_Cocoa-11.0.dist-info
ADD INFO /Users/calum/Developer/GustoPunch/.venv/lib/python3.13/site-packages/pyobjc_framework_Cocoa-11.0.dist-info
ADD INFO /Users/calum/Developer/GustoPunch/.venv/lib/python3.13/site-packages/pyobjc_framework_Cocoa-11.0.dist-info
ADD INFO /Users/calum/Developer/GustoPunch/.venv/lib/python3.13/site-packages/pyobjc_framework_Cocoa-11.0.dist-info
ADD INFO /Users/calum/Developer/GustoPunch/.venv/lib/python3.13/site-packages/pyobjc_framework_Cocoa-11.0.dist-info
ADD INFO /Users/calum/Developer/GustoPunch/.venv/lib/python3.13/site-packages/pyobjc_framework_Cocoa-11.0.dist-info
ADD INFO /Users/calum/Developer/GustoPunch/.venv/lib/python3.13/site-packages/pyobjc_framework_Cocoa-11.0.dist-info
ADD INFO /Users/calum/Developer/GustoPunch/.venv/lib/python3.13/site-packages/pyobjc_framework_Cocoa-11.0.dist-info
ADD INFO /Users/calum/Developer/GustoPunch/.venv/lib/python3.13/site-packages/pyobjc_framework_Cocoa-11.0.dist-info
ADD INFO /Users/calum/Developer/GustoPunch/.venv/lib/python3.13/site-packages/pyobjc_framework_Cocoa-11.0.dist-info
ADD INFO /Users/calum/Developer/GustoPunch/.venv/lib/python3.13/site-packages/pyobjc_framework_Cocoa-11.0.dist-info
ADD INFO /Users/calum/Developer/GustoPunch/.venv/lib/python3.13/site-packages/pyobjc_core-11.0.dist-info
ADD INFO /Users/calum/Developer/GustoPunch/.venv/lib/python3.13/site-packages/pyobjc_core-11.0.dist-info
ADD INFO /Users/calum/Developer/GustoPunch/.venv/lib/python3.13/site-packages/setuptools-76.0.0.dist-info
ADD INFO /Users/calum/Developer/GustoPunch/.venv/lib/python3.13/site-packages/setuptools-76.0.0.dist-info
ADD INFO /Users/calum/Developer/GustoPunch/.venv/lib/python3.13/site-packages/attrs-25.1.0.dist-info
ADD INFO /Users/calum/Developer/GustoPunch/.venv/lib/python3.13/site-packages/attrs-25.1.0.dist-info
ADD INFO /Users/calum/Developer/GustoPunch/.venv/lib/python3.13/site-packages/attrs-25.1.0.dist-info
ADD INFO /Users/calum/Developer/GustoPunch/.venv/lib/python3.13/site-packages/attrs-25.1.0.dist-info
ADD INFO /Users/calum/Developer/GustoPunch/.venv/lib/python3.13/site-packages/attrs-25.1.0.dist-info
ADD INFO /Users/calum/Developer/GustoPunch/.venv/lib/python3.13/site-packages/attrs-25.1.0.dist-info
ADD INFO /Users/calum/Developer/GustoPunch/.venv/lib/python3.13/site-packages/attrs-25.1.0.dist-info
ADD INFO /Users/calum/Developer/GustoPunch/.venv/lib/python3.13/site-packages/attrs-25.1.0.dist-info
ADD INFO /Users/calum/Developer/GustoPunch/.venv/lib/python3.13/site-packages/attrs-25.1.0.dist-info
ADD INFO /Users/calum/Developer/GustoPunch/.venv/lib/python3.13/site-packages/attrs-25.1.0.dist-info
ADD INFO /Users/calum/Developer/GustoPunch/.venv/lib/python3.13/site-packages/attrs-25.1.0.dist-info
ADD INFO /Users/calum/Developer/GustoPunch/.venv/lib/python3.13/site-packages/attrs-25.1.0.dist-info
ADD INFO /Users/calum/Developer/GustoPunch/.venv/lib/python3.13/site-packages/attrs-25.1.0.dist-info
ADD INFO /Users/calum/Developer/GustoPunch/.venv/lib/python3.13/site-packages/attrs-25.1.0.dist-info
ADD INFO /Users/calum/Developer/GustoPunch/.venv/lib/python3.13/site-packages/attrs-25.1.0.dist-info
ADD INFO /Users/calum/Developer/GustoPunch/.venv/lib/python3.13/site-packages/attrs-25.1.0.dist-info
ADD INFO /Users/calum/Developer/GustoPunch/.venv/lib/python3.13/site-packages/attrs-25.1.0.dist-info
ADD INFO /Users/calum/Developer/GustoPunch/.venv/lib/python3.13/site-packages/attrs-25.1.0.dist-info
ADD INFO /Users/calum/Developer/GustoPunch/.venv/lib/python3.13/site-packages/attrs-25.1.0.dist-info
ADD INFO /Users/calum/Developer/GustoPunch/.venv/lib/python3.13/site-packages/certifi-2025.1.31.dist-info
ADD INFO /Users/calum/Developer/GustoPunch/.venv/lib/python3.13/site-packages/certifi-2025.1.31.dist-info
ADD INFO /Users/calum/Developer/GustoPunch/.venv/lib/python3.13/site-packages/certifi-2025.1.31.dist-info
ADD INFO /Users/calum/Developer/GustoPunch/.venv/lib/python3.13/site-packages/charset_normalizer-3.4.1.dist-info
ADD INFO /Users/calum/Developer/GustoPunch/.venv/lib/python3.13/site-packages/charset_normalizer-3.4.1.dist-info
ADD INFO /Users/calum/Developer/GustoPunch/.venv/lib/python3.13/site-packages/charset_normalizer-3.4.1.dist-info
ADD INFO /Users/calum/Developer/GustoPunch/.venv/lib/python3.13/site-packages/charset_normalizer-3.4.1.dist-info
ADD INFO /Users/calum/Developer/GustoPunch/.venv/lib/python3.13/site-packages/charset_normalizer-3.4.1.dist-info
ADD INFO /Users/calum/Developer/GustoPunch/.venv/lib/python3.13/site-packages/charset_normalizer-3.4.1.dist-info
ADD INFO /Users/calum/Developer/GustoPunch/.venv/lib/python3.13/site-packages/charset_normalizer-3.4.1.dist-info
ADD INFO /Users/calum/Developer/GustoPunch/.venv/lib/python3.13/site-packages/charset_normalizer-3.4.1.dist-info
ADD INFO /Users/calum/Developer/GustoPunch/.venv/lib/python3.13/site-packages/python_dotenv-1.0.1.dist-info
ADD INFO /Users/calum/Developer/GustoPunch/.venv/lib/python3.13/site-packages/python_dotenv-1.0.1.dist-info
ADD INFO /Users/calum/Developer/GustoPunch/.venv/lib/python3.13/site-packages/python_dotenv-1.0.1.dist-info
ADD INFO /Users/calum/Developer/GustoPunch/.venv/lib/python3.13/site-packages/python_dotenv-1.0.1.dist-info
ADD INFO /Users/calum/Developer/GustoPunch/.venv/lib/python3.13/site-packages/python_dotenv-1.0.1.dist-info
ADD INFO /Users/calum/Developer/GustoPunch/.venv/lib/python3.13/site-packages/python_dotenv-1.0.1.dist-info
ADD INFO /Users/calum/Developer/GustoPunch/.venv/lib/python3.13/site-packages/python_dotenv-1.0.1.dist-info
ADD INFO /Users/calum/Developer/GustoPunch/.venv/lib/python3.13/site-packages/python_dotenv-1.0.1.dist-info
ADD INFO /Users/calum/Developer/GustoPunch/.venv/lib/python3.13/site-packages/h11-0.14.0.dist-info
ADD INFO /Users/calum/Developer/GustoPunch/.venv/lib/python3.13/site-packages/h11-0.14.0.dist-info
ADD INFO /Users/calum/Developer/GustoPunch/.venv/lib/python3.13/site-packages/h11-0.14.0.dist-info
ADD INFO /Users/calum/Developer/GustoPunch/.venv/lib/python3.13/site-packages/h11-0.14.0.dist-info
ADD INFO /Users/calum/Developer/GustoPunch/.venv/lib/python3.13/site-packages/h11-0.14.0.dist-info
ADD INFO /Users/calum/Developer/GustoPunch/.venv/lib/python3.13/site-packages/h11-0.14.0.dist-info
ADD INFO /Users/calum/Developer/GustoPunch/.venv/lib/python3.13/site-packages/h11-0.14.0.dist-info
ADD INFO /Users/calum/Developer/GustoPunch/.venv/lib/python3.13/site-packages/h11-0.14.0.dist-info
ADD INFO /Users/calum/Developer/GustoPunch/.venv/lib/python3.13/site-packages/h11-0.14.0.dist-info
ADD INFO /Users/calum/Developer/GustoPunch/.venv/lib/python3.13/site-packages/h11-0.14.0.dist-info
ADD INFO /Users/calum/Developer/GustoPunch/.venv/lib/python3.13/site-packages/h11-0.14.0.dist-info
ADD INFO /Users/calum/Developer/GustoPunch/.venv/lib/python3.13/site-packages/idna-3.10.dist-info
ADD INFO /Users/calum/Developer/GustoPunch/.venv/lib/python3.13/site-packages/idna-3.10.dist-info
ADD INFO /Users/calum/Developer/GustoPunch/.venv/lib/python3.13/site-packages/idna-3.10.dist-info
ADD INFO /Users/calum/Developer/GustoPunch/.venv/lib/python3.13/site-packages/idna-3.10.dist-info
ADD INFO /Users/calum/Developer/GustoPunch/.venv/lib/python3.13/site-packages/idna-3.10.dist-info
ADD INFO /Users/calum/Developer/GustoPunch/.venv/lib/python3.13/site-packages/idna-3.10.dist-info
ADD INFO /Users/calum/Developer/GustoPunch/.venv/lib/python3.13/site-packages/jaraco.classes-3.4.0.dist-info
ADD INFO /Users/calum/Developer/GustoPunch/.venv/lib/python3.13/site-packages/jaraco.classes-3.4.0.dist-info
ADD INFO /Users/calum/Developer/GustoPunch/.venv/lib/python3.13/site-packages/jaraco.context-6.0.1.dist-info
ADD INFO /Users/calum/Developer/GustoPunch/.venv/lib/python3.13/site-packages/jaraco.functools-4.1.0.dist-info
ADD INFO /Users/calum/Developer/GustoPunch/.venv/lib/python3.13/site-packages/keyring-25.6.0.dist-info
ADD INFO /Users/calum/Developer/GustoPunch/.venv/lib/python3.13/site-packages/keyring-25.6.0.dist-info
ADD INFO /Users/calum/Developer/GustoPunch/.venv/lib/python3.13/site-packages/keyring-25.6.0.dist-info
ADD INFO /Users/calum/Developer/GustoPunch/.venv/lib/python3.13/site-packages/keyring-25.6.0.dist-info
ADD INFO /Users/calum/Developer/GustoPunch/.venv/lib/python3.13/site-packages/keyring-25.6.0.dist-info
ADD INFO /Users/calum/Developer/GustoPunch/.venv/lib/python3.13/site-packages/keyring-25.6.0.dist-info
ADD INFO /Users/calum/Developer/GustoPunch/.venv/lib/python3.13/site-packages/keyring-25.6.0.dist-info
ADD INFO /Users/calum/Developer/GustoPunch/.venv/lib/python3.13/site-packages/keyring-25.6.0.dist-info
ADD INFO /Users/calum/Developer/GustoPunch/.venv/lib/python3.13/site-packages/keyring-25.6.0.dist-info
ADD INFO /Users/calum/Developer/GustoPunch/.venv/lib/python3.13/site-packages/keyring-25.6.0.dist-info
ADD INFO /Users/calum/Developer/GustoPunch/.venv/lib/python3.13/site-packages/keyring-25.6.0.dist-info
ADD INFO /Users/calum/Developer/GustoPunch/.venv/lib/python3.13/site-packages/keyring-25.6.0.dist-info
ADD INFO /Users/calum/Developer/GustoPunch/.venv/lib/python3.13/site-packages/keyring-25.6.0.dist-info
ADD INFO /Users/calum/Developer/GustoPunch/.venv/lib/python3.13/site-packages/keyring-25.6.0.dist-info
ADD INFO /Users/calum/Developer/GustoPunch/.venv/lib/python3.13/site-packages/keyring-25.6.0.dist-info
ADD INFO /Users/calum/Developer/GustoPunch/.venv/lib/python3.13/site-packages/keyring-25.6.0.dist-info
ADD INFO /Users/calum/Developer/GustoPunch/.venv/lib/python3.13/site-packages/keyring-25.6.0.dist-info
ADD INFO /Users/calum/Developer/GustoPunch/.venv/lib/python3.13/site-packages/keyring-25.6.0.dist-info
ADD INFO /Users/calum/Developer/GustoPunch/.venv/lib/python3.13/site-packages/keyring-25.6.0.dist-info
ADD INFO /Users/calum/Developer/GustoPunch/.venv/lib/python3.13/site-packages/keyring-25.6.0.dist-info
ADD INFO /Users/calum/Developer/GustoPunch/.venv/lib/python3.13/site-packages/keyring-25.6.0.dist-info
ADD INFO /Users/calum/Developer/GustoPunch/.venv/lib/python3.13/site-packages/keyring-25.6.0.dist-info
ADD INFO /Users/calum/Developer/GustoPunch/.venv/lib/python3.13/site-packages/keyring-25.6.0.dist-info
ADD INFO /Users/calum/Developer/GustoPunch/.venv/lib/python3.13/site-packages/keyring-25.6.0.dist-info
ADD INFO /Users/calum/Developer/GustoPunch/.venv/lib/python3.13/site-packages/keyring-25.6.0.dist-info
ADD INFO /Users/calum/Developer/GustoPunch/.venv/lib/python3.13/site-packages/keyring-25.6.0.dist-info
ADD INFO /Users/calum/Developer/GustoPunch/.venv/lib/python3.13/site-packages/keyring-25.6.0.dist-info
ADD INFO /Users/calum/Developer/GustoPunch/.venv/lib/python3.13/site-packages/keyring-25.6.0.dist-info
ADD INFO /Users/calum/Developer/GustoPunch/.venv/lib/python3.13/site-packages/keyring-25.6.0.dist-info
ADD INFO /Users/calum/Developer/GustoPunch/.venv/lib/python3.13/site-packages/more_itertools-10.6.0.dist-info
ADD INFO /Users/calum/Developer/GustoPunch/.venv/lib/python3.13/site-packages/more_itertools-10.6.0.dist-info
ADD INFO /Users/calum/Developer/GustoPunch/.venv/lib/python3.13/site-packages/more_itertools-10.6.0.dist-info
ADD INFO /Users/calum/Developer/GustoPunch/.venv/lib/python3.13/site-packages/pyobjc_core-11.0.dist-info
ADD INFO /Users/calum/Developer/GustoPunch/.venv/lib/python3.13/site-packages/pyobjc_core-11.0.dist-info
ADD INFO /Users/calum/Developer/GustoPunch/.venv/lib/python3.13/site-packages/pyobjc_core-11.0.dist-info
ADD INFO /Users/calum/Developer/GustoPunch/.venv/lib/python3.13/site-packages/pyobjc_core-11.0.dist-info
ADD INFO /Users/calum/Developer/GustoPunch/.venv/lib/python3.13/site-packages/pyobjc_core-11.0.dist-info
ADD INFO /Users/calum/Developer/GustoPunch/.venv/lib/python3.13/site-packages/pyobjc_core-11.0.dist-info
ADD INFO /Users/calum/Developer/GustoPunch/.venv/lib/python3.13/site-packages/pyobjc_core-11.0.dist-info
ADD INFO /Users/calum/Developer/GustoPunch/.venv/lib/python3.13/site-packages/pyobjc_core-11.0.dist-info
ADD INFO /Users/calum/Developer/GustoPunch/.venv/lib/python3.13/site-packages/pyobjc_core-11.0.dist-info
ADD INFO /Users/calum/Developer/GustoPunch/.venv/lib/python3.13/site-packages/pyobjc_core-11.0.dist-info
ADD INFO /Users/calum/Developer/GustoPunch/.venv/lib/python3.13/site-packages/pyobjc_core-11.0.dist-info
ADD INFO /Users/calum/Developer/GustoPunch/.venv/lib/python3.13/site-packages/pyobjc_core-11.0.dist-info
ADD INFO /Users/calum/Developer/GustoPunch/.venv/lib/python3.13/site-packages/pyobjc_core-11.0.dist-info
ADD INFO /Users/calum/Developer/GustoPunch/.venv/lib/python3.13/site-packages/pyobjc_core-11.0.dist-info
ADD INFO /Users/calum/Developer/GustoPunch/.venv/lib/python3.13/site-packages/pyobjc_core-11.0.dist-info
ADD INFO /Users/calum/Developer/GustoPunch/.venv/lib/python3.13/site-packages/pyobjc_core-11.0.dist-info
ADD INFO /Users/calum/Developer/GustoPunch/.venv/lib/python3.13/site-packages/pyobjc_core-11.0.dist-info
ADD INFO /Users/calum/Developer/GustoPunch/.venv/lib/python3.13/site-packages/pyobjc_core-11.0.dist-info
ADD INFO /Users/calum/Developer/GustoPunch/.venv/lib/python3.13/site-packages/pyobjc_core-11.0.dist-info
ADD INFO /Users/calum/Developer/GustoPunch/.venv/lib/python3.13/site-packages/pyobjc_core-11.0.dist-info
ADD INFO /Users/calum/Developer/GustoPunch/.venv/lib/python3.13/site-packages/pyobjc_core-11.0.dist-info
ADD INFO /Users/calum/Developer/GustoPunch/.venv/lib/python3.13/site-packages/pyobjc_core-11.0.dist-info
ADD INFO /Users/calum/Developer/GustoPunch/.venv/lib/python3.13/site-packages/pyobjc_core-11.0.dist-info
ADD INFO /Users/calum/Developer/GustoPunch/.venv/lib/python3.13/site-packages/pyobjc_core-11.0.dist-info
ADD INFO /Users/calum/Developer/GustoPunch/.venv/lib/python3.13/site-packages/pyobjc_core-11.0.dist-info
ADD INFO /Users/calum/Developer/GustoPunch/.venv/lib/python3.13/site-packages/pyobjc_core-11.0.dist-info
ADD INFO /Users/calum/Developer/GustoPunch/.venv/lib/python3.13/site-packages/pyobjc_core-11.0.dist-info
ADD INFO /Users/calum/Developer/GustoPunch/.venv/lib/python3.13/site-packages/pyobjc_core-11.0.dist-info
ADD INFO /Users/calum/Developer/GustoPunch/.venv/lib/python3.13/site-packages/pyobjc_core-11.0.dist-info
ADD INFO /Users/calum/Developer/GustoPunch/.venv/lib/python3.13/site-packages/pyobjc_core-11.0.dist-info
ADD INFO /Users/calum/Developer/GustoPunch/.venv/lib/python3.13/site-packages/outcome-1.3.0.post0.dist-info
ADD INFO /Users/calum/Developer/GustoPunch/.venv/lib/python3.13/site-packages/outcome-1.3.0.post0.dist-info
ADD INFO /Users/calum/Developer/GustoPunch/.venv/lib/python3.13/site-packages/outcome-1.3.0.post0.dist-info
ADD INFO /Users/calum/Developer/GustoPunch/.venv/lib/python3.13/site-packages/outcome-1.3.0.post0.dist-info
ADD INFO /Users/calum/Developer/GustoPunch/.venv/lib/python3.13/site-packages/packaging-24.2.dist-info
ADD INFO /Users/calum/Developer/GustoPunch/.venv/lib/python3.13/site-packages/packaging-24.2.dist-info
ADD INFO /Users/calum/Developer/GustoPunch/.venv/lib/python3.13/site-packages/packaging-24.2.dist-info
ADD INFO /Users/calum/Developer/GustoPunch/.venv/lib/python3.13/site-packages/packaging-24.2.dist-info
ADD INFO /Users/calum/Developer/GustoPunch/.venv/lib/python3.13/site-packages/packaging-24.2.dist-info
ADD INFO /Users/calum/Developer/GustoPunch/.venv/lib/python3.13/site-packages/packaging-24.2.dist-info
ADD INFO /Users/calum/Developer/GustoPunch/.venv/lib/python3.13/site-packages/packaging-24.2.dist-info
ADD INFO /Users/calum/Developer/GustoPunch/.venv/lib/python3.13/site-packages/packaging-24.2.dist-info
ADD INFO /Users/calum/Developer/GustoPunch/.venv/lib/python3.13/site-packages/packaging-24.2.dist-info
ADD INFO /Users/calum/Developer/GustoPunch/.venv/lib/python3.13/site-packages/packaging-24.2.dist-info
ADD INFO /Users/calum/Developer/GustoPunch/.venv/lib/python3.13/site-packages/packaging-24.2.dist-info
ADD INFO /Users/calum/Developer/GustoPunch/.venv/lib/python3.13/site-packages/packaging-24.2.dist-info
ADD INFO /Users/calum/Developer/GustoPunch/.venv/lib/python3.13/site-packages/packaging-24.2.dist-info
ADD INFO /Users/calum/Developer/GustoPunch/.venv/lib/python3.13/site-packages/packaging-24.2.dist-info
ADD INFO /Users/calum/Developer/GustoPunch/.venv/lib/python3.13/site-packages/packaging-24.2.dist-info
ADD INFO /Users/calum/Developer/GustoPunch/.venv/lib/python3.13/site-packages/packaging-24.2.dist-info
ADD INFO /Users/calum/Developer/GustoPunch/.venv/lib/python3.13/site-packages/setuptools-76.0.0.dist-info
ADD INFO /Users/calum/Developer/GustoPunch/.venv/lib/python3.13/site-packages/setuptools-76.0.0.dist-info
ADD INFO /Users/calum/Developer/GustoPunch/.venv/lib/python3.13/site-packages/setuptools-76.0.0.dist-info
ADD INFO /Users/calum/Developer/GustoPunch/.venv/lib/python3.13/site-packages/setuptools-76.0.0.dist-info
ADD INFO /Users/calum/Developer/GustoPunch/.venv/lib/python3.13/site-packages/setuptools-76.0.0.dist-info
ADD INFO /Users/calum/Developer/GustoPunch/.venv/lib/python3.13/site-packages/setuptools-76.0.0.dist-info
ADD INFO /Users/calum/Developer/GustoPunch/.venv/lib/python3.13/site-packages/setuptools-76.0.0.dist-info
ADD INFO /Users/calum/Developer/GustoPunch/.venv/lib/python3.13/site-packages/setuptools-76.0.0.dist-info
ADD INFO /Users/calum/Developer/GustoPunch/.venv/lib/python3.13/site-packages/requests-2.32.3.dist-info
ADD INFO /Users/calum/Developer/GustoPunch/.venv/lib/python3.13/site-packages/requests-2.32.3.dist-info
ADD INFO /Users/calum/Developer/GustoPunch/.venv/lib/python3.13/site-packages/requests-2.32.3.dist-info
ADD INFO /Users/calum/Developer/GustoPunch/.venv/lib/python3.13/site-packages/requests-2.32.3.dist-info
ADD INFO /Users/calum/Developer/GustoPunch/.venv/lib/python3.13/site-packages/requests-2.32.3.dist-info
ADD INFO /Users/calum/Developer/GustoPunch/.venv/lib/python3.13/site-packages/requests-2.32.3.dist-info
ADD INFO /Users/calum/Developer/GustoPunch/.venv/lib/python3.13/site-packages/requests-2.32.3.dist-info
ADD INFO /Users/calum/Developer/GustoPunch/.venv/lib/python3.13/site-packages/requests-2.32.3.dist-info
ADD INFO /Users/calum/Developer/GustoPunch/.venv/lib/python3.13/site-packages/requests-2.32.3.dist-info
ADD INFO /Users/calum/Developer/GustoPunch/.venv/lib/python3.13/site-packages/requests-2.32.3.dist-info
ADD INFO /Users/calum/Developer/GustoPunch/.venv/lib/python3.13/site-packages/requests-2.32.3.dist-info
ADD INFO /Users/calum/Developer/GustoPunch/.venv/lib/python3.13/site-packages/requests-2.32.3.dist-info
ADD INFO /Users/calum/Developer/GustoPunch/.venv/lib/python3.13/site-packages/requests-2.32.3.dist-info
ADD INFO /Users/calum/Developer/GustoPunch/.venv/lib/python3.13/site-packages/requests-2.32.3.dist-info
ADD INFO /Users/calum/Developer/GustoPunch/.venv/lib/python3.13/site-packages/requests-2.32.3.dist-info
ADD INFO /Users/calum/Developer/GustoPunch/.venv/lib/python3.13/site-packages/requests-2.32.3.dist-info
ADD INFO /Users/calum/Developer/GustoPunch/.venv/lib/python3.13/site-packages/requests-2.32.3.dist-info
ADD INFO /Users/calum/Developer/GustoPunch/.venv/lib/python3.13/site-packages/rumps-0.4.0.dist-info
ADD INFO /Users/calum/Developer/GustoPunch/.venv/lib/python3.13/site-packages/rumps-0.4.0.dist-info
ADD INFO /Users/calum/Developer/GustoPunch/.venv/lib/python3.13/site-packages/rumps-0.4.0.dist-info
ADD INFO /Users/calum/Developer/GustoPunch/.venv/lib/python3.13/site-packages/rumps-0.4.0.dist-info
ADD INFO /Users/calum/Developer/GustoPunch/.venv/lib/python3.13/site-packages/rumps-0.4.0.dist-info
ADD INFO /Users/calum/Developer/GustoPunch/.venv/lib/python3.13/site-packages/rumps-0.4.0.dist-info
ADD INFO /Users/calum/Developer/GustoPunch/.venv/lib/python3.13/site-packages/rumps-0.4.0.dist-info
ADD INFO /Users/calum/Developer/GustoPunch/.venv/lib/python3.13/site-packages/rumps-0.4.0.dist-info
ADD INFO /Users/calum/Developer/GustoPunch/.venv/lib/python3.13/site-packages/rumps-0.4.0.dist-info
ADD INFO /Users/calum/Developer/GustoPunch/.venv/lib/python3.13/site-packages/rumps-0.4.0.dist-info
ADD INFO /Users/calum/Developer/GustoPunch/.venv/lib/python3.13/site-packages/rumps-0.4.0.dist-info
ADD INFO /Users/calum/Developer/GustoPunch/.venv/lib/python3.13/site-packages/selenium-4.29.0.dist-info
ADD INFO /Users/calum/Developer/GustoPunch/.venv/lib/python3.13/site-packages/selenium-4.29.0.dist-info
ADD INFO /Users/calum/Developer/GustoPunch/.venv/lib/python3.13/site-packages/selenium-4.29.0.dist-info
ADD INFO /Users/calum/Developer/GustoPunch/.venv/lib/python3.13/site-packages/selenium-4.29.0.dist-info
ADD INFO /Users/calum/Developer/GustoPunch/.venv/lib/python3.13/site-packages/selenium-4.29.0.dist-info
ADD INFO /Users/calum/Developer/GustoPunch/.venv/lib/python3.13/site-packages/selenium-4.29.0.dist-info
ADD INFO /Users/calum/Developer/GustoPunch/.venv/lib/python3.13/site-packages/selenium-4.29.0.dist-info
ADD INFO /Users/calum/Developer/GustoPunch/.venv/lib/python3.13/site-packages/selenium-4.29.0.dist-info
ADD INFO /Users/calum/Developer/GustoPunch/.venv/lib/python3.13/site-packages/selenium-4.29.0.dist-info
ADD INFO /Users/calum/Developer/GustoPunch/.venv/lib/python3.13/site-packages/selenium-4.29.0.dist-info
ADD INFO /Users/calum/Developer/GustoPunch/.venv/lib/python3.13/site-packages/selenium-4.29.0.dist-info
ADD INFO /Users/calum/Developer/GustoPunch/.venv/lib/python3.13/site-packages/selenium-4.29.0.dist-info
ADD INFO /Users/calum/Developer/GustoPunch/.venv/lib/python3.13/site-packages/selenium-4.29.0.dist-info
ADD INFO /Users/calum/Developer/GustoPunch/.venv/lib/python3.13/site-packages/selenium-4.29.0.dist-info
ADD INFO /Users/calum/Developer/GustoPunch/.venv/lib/python3.13/site-packages/selenium-4.29.0.dist-info
ADD INFO /Users/calum/Developer/GustoPunch/.venv/lib/python3.13/site-packages/selenium-4.29.0.dist-info
ADD INFO /Users/calum/Developer/GustoPunch/.venv/lib/python3.13/site-packages/selenium-4.29.0.dist-info
ADD INFO /Users/calum/Developer/GustoPunch/.venv/lib/python3.13/site-packages/selenium-4.29.0.dist-info
ADD INFO /Users/calum/Developer/GustoPunch/.venv/lib/python3.13/site-packages/selenium-4.29.0.dist-info
ADD INFO /Users/calum/Developer/GustoPunch/.venv/lib/python3.13/site-packages/selenium-4.29.0.dist-info
ADD INFO /Users/calum/Developer/GustoPunch/.venv/lib/python3.13/site-packages/selenium-4.29.0.dist-info
ADD INFO /Users/calum/Developer/GustoPunch/.venv/lib/python3.13/site-packages/selenium-4.29.0.dist-info
ADD INFO /Users/calum/Developer/GustoPunch/.venv/lib/python3.13/site-packages/selenium-4.29.0.dist-info
ADD INFO /Users/calum/Developer/GustoPunch/.venv/lib/python3.13/site-packages/selenium-4.29.0.dist-info
ADD INFO /Users/calum/Developer/GustoPunch/.venv/lib/python3.13/site-packages/selenium-4.29.0.dist-info
ADD INFO /Users/calum/Developer/GustoPunch/.venv/lib/python3.13/site-packages/selenium-4.29.0.dist-info
ADD INFO /Users/calum/Developer/GustoPunch/.venv/lib/python3.13/site-packages/selenium-4.29.0.dist-info
ADD INFO /Users/calum/Developer/GustoPunch/.venv/lib/python3.13/site-packages/selenium-4.29.0.dist-info
ADD INFO /Users/calum/Developer/GustoPunch/.venv/lib/python3.13/site-packages/selenium-4.29.0.dist-info
ADD INFO /Users/calum/Developer/GustoPunch/.venv/lib/python3.13/site-packages/selenium-4.29.0.dist-info
ADD INFO /Users/calum/Developer/GustoPunch/.venv/lib/python3.13/site-packages/selenium-4.29.0.dist-info
ADD INFO /Users/calum/Developer/GustoPunch/.venv/lib/python3.13/site-packages/selenium-4.29.0.dist-info
ADD INFO /Users/calum/Developer/GustoPunch/.venv/lib/python3.13/site-packages/selenium-4.29.0.dist-info
ADD INFO /Users/calum/Developer/GustoPunch/.venv/lib/python3.13/site-packages/selenium-4.29.0.dist-info
ADD INFO /Users/calum/Developer/GustoPunch/.venv/lib/python3.13/site-packages/selenium-4.29.0.dist-info
ADD INFO /Users/calum/Developer/GustoPunch/.venv/lib/python3.13/site-packages/selenium-4.29.0.dist-info
ADD INFO /Users/calum/Developer/GustoPunch/.venv/lib/python3.13/site-packages/selenium-4.29.0.dist-info
ADD INFO /Users/calum/Developer/GustoPunch/.venv/lib/python3.13/site-packages/selenium-4.29.0.dist-info
ADD INFO /Users/calum/Developer/GustoPunch/.venv/lib/python3.13/site-packages/selenium-4.29.0.dist-info
ADD INFO /Users/calum/Developer/GustoPunch/.venv/lib/python3.13/site-packages/selenium-4.29.0.dist-info
ADD INFO /Users/calum/Developer/GustoPunch/.venv/lib/python3.13/site-packages/selenium-4.29.0.dist-info
ADD INFO /Users/calum/Developer/GustoPunch/.venv/lib/python3.13/site-packages/selenium-4.29.0.dist-info
ADD INFO /Users/calum/Developer/GustoPunch/.venv/lib/python3.13/site-packages/selenium-4.29.0.dist-info
ADD INFO /Users/calum/Developer/GustoPunch/.venv/lib/python3.13/site-packages/selenium-4.29.0.dist-info
ADD INFO /Users/calum/Developer/GustoPunch/.venv/lib/python3.13/site-packages/selenium-4.29.0.dist-info
ADD INFO /Users/calum/Developer/GustoPunch/.venv/lib/python3.13/site-packages/selenium-4.29.0.dist-info
ADD INFO /Users/calum/Developer/GustoPunch/.venv/lib/python3.13/site-packages/selenium-4.29.0.dist-info
ADD INFO /Users/calum/Developer/GustoPunch/.venv/lib/python3.13/site-packages/selenium-4.29.0.dist-info
ADD INFO /Users/calum/Developer/GustoPunch/.venv/lib/python3.13/site-packages/selenium-4.29.0.dist-info
ADD INFO /Users/calum/Developer/GustoPunch/.venv/lib/python3.13/site-packages/selenium-4.29.0.dist-info
ADD INFO /Users/calum/Developer/GustoPunch/.venv/lib/python3.13/site-packages/selenium-4.29.0.dist-info
ADD INFO /Users/calum/Developer/GustoPunch/.venv/lib/python3.13/site-packages/selenium-4.29.0.dist-info
ADD INFO /Users/calum/Developer/GustoPunch/.venv/lib/python3.13/site-packages/selenium-4.29.0.dist-info
ADD INFO /Users/calum/Developer/GustoPunch/.venv/lib/python3.13/site-packages/selenium-4.29.0.dist-info
ADD INFO /Users/calum/Developer/GustoPunch/.venv/lib/python3.13/site-packages/selenium-4.29.0.dist-info
ADD INFO /Users/calum/Developer/GustoPunch/.venv/lib/python3.13/site-packages/selenium-4.29.0.dist-info
ADD INFO /Users/calum/Developer/GustoPunch/.venv/lib/python3.13/site-packages/selenium-4.29.0.dist-info
ADD INFO /Users/calum/Developer/GustoPunch/.venv/lib/python3.13/site-packages/selenium-4.29.0.dist-info
ADD INFO /Users/calum/Developer/GustoPunch/.venv/lib/python3.13/site-packages/selenium-4.29.0.dist-info
ADD INFO /Users/calum/Developer/GustoPunch/.venv/lib/python3.13/site-packages/selenium-4.29.0.dist-info
ADD INFO /Users/calum/Developer/GustoPunch/.venv/lib/python3.13/site-packages/selenium-4.29.0.dist-info
ADD INFO /Users/calum/Developer/GustoPunch/.venv/lib/python3.13/site-packages/selenium-4.29.0.dist-info
ADD INFO /Users/calum/Developer/GustoPunch/.venv/lib/python3.13/site-packages/selenium-4.29.0.dist-info
ADD INFO /Users/calum/Developer/GustoPunch/.venv/lib/python3.13/site-packages/selenium-4.29.0.dist-info
ADD INFO /Users/calum/Developer/GustoPunch/.venv/lib/python3.13/site-packages/selenium-4.29.0.dist-info
ADD INFO /Users/calum/Developer/GustoPunch/.venv/lib/python3.13/site-packages/selenium-4.29.0.dist-info
ADD INFO /Users/calum/Developer/GustoPunch/.venv/lib/python3.13/site-packages/selenium-4.29.0.dist-info
ADD INFO /Users/calum/Developer/GustoPunch/.venv/lib/python3.13/site-packages/selenium-4.29.0.dist-info
ADD INFO /Users/calum/Developer/GustoPunch/.venv/lib/python3.13/site-packages/selenium-4.29.0.dist-info
ADD INFO /Users/calum/Developer/GustoPunch/.venv/lib/python3.13/site-packages/selenium-4.29.0.dist-info
ADD INFO /Users/calum/Developer/GustoPunch/.venv/lib/python3.13/site-packages/selenium-4.29.0.dist-info
ADD INFO /Users/calum/Developer/GustoPunch/.venv/lib/python3.13/site-packages/selenium-4.29.0.dist-info
ADD INFO /Users/calum/Developer/GustoPunch/.venv/lib/python3.13/site-packages/selenium-4.29.0.dist-info
ADD INFO /Users/calum/Developer/GustoPunch/.venv/lib/python3.13/site-packages/selenium-4.29.0.dist-info
ADD INFO /Users/calum/Developer/GustoPunch/.venv/lib/python3.13/site-packages/selenium-4.29.0.dist-info
ADD INFO /Users/calum/Developer/GustoPunch/.venv/lib/python3.13/site-packages/selenium-4.29.0.dist-info
ADD INFO /Users/calum/Developer/GustoPunch/.venv/lib/python3.13/site-packages/selenium-4.29.0.dist-info
ADD INFO /Users/calum/Developer/GustoPunch/.venv/lib/python3.13/site-packages/selenium-4.29.0.dist-info
ADD INFO /Users/calum/Developer/GustoPunch/.venv/lib/python3.13/site-packages/selenium-4.29.0.dist-info
ADD INFO /Users/calum/Developer/GustoPunch/.venv/lib/python3.13/site-packages/selenium-4.29.0.dist-info
ADD INFO /Users/calum/Developer/GustoPunch/.venv/lib/python3.13/site-packages/selenium-4.29.0.dist-info
ADD INFO /Users/calum/Developer/GustoPunch/.venv/lib/python3.13/site-packages/selenium-4.29.0.dist-info
ADD INFO /Users/calum/Developer/GustoPunch/.venv/lib/python3.13/site-packages/selenium-4.29.0.dist-info
ADD INFO /Users/calum/Developer/GustoPunch/.venv/lib/python3.13/site-packages/selenium-4.29.0.dist-info
ADD INFO /Users/calum/Developer/GustoPunch/.venv/lib/python3.13/site-packages/selenium-4.29.0.dist-info
ADD INFO /Users/calum/Developer/GustoPunch/.venv/lib/python3.13/site-packages/selenium-4.29.0.dist-info
ADD INFO /Users/calum/Developer/GustoPunch/.venv/lib/python3.13/site-packages/selenium-4.29.0.dist-info
ADD INFO /Users/calum/Developer/GustoPunch/.venv/lib/python3.13/site-packages/selenium-4.29.0.dist-info
ADD INFO /Users/calum/Developer/GustoPunch/.venv/lib/python3.13/site-packages/selenium-4.29.0.dist-info
ADD INFO /Users/calum/Developer/GustoPunch/.venv/lib/python3.13/site-packages/selenium-4.29.0.dist-info
ADD INFO /Users/calum/Developer/GustoPunch/.venv/lib/python3.13/site-packages/selenium-4.29.0.dist-info
ADD INFO /Users/calum/Developer/GustoPunch/.venv/lib/python3.13/site-packages/selenium-4.29.0.dist-info
ADD INFO /Users/calum/Developer/GustoPunch/.venv/lib/python3.13/site-packages/selenium-4.29.0.dist-info
ADD INFO /Users/calum/Developer/GustoPunch/.venv/lib/python3.13/site-packages/selenium-4.29.0.dist-info
ADD INFO /Users/calum/Developer/GustoPunch/.venv/lib/python3.13/site-packages/selenium-4.29.0.dist-info
ADD INFO /Users/calum/Developer/GustoPunch/.venv/lib/python3.13/site-packages/selenium-4.29.0.dist-info
ADD INFO /Users/calum/Developer/GustoPunch/.venv/lib/python3.13/site-packages/selenium-4.29.0.dist-info
ADD INFO /Users/calum/Developer/GustoPunch/.venv/lib/python3.13/site-packages/selenium-4.29.0.dist-info
ADD INFO /Users/calum/Developer/GustoPunch/.venv/lib/python3.13/site-packages/selenium-4.29.0.dist-info
ADD INFO /Users/calum/Developer/GustoPunch/.venv/lib/python3.13/site-packages/selenium-4.29.0.dist-info
ADD INFO /Users/calum/Developer/GustoPunch/.venv/lib/python3.13/site-packages/selenium-4.29.0.dist-info
ADD INFO /Users/calum/Developer/GustoPunch/.venv/lib/python3.13/site-packages/selenium-4.29.0.dist-info
ADD INFO /Users/calum/Developer/GustoPunch/.venv/lib/python3.13/site-packages/selenium-4.29.0.dist-info
ADD INFO /Users/calum/Developer/GustoPunch/.venv/lib/python3.13/site-packages/selenium-4.29.0.dist-info
ADD INFO /Users/calum/Developer/GustoPunch/.venv/lib/python3.13/site-packages/selenium-4.29.0.dist-info
ADD INFO /Users/calum/Developer/GustoPunch/.venv/lib/python3.13/site-packages/selenium-4.29.0.dist-info
ADD INFO /Users/calum/Developer/GustoPunch/.venv/lib/python3.13/site-packages/selenium-4.29.0.dist-info
ADD INFO /Users/calum/Developer/GustoPunch/.venv/lib/python3.13/site-packages/selenium-4.29.0.dist-info
ADD INFO /Users/calum/Developer/GustoPunch/.venv/lib/python3.13/site-packages/setuptools-76.0.0.dist-info
ADD INFO /Users/calum/Developer/GustoPunch/.venv/lib/python3.13/site-packages/setuptools-76.0.0.dist-info
ADD INFO /Users/calum/Developer/GustoPunch/.venv/lib/python3.13/site-packages/setuptools-76.0.0.dist-info
ADD INFO /Users/calum/Developer/GustoPunch/.venv/lib/python3.13/site-packages/setuptools-76.0.0.dist-info
ADD INFO /Users/calum/Developer/GustoPunch/.venv/lib/python3.13/site-packages/setuptools-76.0.0.dist-info
ADD INFO /Users/calum/Developer/GustoPunch/.venv/lib/python3.13/site-packages/setuptools-76.0.0.dist-info
ADD INFO /Users/calum/Developer/GustoPunch/.venv/lib/python3.13/site-packages/setuptools-76.0.0.dist-info
ADD INFO /Users/calum/Developer/GustoPunch/.venv/lib/python3.13/site-packages/setuptools-76.0.0.dist-info
ADD INFO /Users/calum/Developer/GustoPunch/.venv/lib/python3.13/site-packages/setuptools-76.0.0.dist-info
ADD INFO /Users/calum/Developer/GustoPunch/.venv/lib/python3.13/site-packages/setuptools-76.0.0.dist-info
ADD INFO /Users/calum/Developer/GustoPunch/.venv/lib/python3.13/site-packages/setuptools-76.0.0.dist-info
ADD INFO /Users/calum/Developer/GustoPunch/.venv/lib/python3.13/site-packages/setuptools-76.0.0.dist-info
ADD INFO /Users/calum/Developer/GustoPunch/.venv/lib/python3.13/site-packages/setuptools-76.0.0.dist-info
ADD INFO /Users/calum/Developer/GustoPunch/.venv/lib/python3.13/site-packages/setuptools-76.0.0.dist-info
ADD INFO /Users/calum/Developer/GustoPunch/.venv/lib/python3.13/site-packages/setuptools-76.0.0.dist-info
ADD INFO /Users/calum/Developer/GustoPunch/.venv/lib/python3.13/site-packages/setuptools-76.0.0.dist-info
ADD INFO /Users/calum/Developer/GustoPunch/.venv/lib/python3.13/site-packages/setuptools-76.0.0.dist-info
ADD INFO /Users/calum/Developer/GustoPunch/.venv/lib/python3.13/site-packages/setuptools-76.0.0.dist-info
ADD INFO /Users/calum/Developer/GustoPunch/.venv/lib/python3.13/site-packages/setuptools-76.0.0.dist-info
ADD INFO /Users/calum/Developer/GustoPunch/.venv/lib/python3.13/site-packages/setuptools-76.0.0.dist-info
ADD INFO /Users/calum/Developer/GustoPunch/.venv/lib/python3.13/site-packages/setuptools-76.0.0.dist-info
ADD INFO /Users/calum/Developer/GustoPunch/.venv/lib/python3.13/site-packages/setuptools-76.0.0.dist-info
ADD INFO /Users/calum/Developer/GustoPunch/.venv/lib/python3.13/site-packages/setuptools-76.0.0.dist-info
ADD INFO /Users/calum/Developer/GustoPunch/.venv/lib/python3.13/site-packages/setuptools-76.0.0.dist-info
ADD INFO /Users/calum/Developer/GustoPunch/.venv/lib/python3.13/site-packages/setuptools-76.0.0.dist-info
ADD INFO /Users/calum/Developer/GustoPunch/.venv/lib/python3.13/site-packages/setuptools-76.0.0.dist-info
ADD INFO /Users/calum/Developer/GustoPunch/.venv/lib/python3.13/site-packages/setuptools-76.0.0.dist-info
ADD INFO /Users/calum/Developer/GustoPunch/.venv/lib/python3.13/site-packages/setuptools-76.0.0.dist-info
ADD INFO /Users/calum/Developer/GustoPunch/.venv/lib/python3.13/site-packages/setuptools-76.0.0.dist-info
ADD INFO /Users/calum/Developer/GustoPunch/.venv/lib/python3.13/site-packages/setuptools-76.0.0.dist-info
ADD INFO /Users/calum/Developer/GustoPunch/.venv/lib/python3.13/site-packages/setuptools-76.0.0.dist-info
ADD INFO /Users/calum/Developer/GustoPunch/.venv/lib/python3.13/site-packages/setuptools-76.0.0.dist-info
ADD INFO /Users/calum/Developer/GustoPunch/.venv/lib/python3.13/site-packages/setuptools-76.0.0.dist-info
ADD INFO /Users/calum/Developer/GustoPunch/.venv/lib/python3.13/site-packages/setuptools-76.0.0.dist-info
ADD INFO /Users/calum/Developer/GustoPunch/.venv/lib/python3.13/site-packages/setuptools-76.0.0.dist-info
ADD INFO /Users/calum/Developer/GustoPunch/.venv/lib/python3.13/site-packages/setuptools-76.0.0.dist-info
ADD INFO /Users/calum/Developer/GustoPunch/.venv/lib/python3.13/site-packages/setuptools-76.0.0.dist-info
ADD INFO /Users/calum/Developer/GustoPunch/.venv/lib/python3.13/site-packages/setuptools-76.0.0.dist-info
ADD INFO /Users/calum/Developer/GustoPunch/.venv/lib/python3.13/site-packages/setuptools-76.0.0.dist-info
ADD INFO /Users/calum/Developer/GustoPunch/.venv/lib/python3.13/site-packages/setuptools-76.0.0.dist-info
ADD INFO /Users/calum/Developer/GustoPunch/.venv/lib/python3.13/site-packages/setuptools-76.0.0.dist-info
ADD INFO /Users/calum/Developer/GustoPunch/.venv/lib/python3.13/site-packages/setuptools-76.0.0.dist-info
ADD INFO /Users/calum/Developer/GustoPunch/.venv/lib/python3.13/site-packages/setuptools-76.0.0.dist-info
ADD INFO /Users/calum/Developer/GustoPunch/.venv/lib/python3.13/site-packages/setuptools-76.0.0.dist-info
ADD INFO /Users/calum/Developer/GustoPunch/.venv/lib/python3.13/site-packages/setuptools-76.0.0.dist-info
ADD INFO /Users/calum/Developer/GustoPunch/.venv/lib/python3.13/site-packages/setuptools-76.0.0.dist-info
ADD INFO /Users/calum/Developer/GustoPunch/.venv/lib/python3.13/site-packages/setuptools-76.0.0.dist-info
ADD INFO /Users/calum/Developer/GustoPunch/.venv/lib/python3.13/site-packages/setuptools-76.0.0.dist-info
ADD INFO /Users/calum/Developer/GustoPunch/.venv/lib/python3.13/site-packages/setuptools-76.0.0.dist-info
ADD INFO /Users/calum/Developer/GustoPunch/.venv/lib/python3.13/site-packages/setuptools-76.0.0.dist-info
ADD INFO /Users/calum/Developer/GustoPunch/.venv/lib/python3.13/site-packages/setuptools-76.0.0.dist-info
ADD INFO /Users/calum/Developer/GustoPunch/.venv/lib/python3.13/site-packages/setuptools-76.0.0.dist-info
ADD INFO /Users/calum/Developer/GustoPunch/.venv/lib/python3.13/site-packages/setuptools-76.0.0.dist-info
ADD INFO /Users/calum/Developer/GustoPunch/.venv/lib/python3.13/site-packages/setuptools-76.0.0.dist-info
ADD INFO /Users/calum/Developer/GustoPunch/.venv/lib/python3.13/site-packages/setuptools-76.0.0.dist-info
ADD INFO /Users/calum/Developer/GustoPunch/.venv/lib/python3.13/site-packages/setuptools-76.0.0.dist-info
ADD INFO /Users/calum/Developer/GustoPunch/.venv/lib/python3.13/site-packages/setuptools-76.0.0.dist-info
ADD INFO /Users/calum/Developer/GustoPunch/.venv/lib/python3.13/site-packages/setuptools-76.0.0.dist-info
ADD INFO /Users/calum/Developer/GustoPunch/.venv/lib/python3.13/site-packages/setuptools-76.0.0.dist-info
ADD INFO /Users/calum/Developer/GustoPunch/.venv/lib/python3.13/site-packages/setuptools-76.0.0.dist-info
ADD INFO /Users/calum/Developer/GustoPunch/.venv/lib/python3.13/site-packages/setuptools-76.0.0.dist-info
ADD INFO /Users/calum/Developer/GustoPunch/.venv/lib/python3.13/site-packages/setuptools-76.0.0.dist-info
ADD INFO /Users/calum/Developer/GustoPunch/.venv/lib/python3.13/site-packages/setuptools-76.0.0.dist-info
ADD INFO /Users/calum/Developer/GustoPunch/.venv/lib/python3.13/site-packages/setuptools-76.0.0.dist-info
ADD INFO /Users/calum/Developer/GustoPunch/.venv/lib/python3.13/site-packages/setuptools-76.0.0.dist-info
ADD INFO /Users/calum/Developer/GustoPunch/.venv/lib/python3.13/site-packages/setuptools-76.0.0.dist-info
ADD INFO /Users/calum/Developer/GustoPunch/.venv/lib/python3.13/site-packages/setuptools-76.0.0.dist-info
ADD INFO /Users/calum/Developer/GustoPunch/.venv/lib/python3.13/site-packages/setuptools-76.0.0.dist-info
ADD INFO /Users/calum/Developer/GustoPunch/.venv/lib/python3.13/site-packages/setuptools-76.0.0.dist-info
ADD INFO /Users/calum/Developer/GustoPunch/.venv/lib/python3.13/site-packages/setuptools-76.0.0.dist-info
ADD INFO /Users/calum/Developer/GustoPunch/.venv/lib/python3.13/site-packages/setuptools-76.0.0.dist-info
ADD INFO /Users/calum/Developer/GustoPunch/.venv/lib/python3.13/site-packages/setuptools-76.0.0.dist-info
ADD INFO /Users/calum/Developer/GustoPunch/.venv/lib/python3.13/site-packages/setuptools-76.0.0.dist-info
ADD INFO /Users/calum/Developer/GustoPunch/.venv/lib/python3.13/site-packages/setuptools-76.0.0.dist-info
ADD INFO /Users/calum/Developer/GustoPunch/.venv/lib/python3.13/site-packages/setuptools-76.0.0.dist-info
ADD INFO /Users/calum/Developer/GustoPunch/.venv/lib/python3.13/site-packages/setuptools-76.0.0.dist-info
ADD INFO /Users/calum/Developer/GustoPunch/.venv/lib/python3.13/site-packages/setuptools-76.0.0.dist-info
ADD INFO /Users/calum/Developer/GustoPunch/.venv/lib/python3.13/site-packages/setuptools-76.0.0.dist-info
ADD INFO /Users/calum/Developer/GustoPunch/.venv/lib/python3.13/site-packages/setuptools-76.0.0.dist-info
ADD INFO /Users/calum/Developer/GustoPunch/.venv/lib/python3.13/site-packages/setuptools-76.0.0.dist-info
ADD INFO /Users/calum/Developer/GustoPunch/.venv/lib/python3.13/site-packages/setuptools-76.0.0.dist-info
ADD INFO /Users/calum/Developer/GustoPunch/.venv/lib/python3.13/site-packages/setuptools-76.0.0.dist-info
ADD INFO /Users/calum/Developer/GustoPunch/.venv/lib/python3.13/site-packages/setuptools-76.0.0.dist-info
ADD INFO /Users/calum/Developer/GustoPunch/.venv/lib/python3.13/site-packages/setuptools-76.0.0.dist-info
ADD INFO /Users/calum/Developer/GustoPunch/.venv/lib/python3.13/site-packages/setuptools-76.0.0.dist-info
ADD INFO /Users/calum/Developer/GustoPunch/.venv/lib/python3.13/site-packages/setuptools-76.0.0.dist-info
ADD INFO /Users/calum/Developer/GustoPunch/.venv/lib/python3.13/site-packages/setuptools-76.0.0.dist-info
ADD INFO /Users/calum/Developer/GustoPunch/.venv/lib/python3.13/site-packages/setuptools-76.0.0.dist-info
ADD INFO /Users/calum/Developer/GustoPunch/.venv/lib/python3.13/site-packages/setuptools-76.0.0.dist-info
ADD INFO /Users/calum/Developer/GustoPunch/.venv/lib/python3.13/site-packages/setuptools-76.0.0.dist-info
ADD INFO /Users/calum/Developer/GustoPunch/.venv/lib/python3.13/site-packages/setuptools-76.0.0.dist-info
ADD INFO /Users/calum/Developer/GustoPunch/.venv/lib/python3.13/site-packages/setuptools-76.0.0.dist-info
ADD INFO /Users/calum/Developer/GustoPunch/.venv/lib/python3.13/site-packages/setuptools-76.0.0.dist-info
ADD INFO /Users/calum/Developer/GustoPunch/.venv/lib/python3.13/site-packages/setuptools-76.0.0.dist-info
ADD INFO /Users/calum/Developer/GustoPunch/.venv/lib/python3.13/site-packages/setuptools-76.0.0.dist-info
ADD INFO /Users/calum/Developer/GustoPunch/.venv/lib/python3.13/site-packages/setuptools-76.0.0.dist-info
ADD INFO /Users/calum/Developer/GustoPunch/.venv/lib/python3.13/site-packages/setuptools-76.0.0.dist-info
ADD INFO /Users/calum/Developer/GustoPunch/.venv/lib/python3.13/site-packages/setuptools-76.0.0.dist-info
ADD INFO /Users/calum/Developer/GustoPunch/.venv/lib/python3.13/site-packages/setuptools-76.0.0.dist-info
ADD INFO /Users/calum/Developer/GustoPunch/.venv/lib/python3.13/site-packages/setuptools-76.0.0.dist-info
ADD INFO /Users/calum/Developer/GustoPunch/.venv/lib/python3.13/site-packages/setuptools-76.0.0.dist-info
ADD INFO /Users/calum/Developer/GustoPunch/.venv/lib/python3.13/site-packages/setuptools-76.0.0.dist-info
ADD INFO /Users/calum/Developer/GustoPunch/.venv/lib/python3.13/site-packages/setuptools-76.0.0.dist-info
ADD INFO /Users/calum/Developer/GustoPunch/.venv/lib/python3.13/site-packages/setuptools-76.0.0.dist-info
ADD INFO /Users/calum/Developer/GustoPunch/.venv/lib/python3.13/site-packages/setuptools-76.0.0.dist-info
ADD INFO /Users/calum/Developer/GustoPunch/.venv/lib/python3.13/site-packages/setuptools/_vendor/backports.tarfile-1.2.0.dist-info
ADD INFO /Users/calum/Developer/GustoPunch/.venv/lib/python3.13/site-packages/setuptools/_vendor/backports.tarfile-1.2.0.dist-info
ADD INFO /Users/calum/Developer/GustoPunch/.venv/lib/python3.13/site-packages/setuptools/_vendor/backports.tarfile-1.2.0.dist-info
ADD INFO /Users/calum/Developer/GustoPunch/.venv/lib/python3.13/site-packages/setuptools/_vendor/backports.tarfile-1.2.0.dist-info
ADD INFO /Users/calum/Developer/GustoPunch/.venv/lib/python3.13/site-packages/setuptools/_vendor/importlib_metadata-8.0.0.dist-info
ADD INFO /Users/calum/Developer/GustoPunch/.venv/lib/python3.13/site-packages/setuptools/_vendor/importlib_metadata-8.0.0.dist-info
ADD INFO /Users/calum/Developer/GustoPunch/.venv/lib/python3.13/site-packages/setuptools/_vendor/importlib_metadata-8.0.0.dist-info
ADD INFO /Users/calum/Developer/GustoPunch/.venv/lib/python3.13/site-packages/setuptools/_vendor/importlib_metadata-8.0.0.dist-info
ADD INFO /Users/calum/Developer/GustoPunch/.venv/lib/python3.13/site-packages/setuptools/_vendor/importlib_metadata-8.0.0.dist-info
ADD INFO /Users/calum/Developer/GustoPunch/.venv/lib/python3.13/site-packages/setuptools/_vendor/importlib_metadata-8.0.0.dist-info
ADD INFO /Users/calum/Developer/GustoPunch/.venv/lib/python3.13/site-packages/setuptools/_vendor/importlib_metadata-8.0.0.dist-info
ADD INFO /Users/calum/Developer/GustoPunch/.venv/lib/python3.13/site-packages/setuptools/_vendor/importlib_metadata-8.0.0.dist-info
ADD INFO /Users/calum/Developer/GustoPunch/.venv/lib/python3.13/site-packages/setuptools/_vendor/importlib_metadata-8.0.0.dist-info
ADD INFO /Users/calum/Developer/GustoPunch/.venv/lib/python3.13/site-packages/setuptools/_vendor/importlib_metadata-8.0.0.dist-info
ADD INFO /Users/calum/Developer/GustoPunch/.venv/lib/python3.13/site-packages/setuptools/_vendor/importlib_metadata-8.0.0.dist-info
ADD INFO /Users/calum/Developer/GustoPunch/.venv/lib/python3.13/site-packages/setuptools/_vendor/jaraco.collections-5.1.0.dist-info
ADD INFO /Users/calum/Developer/GustoPunch/.venv/lib/python3.13/site-packages/setuptools/_vendor/jaraco.text-3.12.1.dist-info
ADD INFO /Users/calum/Developer/GustoPunch/.venv/lib/python3.13/site-packages/setuptools/_vendor/packaging-24.2.dist-info
ADD INFO /Users/calum/Developer/GustoPunch/.venv/lib/python3.13/site-packages/setuptools/_vendor/packaging-24.2.dist-info
ADD INFO /Users/calum/Developer/GustoPunch/.venv/lib/python3.13/site-packages/setuptools/_vendor/packaging-24.2.dist-info
ADD INFO /Users/calum/Developer/GustoPunch/.venv/lib/python3.13/site-packages/setuptools/_vendor/packaging-24.2.dist-info
ADD INFO /Users/calum/Developer/GustoPunch/.venv/lib/python3.13/site-packages/setuptools/_vendor/packaging-24.2.dist-info
ADD INFO /Users/calum/Developer/GustoPunch/.venv/lib/python3.13/site-packages/setuptools/_vendor/packaging-24.2.dist-info
ADD INFO /Users/calum/Developer/GustoPunch/.venv/lib/python3.13/site-packages/setuptools/_vendor/packaging-24.2.dist-info
ADD INFO /Users/calum/Developer/GustoPunch/.venv/lib/python3.13/site-packages/setuptools/_vendor/packaging-24.2.dist-info
ADD INFO /Users/calum/Developer/GustoPunch/.venv/lib/python3.13/site-packages/setuptools/_vendor/packaging-24.2.dist-info
ADD INFO /Users/calum/Developer/GustoPunch/.venv/lib/python3.13/site-packages/setuptools/_vendor/packaging-24.2.dist-info
ADD INFO /Users/calum/Developer/GustoPunch/.venv/lib/python3.13/site-packages/setuptools/_vendor/packaging-24.2.dist-info
ADD INFO /Users/calum/Developer/GustoPunch/.venv/lib/python3.13/site-packages/setuptools/_vendor/packaging-24.2.dist-info
ADD INFO /Users/calum/Developer/GustoPunch/.venv/lib/python3.13/site-packages/setuptools/_vendor/packaging-24.2.dist-info
ADD INFO /Users/calum/Developer/GustoPunch/.venv/lib/python3.13/site-packages/setuptools/_vendor/platformdirs-4.2.2.dist-info
ADD INFO /Users/calum/Developer/GustoPunch/.venv/lib/python3.13/site-packages/setuptools/_vendor/platformdirs-4.2.2.dist-info
ADD INFO /Users/calum/Developer/GustoPunch/.venv/lib/python3.13/site-packages/setuptools/_vendor/platformdirs-4.2.2.dist-info
ADD INFO /Users/calum/Developer/GustoPunch/.venv/lib/python3.13/site-packages/setuptools/_vendor/platformdirs-4.2.2.dist-info
ADD INFO /Users/calum/Developer/GustoPunch/.venv/lib/python3.13/site-packages/setuptools/_vendor/platformdirs-4.2.2.dist-info
ADD INFO /Users/calum/Developer/GustoPunch/.venv/lib/python3.13/site-packages/setuptools/_vendor/platformdirs-4.2.2.dist-info
ADD INFO /Users/calum/Developer/GustoPunch/.venv/lib/python3.13/site-packages/setuptools/_vendor/platformdirs-4.2.2.dist-info
ADD INFO /Users/calum/Developer/GustoPunch/.venv/lib/python3.13/site-packages/setuptools/_vendor/tomli-2.0.1.dist-info
ADD INFO /Users/calum/Developer/GustoPunch/.venv/lib/python3.13/site-packages/setuptools/_vendor/tomli-2.0.1.dist-info
ADD INFO /Users/calum/Developer/GustoPunch/.venv/lib/python3.13/site-packages/setuptools/_vendor/tomli-2.0.1.dist-info
ADD INFO /Users/calum/Developer/GustoPunch/.venv/lib/python3.13/site-packages/setuptools/_vendor/tomli-2.0.1.dist-info
ADD INFO /Users/calum/Developer/GustoPunch/.venv/lib/python3.13/site-packages/setuptools/_vendor/wheel-0.43.0.dist-info
ADD INFO /Users/calum/Developer/GustoPunch/.venv/lib/python3.13/site-packages/setuptools/_vendor/wheel-0.43.0.dist-info
ADD INFO /Users/calum/Developer/GustoPunch/.venv/lib/python3.13/site-packages/setuptools/_vendor/wheel-0.43.0.dist-info
ADD INFO /Users/calum/Developer/GustoPunch/.venv/lib/python3.13/site-packages/setuptools/_vendor/wheel-0.43.0.dist-info
ADD INFO /Users/calum/Developer/GustoPunch/.venv/lib/python3.13/site-packages/setuptools/_vendor/wheel-0.43.0.dist-info
ADD INFO /Users/calum/Developer/GustoPunch/.venv/lib/python3.13/site-packages/setuptools/_vendor/wheel-0.43.0.dist-info
ADD INFO /Users/calum/Developer/GustoPunch/.venv/lib/python3.13/site-packages/setuptools/_vendor/wheel-0.43.0.dist-info
ADD INFO /Users/calum/Developer/GustoPunch/.venv/lib/python3.13/site-packages/setuptools/_vendor/wheel-0.43.0.dist-info
ADD INFO /Users/calum/Developer/GustoPunch/.venv/lib/python3.13/site-packages/setuptools/_vendor/wheel-0.43.0.dist-info
ADD INFO /Users/calum/Developer/GustoPunch/.venv/lib/python3.13/site-packages/setuptools/_vendor/wheel-0.43.0.dist-info
ADD INFO /Users/calum/Developer/GustoPunch/.venv/lib/python3.13/site-packages/setuptools/_vendor/wheel-0.43.0.dist-info
ADD INFO /Users/calum/Developer/GustoPunch/.venv/lib/python3.13/site-packages/setuptools/_vendor/wheel-0.43.0.dist-info
ADD INFO /Users/calum/Developer/GustoPunch/.venv/lib/python3.13/site-packages/setuptools/_vendor/wheel-0.43.0.dist-info
ADD INFO /Users/calum/Developer/GustoPunch/.venv/lib/python3.13/site-packages/setuptools/_vendor/wheel-0.43.0.dist-info
ADD INFO /Users/calum/Developer/GustoPunch/.venv/lib/python3.13/site-packages/setuptools/_vendor/wheel-0.43.0.dist-info
ADD INFO /Users/calum/Developer/GustoPunch/.venv/lib/python3.13/site-packages/setuptools/_vendor/wheel-0.43.0.dist-info
ADD INFO /Users/calum/Developer/GustoPunch/.venv/lib/python3.13/site-packages/setuptools/_vendor/wheel-0.43.0.dist-info
ADD INFO /Users/calum/Developer/GustoPunch/.venv/lib/python3.13/site-packages/setuptools/_vendor/wheel-0.43.0.dist-info
ADD INFO /Users/calum/Developer/GustoPunch/.venv/lib/python3.13/site-packages/setuptools/_vendor/wheel-0.43.0.dist-info
ADD INFO /Users/calum/Developer/GustoPunch/.venv/lib/python3.13/site-packages/setuptools/_vendor/wheel-0.43.0.dist-info
ADD INFO /Users/calum/Developer/GustoPunch/.venv/lib/python3.13/site-packages/setuptools/_vendor/wheel-0.43.0.dist-info
ADD INFO /Users/calum/Developer/GustoPunch/.venv/lib/python3.13/site-packages/setuptools/_vendor/wheel-0.43.0.dist-info
ADD INFO /Users/calum/Developer/GustoPunch/.venv/lib/python3.13/site-packages/setuptools/_vendor/wheel-0.43.0.dist-info
ADD INFO /Users/calum/Developer/GustoPunch/.venv/lib/python3.13/site-packages/setuptools/_vendor/wheel-0.43.0.dist-info
ADD INFO /Users/calum/Developer/GustoPunch/.venv/lib/python3.13/site-packages/setuptools/_vendor/wheel-0.43.0.dist-info
ADD INFO /Users/calum/Developer/GustoPunch/.venv/lib/python3.13/site-packages/setuptools/_vendor/wheel-0.43.0.dist-info
ADD INFO /Users/calum/Developer/GustoPunch/.venv/lib/python3.13/site-packages/setuptools/_vendor/wheel-0.43.0.dist-info
ADD INFO /Users/calum/Developer/GustoPunch/.venv/lib/python3.13/site-packages/setuptools/_vendor/wheel-0.43.0.dist-info
ADD INFO /Users/calum/Developer/GustoPunch/.venv/lib/python3.13/site-packages/setuptools/_vendor/zipp-3.19.2.dist-info
ADD INFO /Users/calum/Developer/GustoPunch/.venv/lib/python3.13/site-packages/setuptools/_vendor/zipp-3.19.2.dist-info
ADD INFO /Users/calum/Developer/GustoPunch/.venv/lib/python3.13/site-packages/setuptools/_vendor/zipp-3.19.2.dist-info
ADD INFO /Users/calum/Developer/GustoPunch/.venv/lib/python3.13/site-packages/setuptools/_vendor/zipp-3.19.2.dist-info
ADD INFO /Users/calum/Developer/GustoPunch/.venv/lib/python3.13/site-packages/setuptools-76.0.0.dist-info
ADD INFO /Users/calum/Developer/GustoPunch/.venv/lib/python3.13/site-packages/setuptools-76.0.0.dist-info
ADD INFO /Users/calum/Developer/GustoPunch/.venv/lib/python3.13/site-packages/setuptools-76.0.0.dist-info
ADD INFO /Users/calum/Developer/GustoPunch/.venv/lib/python3.13/site-packages/setuptools-76.0.0.dist-info
ADD INFO /Users/calum/Developer/GustoPunch/.venv/lib/python3.13/site-packages/setuptools-76.0.0.dist-info
ADD INFO /Users/calum/Developer/GustoPunch/.venv/lib/python3.13/site-packages/setuptools-76.0.0.dist-info
ADD INFO /Users/calum/Developer/GustoPunch/.venv/lib/python3.13/site-packages/setuptools-76.0.0.dist-info
ADD INFO /Users/calum/Developer/GustoPunch/.venv/lib/python3.13/site-packages/setuptools-76.0.0.dist-info
ADD INFO /Users/calum/Developer/GustoPunch/.venv/lib/python3.13/site-packages/setuptools-76.0.0.dist-info
ADD INFO /Users/calum/Developer/GustoPunch/.venv/lib/python3.13/site-packages/setuptools-76.0.0.dist-info
ADD INFO /Users/calum/Developer/GustoPunch/.venv/lib/python3.13/site-packages/setuptools-76.0.0.dist-info
ADD INFO /Users/calum/Developer/GustoPunch/.venv/lib/python3.13/site-packages/setuptools-76.0.0.dist-info
ADD INFO /Users/calum/Developer/GustoPunch/.venv/lib/python3.13/site-packages/setuptools-76.0.0.dist-info
ADD INFO /Users/calum/Developer/GustoPunch/.venv/lib/python3.13/site-packages/setuptools-76.0.0.dist-info
ADD INFO /Users/calum/Developer/GustoPunch/.venv/lib/python3.13/site-packages/setuptools-76.0.0.dist-info
ADD INFO /Users/calum/Developer/GustoPunch/.venv/lib/python3.13/site-packages/setuptools-76.0.0.dist-info
ADD INFO /Users/calum/Developer/GustoPunch/.venv/lib/python3.13/site-packages/setuptools-76.0.0.dist-info
ADD INFO /Users/calum/Developer/GustoPunch/.venv/lib/python3.13/site-packages/setuptools-76.0.0.dist-info
ADD INFO /Users/calum/Developer/GustoPunch/.venv/lib/python3.13/site-packages/setuptools-76.0.0.dist-info
ADD INFO /Users/calum/Developer/GustoPunch/.venv/lib/python3.13/site-packages/setuptools-76.0.0.dist-info
ADD INFO /Users/calum/Developer/GustoPunch/.venv/lib/python3.13/site-packages/setuptools-76.0.0.dist-info
ADD INFO /Users/calum/Developer/GustoPunch/.venv/lib/python3.13/site-packages/setuptools-76.0.0.dist-info
ADD INFO /Users/calum/Developer/GustoPunch/.venv/lib/python3.13/site-packages/setuptools-76.0.0.dist-info
ADD INFO /Users/calum/Developer/GustoPunch/.venv/lib/python3.13/site-packages/setuptools-76.0.0.dist-info
ADD INFO /Users/calum/Developer/GustoPunch/.venv/lib/python3.13/site-packages/setuptools-76.0.0.dist-info
ADD INFO /Users/calum/Developer/GustoPunch/.venv/lib/python3.13/site-packages/setuptools-76.0.0.dist-info
ADD INFO /Users/calum/Developer/GustoPunch/.venv/lib/python3.13/site-packages/setuptools-76.0.0.dist-info
ADD INFO /Users/calum/Developer/GustoPunch/.venv/lib/python3.13/site-packages/setuptools-76.0.0.dist-info
ADD INFO /Users/calum/Developer/GustoPunch/.venv/lib/python3.13/site-packages/setuptools-76.0.0.dist-info
ADD INFO /Users/calum/Developer/GustoPunch/.venv/lib/python3.13/site-packages/setuptools-76.0.0.dist-info
ADD INFO /Users/calum/Developer/GustoPunch/.venv/lib/python3.13/site-packages/setuptools-76.0.0.dist-info
ADD INFO /Users/calum/Developer/GustoPunch/.venv/lib/python3.13/site-packages/setuptools-76.0.0.dist-info
ADD INFO /Users/calum/Developer/GustoPunch/.venv/lib/python3.13/site-packages/setuptools-76.0.0.dist-info
ADD INFO /Users/calum/Developer/GustoPunch/.venv/lib/python3.13/site-packages/setuptools-76.0.0.dist-info
ADD INFO /Users/calum/Developer/GustoPunch/.venv/lib/python3.13/site-packages/setuptools-76.0.0.dist-info
ADD INFO /Users/calum/Developer/GustoPunch/.venv/lib/python3.13/site-packages/setuptools-76.0.0.dist-info
ADD INFO /Users/calum/Developer/GustoPunch/.venv/lib/python3.13/site-packages/setuptools-76.0.0.dist-info
ADD INFO /Users/calum/Developer/GustoPunch/.venv/lib/python3.13/site-packages/setuptools-76.0.0.dist-info
ADD INFO /Users/calum/Developer/GustoPunch/.venv/lib/python3.13/site-packages/setuptools-76.0.0.dist-info
ADD INFO /Users/calum/Developer/GustoPunch/.venv/lib/python3.13/site-packages/setuptools-76.0.0.dist-info
ADD INFO /Users/calum/Developer/GustoPunch/.venv/lib/python3.13/site-packages/setuptools-76.0.0.dist-info
ADD INFO /Users/calum/Developer/GustoPunch/.venv/lib/python3.13/site-packages/setuptools-76.0.0.dist-info
ADD INFO /Users/calum/Developer/GustoPunch/.venv/lib/python3.13/site-packages/setuptools-76.0.0.dist-info
ADD INFO /Users/calum/Developer/GustoPunch/.venv/lib/python3.13/site-packages/setuptools-76.0.0.dist-info
ADD INFO /Users/calum/Developer/GustoPunch/.venv/lib/python3.13/site-packages/setuptools-76.0.0.dist-info
ADD INFO /Users/calum/Developer/GustoPunch/.venv/lib/python3.13/site-packages/setuptools-76.0.0.dist-info
ADD INFO /Users/calum/Developer/GustoPunch/.venv/lib/python3.13/site-packages/setuptools-76.0.0.dist-info
ADD INFO /Users/calum/Developer/GustoPunch/.venv/lib/python3.13/site-packages/setuptools-76.0.0.dist-info
ADD INFO /Users/calum/Developer/GustoPunch/.venv/lib/python3.13/site-packages/setuptools-76.0.0.dist-info
ADD INFO /Users/calum/Developer/GustoPunch/.venv/lib/python3.13/site-packages/setuptools-76.0.0.dist-info
ADD INFO /Users/calum/Developer/GustoPunch/.venv/lib/python3.13/site-packages/setuptools-76.0.0.dist-info
ADD INFO /Users/calum/Developer/GustoPunch/.venv/lib/python3.13/site-packages/setuptools-76.0.0.dist-info
ADD INFO /Users/calum/Developer/GustoPunch/.venv/lib/python3.13/site-packages/setuptools-76.0.0.dist-info
ADD INFO /Users/calum/Developer/GustoPunch/.venv/lib/python3.13/site-packages/setuptools-76.0.0.dist-info
ADD INFO /Users/calum/Developer/GustoPunch/.venv/lib/python3.13/site-packages/setuptools-76.0.0.dist-info
ADD INFO /Users/calum/Developer/GustoPunch/.venv/lib/python3.13/site-packages/setuptools-76.0.0.dist-info
ADD INFO /Users/calum/Developer/GustoPunch/.venv/lib/python3.13/site-packages/setuptools-76.0.0.dist-info
ADD INFO /Users/calum/Developer/GustoPunch/.venv/lib/python3.13/site-packages/setuptools-76.0.0.dist-info
ADD INFO /Users/calum/Developer/GustoPunch/.venv/lib/python3.13/site-packages/setuptools-76.0.0.dist-info
ADD INFO /Users/calum/Developer/GustoPunch/.venv/lib/python3.13/site-packages/setuptools-76.0.0.dist-info
ADD INFO /Users/calum/Developer/GustoPunch/.venv/lib/python3.13/site-packages/setuptools-76.0.0.dist-info
ADD INFO /Users/calum/Developer/GustoPunch/.venv/lib/python3.13/site-packages/setuptools-76.0.0.dist-info
ADD INFO /Users/calum/Developer/GustoPunch/.venv/lib/python3.13/site-packages/setuptools-76.0.0.dist-info
ADD INFO /Users/calum/Developer/GustoPunch/.venv/lib/python3.13/site-packages/setuptools-76.0.0.dist-info
ADD INFO /Users/calum/Developer/GustoPunch/.venv/lib/python3.13/site-packages/setuptools-76.0.0.dist-info
ADD INFO /Users/calum/Developer/GustoPunch/.venv/lib/python3.13/site-packages/setuptools-76.0.0.dist-info
ADD INFO /Users/calum/Developer/GustoPunch/.venv/lib/python3.13/site-packages/setuptools-76.0.0.dist-info
ADD INFO /Users/calum/Developer/GustoPunch/.venv/lib/python3.13/site-packages/setuptools-76.0.0.dist-info
ADD INFO /Users/calum/Developer/GustoPunch/.venv/lib/python3.13/site-packages/setuptools-76.0.0.dist-info
ADD INFO /Users/calum/Developer/GustoPunch/.venv/lib/python3.13/site-packages/setuptools-76.0.0.dist-info
ADD INFO /Users/calum/Developer/GustoPunch/.venv/lib/python3.13/site-packages/setuptools-76.0.0.dist-info
ADD INFO /Users/calum/Developer/GustoPunch/.venv/lib/python3.13/site-packages/setuptools-76.0.0.dist-info
ADD INFO /Users/calum/Developer/GustoPunch/.venv/lib/python3.13/site-packages/setuptools-76.0.0.dist-info
ADD INFO /Users/calum/Developer/GustoPunch/.venv/lib/python3.13/site-packages/setuptools-76.0.0.dist-info
ADD INFO /Users/calum/Developer/GustoPunch/.venv/lib/python3.13/site-packages/setuptools-76.0.0.dist-info
ADD INFO /Users/calum/Developer/GustoPunch/.venv/lib/python3.13/site-packages/setuptools-76.0.0.dist-info
ADD INFO /Users/calum/Developer/GustoPunch/.venv/lib/python3.13/site-packages/setuptools-76.0.0.dist-info
ADD INFO /Users/calum/Developer/GustoPunch/.venv/lib/python3.13/site-packages/setuptools-76.0.0.dist-info
ADD INFO /Users/calum/Developer/GustoPunch/.venv/lib/python3.13/site-packages/setuptools-76.0.0.dist-info
ADD INFO /Users/calum/Developer/GustoPunch/.venv/lib/python3.13/site-packages/setuptools-76.0.0.dist-info
ADD INFO /Users/calum/Developer/GustoPunch/.venv/lib/python3.13/site-packages/setuptools-76.0.0.dist-info
ADD INFO /Users/calum/Developer/GustoPunch/.venv/lib/python3.13/site-packages/setuptools-76.0.0.dist-info
ADD INFO /Users/calum/Developer/GustoPunch/.venv/lib/python3.13/site-packages/setuptools-76.0.0.dist-info
ADD INFO /Users/calum/Developer/GustoPunch/.venv/lib/python3.13/site-packages/setuptools-76.0.0.dist-info
ADD INFO /Users/calum/Developer/GustoPunch/.venv/lib/python3.13/site-packages/setuptools-76.0.0.dist-info
ADD INFO /Users/calum/Developer/GustoPunch/.venv/lib/python3.13/site-packages/setuptools-76.0.0.dist-info
ADD INFO /Users/calum/Developer/GustoPunch/.venv/lib/python3.13/site-packages/setuptools-76.0.0.dist-info
ADD INFO /Users/calum/Developer/GustoPunch/.venv/lib/python3.13/site-packages/setuptools-76.0.0.dist-info
ADD INFO /Users/calum/Developer/GustoPunch/.venv/lib/python3.13/site-packages/setuptools-76.0.0.dist-info
ADD INFO /Users/calum/Developer/GustoPunch/.venv/lib/python3.13/site-packages/setuptools-76.0.0.dist-info
ADD INFO /Users/calum/Developer/GustoPunch/.venv/lib/python3.13/site-packages/setuptools-76.0.0.dist-info
ADD INFO /Users/calum/Developer/GustoPunch/.venv/lib/python3.13/site-packages/setuptools-76.0.0.dist-info
ADD INFO /Users/calum/Developer/GustoPunch/.venv/lib/python3.13/site-packages/setuptools-76.0.0.dist-info
ADD INFO /Users/calum/Developer/GustoPunch/.venv/lib/python3.13/site-packages/setuptools-76.0.0.dist-info
ADD INFO /Users/calum/Developer/GustoPunch/.venv/lib/python3.13/site-packages/setuptools-76.0.0.dist-info
ADD INFO /Users/calum/Developer/GustoPunch/.venv/lib/python3.13/site-packages/setuptools-76.0.0.dist-info
ADD INFO /Users/calum/Developer/GustoPunch/.venv/lib/python3.13/site-packages/setuptools-76.0.0.dist-info
ADD INFO /Users/calum/Developer/GustoPunch/.venv/lib/python3.13/site-packages/setuptools-76.0.0.dist-info
ADD INFO /Users/calum/Developer/GustoPunch/.venv/lib/python3.13/site-packages/setuptools-76.0.0.dist-info
ADD INFO /Users/calum/Developer/GustoPunch/.venv/lib/python3.13/site-packages/setuptools-76.0.0.dist-info
ADD INFO /Users/calum/Developer/GustoPunch/.venv/lib/python3.13/site-packages/setuptools-76.0.0.dist-info
ADD INFO /Users/calum/Developer/GustoPunch/.venv/lib/python3.13/site-packages/setuptools-76.0.0.dist-info
ADD INFO /Users/calum/Developer/GustoPunch/.venv/lib/python3.13/site-packages/setuptools-76.0.0.dist-info
ADD INFO /Users/calum/Developer/GustoPunch/.venv/lib/python3.13/site-packages/setuptools-76.0.0.dist-info
ADD INFO /Users/calum/Developer/GustoPunch/.venv/lib/python3.13/site-packages/setuptools-76.0.0.dist-info
ADD INFO /Users/calum/Developer/GustoPunch/.venv/lib/python3.13/site-packages/setuptools-76.0.0.dist-info
ADD INFO /Users/calum/Developer/GustoPunch/.venv/lib/python3.13/site-packages/setuptools-76.0.0.dist-info
ADD INFO /Users/calum/Developer/GustoPunch/.venv/lib/python3.13/site-packages/setuptools-76.0.0.dist-info
ADD INFO /Users/calum/Developer/GustoPunch/.venv/lib/python3.13/site-packages/setuptools-76.0.0.dist-info
ADD INFO /Users/calum/Developer/GustoPunch/.venv/lib/python3.13/site-packages/setuptools-76.0.0.dist-info
ADD INFO /Users/calum/Developer/GustoPunch/.venv/lib/python3.13/site-packages/setuptools-76.0.0.dist-info
ADD INFO /Users/calum/Developer/GustoPunch/.venv/lib/python3.13/site-packages/setuptools-76.0.0.dist-info
ADD INFO /Users/calum/Developer/GustoPunch/.venv/lib/python3.13/site-packages/setuptools-76.0.0.dist-info
ADD INFO /Users/calum/Developer/GustoPunch/.venv/lib/python3.13/site-packages/setuptools-76.0.0.dist-info
ADD INFO /Users/calum/Developer/GustoPunch/.venv/lib/python3.13/site-packages/setuptools-76.0.0.dist-info
ADD INFO /Users/calum/Developer/GustoPunch/.venv/lib/python3.13/site-packages/setuptools-76.0.0.dist-info
ADD INFO /Users/calum/Developer/GustoPunch/.venv/lib/python3.13/site-packages/setuptools-76.0.0.dist-info
ADD INFO /Users/calum/Developer/GustoPunch/.venv/lib/python3.13/site-packages/setuptools-76.0.0.dist-info
ADD INFO /Users/calum/Developer/GustoPunch/.venv/lib/python3.13/site-packages/setuptools-76.0.0.dist-info
ADD INFO /Users/calum/Developer/GustoPunch/.venv/lib/python3.13/site-packages/setuptools-76.0.0.dist-info
ADD INFO /Users/calum/Developer/GustoPunch/.venv/lib/python3.13/site-packages/setuptools-76.0.0.dist-info
ADD INFO /Users/calum/Developer/GustoPunch/.venv/lib/python3.13/site-packages/setuptools-76.0.0.dist-info
ADD INFO /Users/calum/Developer/GustoPunch/.venv/lib/python3.13/site-packages/setuptools-76.0.0.dist-info
ADD INFO /Users/calum/Developer/GustoPunch/.venv/lib/python3.13/site-packages/sniffio-1.3.1.dist-info
ADD INFO /Users/calum/Developer/GustoPunch/.venv/lib/python3.13/site-packages/sniffio-1.3.1.dist-info
ADD INFO /Users/calum/Developer/GustoPunch/.venv/lib/python3.13/site-packages/sniffio-1.3.1.dist-info
ADD INFO /Users/calum/Developer/GustoPunch/.venv/lib/python3.13/site-packages/PySocks-1.7.1.dist-info
ADD INFO /Users/calum/Developer/GustoPunch/.venv/lib/python3.13/site-packages/sortedcontainers-2.4.0.dist-info
ADD INFO /Users/calum/Developer/GustoPunch/.venv/lib/python3.13/site-packages/sortedcontainers-2.4.0.dist-info
ADD INFO /Users/calum/Developer/GustoPunch/.venv/lib/python3.13/site-packages/sortedcontainers-2.4.0.dist-info
ADD INFO /Users/calum/Developer/GustoPunch/.venv/lib/python3.13/site-packages/sortedcontainers-2.4.0.dist-info
ADD INFO /Users/calum/Developer/GustoPunch/.venv/lib/python3.13/site-packages/trio-0.29.0.dist-info
ADD INFO /Users/calum/Developer/GustoPunch/.venv/lib/python3.13/site-packages/trio-0.29.0.dist-info
ADD INFO /Users/calum/Developer/GustoPunch/.venv/lib/python3.13/site-packages/trio-0.29.0.dist-info
ADD INFO /Users/calum/Developer/GustoPunch/.venv/lib/python3.13/site-packages/trio-0.29.0.dist-info
ADD INFO /Users/calum/Developer/GustoPunch/.venv/lib/python3.13/site-packages/trio-0.29.0.dist-info
ADD INFO /Users/calum/Developer/GustoPunch/.venv/lib/python3.13/site-packages/trio-0.29.0.dist-info
ADD INFO /Users/calum/Developer/GustoPunch/.venv/lib/python3.13/site-packages/trio-0.29.0.dist-info
ADD INFO /Users/calum/Developer/GustoPunch/.venv/lib/python3.13/site-packages/trio-0.29.0.dist-info
ADD INFO /Users/calum/Developer/GustoPunch/.venv/lib/python3.13/site-packages/trio-0.29.0.dist-info
ADD INFO /Users/calum/Developer/GustoPunch/.venv/lib/python3.13/site-packages/trio-0.29.0.dist-info
ADD INFO /Users/calum/Developer/GustoPunch/.venv/lib/python3.13/site-packages/trio-0.29.0.dist-info
ADD INFO /Users/calum/Developer/GustoPunch/.venv/lib/python3.13/site-packages/trio-0.29.0.dist-info
ADD INFO /Users/calum/Developer/GustoPunch/.venv/lib/python3.13/site-packages/trio-0.29.0.dist-info
ADD INFO /Users/calum/Developer/GustoPunch/.venv/lib/python3.13/site-packages/trio-0.29.0.dist-info
ADD INFO /Users/calum/Developer/GustoPunch/.venv/lib/python3.13/site-packages/trio-0.29.0.dist-info
ADD INFO /Users/calum/Developer/GustoPunch/.venv/lib/python3.13/site-packages/trio-0.29.0.dist-info
ADD INFO /Users/calum/Developer/GustoPunch/.venv/lib/python3.13/site-packages/trio-0.29.0.dist-info
ADD INFO /Users/calum/Developer/GustoPunch/.venv/lib/python3.13/site-packages/trio-0.29.0.dist-info
ADD INFO /Users/calum/Developer/GustoPunch/.venv/lib/python3.13/site-packages/trio-0.29.0.dist-info
ADD INFO /Users/calum/Developer/GustoPunch/.venv/lib/python3.13/site-packages/trio-0.29.0.dist-info
ADD INFO /Users/calum/Developer/GustoPunch/.venv/lib/python3.13/site-packages/trio-0.29.0.dist-info
ADD INFO /Users/calum/Developer/GustoPunch/.venv/lib/python3.13/site-packages/trio-0.29.0.dist-info
ADD INFO /Users/calum/Developer/GustoPunch/.venv/lib/python3.13/site-packages/trio-0.29.0.dist-info
ADD INFO /Users/calum/Developer/GustoPunch/.venv/lib/python3.13/site-packages/trio-0.29.0.dist-info
ADD INFO /Users/calum/Developer/GustoPunch/.venv/lib/python3.13/site-packages/trio-0.29.0.dist-info
ADD INFO /Users/calum/Developer/GustoPunch/.venv/lib/python3.13/site-packages/trio-0.29.0.dist-info
ADD INFO /Users/calum/Developer/GustoPunch/.venv/lib/python3.13/site-packages/trio-0.29.0.dist-info
ADD INFO /Users/calum/Developer/GustoPunch/.venv/lib/python3.13/site-packages/trio-0.29.0.dist-info
ADD INFO /Users/calum/Developer/GustoPunch/.venv/lib/python3.13/site-packages/trio-0.29.0.dist-info
ADD INFO /Users/calum/Developer/GustoPunch/.venv/lib/python3.13/site-packages/trio-0.29.0.dist-info
ADD INFO /Users/calum/Developer/GustoPunch/.venv/lib/python3.13/site-packages/trio-0.29.0.dist-info
ADD INFO /Users/calum/Developer/GustoPunch/.venv/lib/python3.13/site-packages/trio-0.29.0.dist-info
ADD INFO /Users/calum/Developer/GustoPunch/.venv/lib/python3.13/site-packages/trio-0.29.0.dist-info
ADD INFO /Users/calum/Developer/GustoPunch/.venv/lib/python3.13/site-packages/trio-0.29.0.dist-info
ADD INFO /Users/calum/Developer/GustoPunch/.venv/lib/python3.13/site-packages/trio-0.29.0.dist-info
ADD INFO /Users/calum/Developer/GustoPunch/.venv/lib/python3.13/site-packages/trio-0.29.0.dist-info
ADD INFO /Users/calum/Developer/GustoPunch/.venv/lib/python3.13/site-packages/trio-0.29.0.dist-info
ADD INFO /Users/calum/Developer/GustoPunch/.venv/lib/python3.13/site-packages/trio-0.29.0.dist-info
ADD INFO /Users/calum/Developer/GustoPunch/.venv/lib/python3.13/site-packages/trio-0.29.0.dist-info
ADD INFO /Users/calum/Developer/GustoPunch/.venv/lib/python3.13/site-packages/trio-0.29.0.dist-info
ADD INFO /Users/calum/Developer/GustoPunch/.venv/lib/python3.13/site-packages/trio-0.29.0.dist-info
ADD INFO /Users/calum/Developer/GustoPunch/.venv/lib/python3.13/site-packages/trio-0.29.0.dist-info
ADD INFO /Users/calum/Developer/GustoPunch/.venv/lib/python3.13/site-packages/trio-0.29.0.dist-info
ADD INFO /Users/calum/Developer/GustoPunch/.venv/lib/python3.13/site-packages/trio-0.29.0.dist-info
ADD INFO /Users/calum/Developer/GustoPunch/.venv/lib/python3.13/site-packages/trio-0.29.0.dist-info
ADD INFO /Users/calum/Developer/GustoPunch/.venv/lib/python3.13/site-packages/trio-0.29.0.dist-info
ADD INFO /Users/calum/Developer/GustoPunch/.venv/lib/python3.13/site-packages/trio-0.29.0.dist-info
ADD INFO /Users/calum/Developer/GustoPunch/.venv/lib/python3.13/site-packages/trio-0.29.0.dist-info
ADD INFO /Users/calum/Developer/GustoPunch/.venv/lib/python3.13/site-packages/trio-0.29.0.dist-info
ADD INFO /Users/calum/Developer/GustoPunch/.venv/lib/python3.13/site-packages/trio-0.29.0.dist-info
ADD INFO /Users/calum/Developer/GustoPunch/.venv/lib/python3.13/site-packages/trio-0.29.0.dist-info
ADD INFO /Users/calum/Developer/GustoPunch/.venv/lib/python3.13/site-packages/trio-0.29.0.dist-info
ADD INFO /Users/calum/Developer/GustoPunch/.venv/lib/python3.13/site-packages/trio-0.29.0.dist-info
ADD INFO /Users/calum/Developer/GustoPunch/.venv/lib/python3.13/site-packages/trio-0.29.0.dist-info
ADD INFO /Users/calum/Developer/GustoPunch/.venv/lib/python3.13/site-packages/trio-0.29.0.dist-info
ADD INFO /Users/calum/Developer/GustoPunch/.venv/lib/python3.13/site-packages/trio-0.29.0.dist-info
ADD INFO /Users/calum/Developer/GustoPunch/.venv/lib/python3.13/site-packages/trio-0.29.0.dist-info
ADD INFO /Users/calum/Developer/GustoPunch/.venv/lib/python3.13/site-packages/trio-0.29.0.dist-info
ADD INFO /Users/calum/Developer/GustoPunch/.venv/lib/python3.13/site-packages/trio-0.29.0.dist-info
ADD INFO /Users/calum/Developer/GustoPunch/.venv/lib/python3.13/site-packages/trio-0.29.0.dist-info
ADD INFO /Users/calum/Developer/GustoPunch/.venv/lib/python3.13/site-packages/trio-0.29.0.dist-info
ADD INFO /Users/calum/Developer/GustoPunch/.venv/lib/python3.13/site-packages/trio-0.29.0.dist-info
ADD INFO /Users/calum/Developer/GustoPunch/.venv/lib/python3.13/site-packages/trio-0.29.0.dist-info
ADD INFO /Users/calum/Developer/GustoPunch/.venv/lib/python3.13/site-packages/trio-0.29.0.dist-info
ADD INFO /Users/calum/Developer/GustoPunch/.venv/lib/python3.13/site-packages/trio-0.29.0.dist-info
ADD INFO /Users/calum/Developer/GustoPunch/.venv/lib/python3.13/site-packages/trio-0.29.0.dist-info
ADD INFO /Users/calum/Developer/GustoPunch/.venv/lib/python3.13/site-packages/trio-0.29.0.dist-info
ADD INFO /Users/calum/Developer/GustoPunch/.venv/lib/python3.13/site-packages/trio-0.29.0.dist-info
ADD INFO /Users/calum/Developer/GustoPunch/.venv/lib/python3.13/site-packages/trio-0.29.0.dist-info
ADD INFO /Users/calum/Developer/GustoPunch/.venv/lib/python3.13/site-packages/trio_websocket-0.12.2.dist-info
ADD INFO /Users/calum/Developer/GustoPunch/.venv/lib/python3.13/site-packages/trio_websocket-0.12.2.dist-info
ADD INFO /Users/calum/Developer/GustoPunch/.venv/lib/python3.13/site-packages/trio_websocket-0.12.2.dist-info
ADD INFO /Users/calum/Developer/GustoPunch/.venv/lib/python3.13/site-packages/typing_extensions-4.12.2.dist-info
ADD INFO /Users/calum/Developer/GustoPunch/.venv/lib/python3.13/site-packages/urllib3-2.3.0.dist-info
ADD INFO /Users/calum/Developer/GustoPunch/.venv/lib/python3.13/site-packages/urllib3-2.3.0.dist-info
ADD INFO /Users/calum/Developer/GustoPunch/.venv/lib/python3.13/site-packages/urllib3-2.3.0.dist-info
ADD INFO /Users/calum/Developer/GustoPunch/.venv/lib/python3.13/site-packages/urllib3-2.3.0.dist-info
ADD INFO /Users/calum/Developer/GustoPunch/.venv/lib/python3.13/site-packages/urllib3-2.3.0.dist-info
ADD INFO /Users/calum/Developer/GustoPunch/.venv/lib/python3.13/site-packages/urllib3-2.3.0.dist-info
ADD INFO /Users/calum/Developer/GustoPunch/.venv/lib/python3.13/site-packages/urllib3-2.3.0.dist-info
ADD INFO /Users/calum/Developer/GustoPunch/.venv/lib/python3.13/site-packages/urllib3-2.3.0.dist-info
ADD INFO /Users/calum/Developer/GustoPunch/.venv/lib/python3.13/site-packages/urllib3-2.3.0.dist-info
ADD INFO /Users/calum/Developer/GustoPunch/.venv/lib/python3.13/site-packages/urllib3-2.3.0.dist-info
ADD INFO /Users/calum/Developer/GustoPunch/.venv/lib/python3.13/site-packages/urllib3-2.3.0.dist-info
ADD INFO /Users/calum/Developer/GustoPunch/.venv/lib/python3.13/site-packages/urllib3-2.3.0.dist-info
ADD INFO /Users/calum/Developer/GustoPunch/.venv/lib/python3.13/site-packages/urllib3-2.3.0.dist-info
ADD INFO /Users/calum/Developer/GustoPunch/.venv/lib/python3.13/site-packages/urllib3-2.3.0.dist-info
ADD INFO /Users/calum/Developer/GustoPunch/.venv/lib/python3.13/site-packages/urllib3-2.3.0.dist-info
ADD INFO /Users/calum/Developer/GustoPunch/.venv/lib/python3.13/site-packages/urllib3-2.3.0.dist-info
ADD INFO /Users/calum/Developer/GustoPunch/.venv/lib/python3.13/site-packages/urllib3-2.3.0.dist-info
ADD INFO /Users/calum/Developer/GustoPunch/.venv/lib/python3.13/site-packages/urllib3-2.3.0.dist-info
ADD INFO /Users/calum/Developer/GustoPunch/.venv/lib/python3.13/site-packages/urllib3-2.3.0.dist-info
ADD INFO /Users/calum/Developer/GustoPunch/.venv/lib/python3.13/site-packages/urllib3-2.3.0.dist-info
ADD INFO /Users/calum/Developer/GustoPunch/.venv/lib/python3.13/site-packages/urllib3-2.3.0.dist-info
ADD INFO /Users/calum/Developer/GustoPunch/.venv/lib/python3.13/site-packages/urllib3-2.3.0.dist-info
ADD INFO /Users/calum/Developer/GustoPunch/.venv/lib/python3.13/site-packages/urllib3-2.3.0.dist-info
ADD INFO /Users/calum/Developer/GustoPunch/.venv/lib/python3.13/site-packages/urllib3-2.3.0.dist-info
ADD INFO /Users/calum/Developer/GustoPunch/.venv/lib/python3.13/site-packages/urllib3-2.3.0.dist-info
ADD INFO /Users/calum/Developer/GustoPunch/.venv/lib/python3.13/site-packages/urllib3-2.3.0.dist-info
ADD INFO /Users/calum/Developer/GustoPunch/.venv/lib/python3.13/site-packages/urllib3-2.3.0.dist-info
ADD INFO /Users/calum/Developer/GustoPunch/.venv/lib/python3.13/site-packages/urllib3-2.3.0.dist-info
ADD INFO /Users/calum/Developer/GustoPunch/.venv/lib/python3.13/site-packages/urllib3-2.3.0.dist-info
ADD INFO /Users/calum/Developer/GustoPunch/.venv/lib/python3.13/site-packages/urllib3-2.3.0.dist-info
ADD INFO /Users/calum/Developer/GustoPunch/.venv/lib/python3.13/site-packages/urllib3-2.3.0.dist-info
ADD INFO /Users/calum/Developer/GustoPunch/.venv/lib/python3.13/site-packages/urllib3-2.3.0.dist-info
ADD INFO /Users/calum/Developer/GustoPunch/.venv/lib/python3.13/site-packages/urllib3-2.3.0.dist-info
ADD INFO /Users/calum/Developer/GustoPunch/.venv/lib/python3.13/site-packages/urllib3-2.3.0.dist-info
ADD INFO /Users/calum/Developer/GustoPunch/.venv/lib/python3.13/site-packages/urllib3-2.3.0.dist-info
ADD INFO /Users/calum/Developer/GustoPunch/.venv/lib/python3.13/site-packages/urllib3-2.3.0.dist-info
ADD INFO /Users/calum/Developer/GustoPunch/.venv/lib/python3.13/site-packages/webdriver_manager-4.0.2.dist-info
ADD INFO /Users/calum/Developer/GustoPunch/.venv/lib/python3.13/site-packages/webdriver_manager-4.0.2.dist-info
ADD INFO /Users/calum/Developer/GustoPunch/.venv/lib/python3.13/site-packages/webdriver_manager-4.0.2.dist-info
ADD INFO /Users/calum/Developer/GustoPunch/.venv/lib/python3.13/site-packages/webdriver_manager-4.0.2.dist-info
ADD INFO /Users/calum/Developer/GustoPunch/.venv/lib/python3.13/site-packages/webdriver_manager-4.0.2.dist-info
ADD INFO /Users/calum/Developer/GustoPunch/.venv/lib/python3.13/site-packages/webdriver_manager-4.0.2.dist-info
ADD INFO /Users/calum/Developer/GustoPunch/.venv/lib/python3.13/site-packages/webdriver_manager-4.0.2.dist-info
ADD INFO /Users/calum/Developer/GustoPunch/.venv/lib/python3.13/site-packages/webdriver_manager-4.0.2.dist-info
ADD INFO /Users/calum/Developer/GustoPunch/.venv/lib/python3.13/site-packages/webdriver_manager-4.0.2.dist-info
ADD INFO /Users/calum/Developer/GustoPunch/.venv/lib/python3.13/site-packages/webdriver_manager-4.0.2.dist-info
ADD INFO /Users/calum/Developer/GustoPunch/.venv/lib/python3.13/site-packages/webdriver_manager-4.0.2.dist-info
ADD INFO /Users/calum/Developer/GustoPunch/.venv/lib/python3.13/site-packages/webdriver_manager-4.0.2.dist-info
ADD INFO /Users/calum/Developer/GustoPunch/.venv/lib/python3.13/site-packages/webdriver_manager-4.0.2.dist-info
ADD INFO /Users/calum/Developer/GustoPunch/.venv/lib/python3.13/site-packages/webdriver_manager-4.0.2.dist-info
ADD INFO /Users/calum/Developer/GustoPunch/.venv/lib/python3.13/site-packages/webdriver_manager-4.0.2.dist-info
ADD INFO /Users/calum/Developer/GustoPunch/.venv/lib/python3.13/site-packages/webdriver_manager-4.0.2.dist-info
ADD INFO /Users/calum/Developer/GustoPunch/.venv/lib/python3.13/site-packages/webdriver_manager-4.0.2.dist-info
ADD INFO /Users/calum/Developer/GustoPunch/.venv/lib/python3.13/site-packages/webdriver_manager-4.0.2.dist-info
ADD INFO /Users/calum/Developer/GustoPunch/.venv/lib/python3.13/site-packages/webdriver_manager-4.0.2.dist-info
ADD INFO /Users/calum/Developer/GustoPunch/.venv/lib/python3.13/site-packages/webdriver_manager-4.0.2.dist-info
ADD INFO /Users/calum/Developer/GustoPunch/.venv/lib/python3.13/site-packages/webdriver_manager-4.0.2.dist-info
ADD INFO /Users/calum/Developer/GustoPunch/.venv/lib/python3.13/site-packages/webdriver_manager-4.0.2.dist-info
ADD INFO /Users/calum/Developer/GustoPunch/.venv/lib/python3.13/site-packages/webdriver_manager-4.0.2.dist-info
ADD INFO /Users/calum/Developer/GustoPunch/.venv/lib/python3.13/site-packages/webdriver_manager-4.0.2.dist-info
ADD INFO /Users/calum/Developer/GustoPunch/.venv/lib/python3.13/site-packages/websocket_client-1.8.0.dist-info
ADD INFO /Users/calum/Developer/GustoPunch/.venv/lib/python3.13/site-packages/websocket_client-1.8.0.dist-info
ADD INFO /Users/calum/Developer/GustoPunch/.venv/lib/python3.13/site-packages/websocket_client-1.8.0.dist-info
ADD INFO /Users/calum/Developer/GustoPunch/.venv/lib/python3.13/site-packages/websocket_client-1.8.0.dist-info
ADD INFO /Users/calum/Developer/GustoPunch/.venv/lib/python3.13/site-packages/websocket_client-1.8.0.dist-info
ADD INFO /Users/calum/Developer/GustoPunch/.venv/lib/python3.13/site-packages/websocket_client-1.8.0.dist-info
ADD INFO /Users/calum/Developer/GustoPunch/.venv/lib/python3.13/site-packages/websocket_client-1.8.0.dist-info
ADD INFO /Users/calum/Developer/GustoPunch/.venv/lib/python3.13/site-packages/websocket_client-1.8.0.dist-info
ADD INFO /Users/calum/Developer/GustoPunch/.venv/lib/python3.13/site-packages/websocket_client-1.8.0.dist-info
ADD INFO /Users/calum/Developer/GustoPunch/.venv/lib/python3.13/site-packages/websocket_client-1.8.0.dist-info
ADD INFO /Users/calum/Developer/GustoPunch/.venv/lib/python3.13/site-packages/websocket_client-1.8.0.dist-info
ADD INFO /Users/calum/Developer/GustoPunch/.venv/lib/python3.13/site-packages/websocket_client-1.8.0.dist-info
ADD INFO /Users/calum/Developer/GustoPunch/.venv/lib/python3.13/site-packages/websocket_client-1.8.0.dist-info
ADD INFO /Users/calum/Developer/GustoPunch/.venv/lib/python3.13/site-packages/wsproto-1.2.0.dist-info
ADD INFO /Users/calum/Developer/GustoPunch/.venv/lib/python3.13/site-packages/wsproto-1.2.0.dist-info
ADD INFO /Users/calum/Developer/GustoPunch/.venv/lib/python3.13/site-packages/wsproto-1.2.0.dist-info
ADD INFO /Users/calum/Developer/GustoPunch/.venv/lib/python3.13/site-packages/wsproto-1.2.0.dist-info
ADD INFO /Users/calum/Developer/GustoPunch/.venv/lib/python3.13/site-packages/wsproto-1.2.0.dist-info
ADD INFO /Users/calum/Developer/GustoPunch/.venv/lib/python3.13/site-packages/wsproto-1.2.0.dist-info
ADD INFO /Users/calum/Developer/GustoPunch/.venv/lib/python3.13/site-packages/wsproto-1.2.0.dist-info
ADD INFO /Users/calum/Developer/GustoPunch/.venv/lib/python3.13/site-packages/wsproto-1.2.0.dist-info
ADD INFO /Users/calum/Developer/GustoPunch/.venv/lib/python3.13/site-packages/pyobjc_framework_Cocoa-11.0.dist-info
ADD INFO /Users/calum/Developer/GustoPunch/.venv/lib/python3.13/site-packages/pyobjc_framework_Cocoa-11.0.dist-info
ADD INFO /Users/calum/Developer/GustoPunch/.venv/lib/python3.13/site-packages/pyobjc_framework_Cocoa-11.0.dist-info
ADD INFO /Users/calum/Developer/GustoPunch/.venv/lib/python3.13/site-packages/pyobjc_framework_Cocoa-11.0.dist-info
ADD INFO /Users/calum/Developer/GustoPunch/.venv/lib/python3.13/site-packages/pyobjc_framework_Cocoa-11.0.dist-info
ADD INFO /Users/calum/Developer/GustoPunch/.venv/lib/python3.13/site-packages/pyobjc_framework_Cocoa-11.0.dist-info
ADD INFO /Users/calum/Developer/GustoPunch/.venv/lib/python3.13/site-packages/charset_normalizer-3.4.1.dist-info
ADD INFO /Users/calum/Developer/GustoPunch/.venv/lib/python3.13/site-packages/pyobjc_core-11.0.dist-info
ADD INFO /Users/calum/Developer/GustoPunch/.venv/lib/python3.13/site-packages/pyobjc_core-11.0.dist-info
creating /Users/calum/Developer/GustoPunch/build/bdist.macosx-15.0-arm64/python3.13-standalone/app/temp/AppKit
creating python loader for extension 'AppKit._AppKit'
creating python loader for extension 'AppKit._inlines'
creating /Users/calum/Developer/GustoPunch/build/bdist.macosx-15.0-arm64/python3.13-standalone/app/temp/CoreFoundation
creating python loader for extension 'CoreFoundation._CoreFoundation'
creating python loader for extension 'CoreFoundation._inlines'
creating /Users/calum/Developer/GustoPunch/build/bdist.macosx-15.0-arm64/python3.13-standalone/app/temp/Foundation
creating python loader for extension 'Foundation._Foundation'
creating python loader for extension 'Foundation._inlines'
creating /Users/calum/Developer/GustoPunch/build/bdist.macosx-15.0-arm64/python3.13-standalone/app/temp/charset_normalizer
creating python loader for extension 'charset_normalizer.md'
creating /Users/calum/Developer/GustoPunch/build/bdist.macosx-15.0-arm64/python3.13-standalone/app/temp/objc
creating python loader for extension 'objc._machsignals'
creating python loader for extension 'objc._objc'
*** byte compile python files ***
byte-compiling /Users/calum/Developer/GustoPunch/.venv/lib/python3.13/site-packages/AppKit/__init__.py to AppKit/__init__.pyc
creating /Users/calum/Developer/GustoPunch/build/bdist.macosx-15.0-arm64/python3.13-standalone/app/collect/AppKit
byte-compiling /Users/calum/Developer/GustoPunch/.venv/lib/python3.13/site-packages/AppKit/_metadata.py to AppKit/_metadata.pyc
byte-compiling /Users/calum/Developer/GustoPunch/.venv/lib/python3.13/site-packages/AppKit/_nsapp.py to AppKit/_nsapp.pyc
byte-compiling /Users/calum/Developer/GustoPunch/.venv/lib/python3.13/site-packages/CoreFoundation/__init__.py to CoreFoundation/__init__.pyc
creating /Users/calum/Developer/GustoPunch/build/bdist.macosx-15.0-arm64/python3.13-standalone/app/collect/CoreFoundation
byte-compiling /Users/calum/Developer/GustoPunch/.venv/lib/python3.13/site-packages/CoreFoundation/_metadata.py to CoreFoundation/_metadata.pyc
byte-compiling /Users/calum/Developer/GustoPunch/.venv/lib/python3.13/site-packages/CoreFoundation/_static.py to CoreFoundation/_static.pyc
byte-compiling /Users/calum/Developer/GustoPunch/.venv/lib/python3.13/site-packages/Foundation/__init__.py to Foundation/__init__.pyc
creating /Users/calum/Developer/GustoPunch/build/bdist.macosx-15.0-arm64/python3.13-standalone/app/collect/Foundation
byte-compiling /Users/calum/Developer/GustoPunch/.venv/lib/python3.13/site-packages/Foundation/_context.py to Foundation/_context.pyc
byte-compiling /Users/calum/Developer/GustoPunch/.venv/lib/python3.13/site-packages/Foundation/_functiondefines.py to Foundation/_functiondefines.pyc
byte-compiling /Users/calum/Developer/GustoPunch/.venv/lib/python3.13/site-packages/Foundation/_metadata.py to Foundation/_metadata.pyc
byte-compiling /Users/calum/Developer/GustoPunch/.venv/lib/python3.13/site-packages/Foundation/_nsindexset.py to Foundation/_nsindexset.pyc
byte-compiling /Users/calum/Developer/GustoPunch/.venv/lib/python3.13/site-packages/Foundation/_nsobject.py to Foundation/_nsobject.pyc
byte-compiling /Users/calum/Developer/GustoPunch/.venv/lib/python3.13/site-packages/Foundation/_nsurl.py to Foundation/_nsurl.pyc
byte-compiling /Users/calum/Developer/GustoPunch/.venv/lib/python3.13/site-packages/PyObjCTools/AppHelper.py to PyObjCTools/AppHelper.pyc
creating /Users/calum/Developer/GustoPunch/build/bdist.macosx-15.0-arm64/python3.13-standalone/app/collect/PyObjCTools
byte-compiling /Users/calum/Developer/GustoPunch/.venv/lib/python3.13/site-packages/PyObjCTools/KeyValueCoding.py to PyObjCTools/KeyValueCoding.pyc
byte-compiling /Users/calum/Developer/GustoPunch/.venv/lib/python3.13/site-packages/PyObjCTools/MachSignals.py to PyObjCTools/MachSignals.pyc
byte-compiling /Users/calum/Developer/GustoPunch/.venv/lib/python3.13/site-packages/_distutils_hack/__init__.py to _distutils_hack/__init__.pyc
creating /Users/calum/Developer/GustoPunch/build/bdist.macosx-15.0-arm64/python3.13-standalone/app/collect/_distutils_hack
byte-compiling /Users/calum/Developer/GustoPunch/.venv/lib/python3.13/site-packages/_distutils_hack/override.py to _distutils_hack/override.pyc
byte-compiling /Users/calum/Developer/GustoPunch/.venv/lib/python3.13/site-packages/attr/__init__.py to attr/__init__.pyc
creating /Users/calum/Developer/GustoPunch/build/bdist.macosx-15.0-arm64/python3.13-standalone/app/collect/attr
byte-compiling /Users/calum/Developer/GustoPunch/.venv/lib/python3.13/site-packages/attr/_cmp.py to attr/_cmp.pyc
byte-compiling /Users/calum/Developer/GustoPunch/.venv/lib/python3.13/site-packages/attr/_compat.py to attr/_compat.pyc
byte-compiling /Users/calum/Developer/GustoPunch/.venv/lib/python3.13/site-packages/attr/_config.py to attr/_config.pyc
byte-compiling /Users/calum/Developer/GustoPunch/.venv/lib/python3.13/site-packages/attr/_funcs.py to attr/_funcs.pyc
byte-compiling /Users/calum/Developer/GustoPunch/.venv/lib/python3.13/site-packages/attr/_make.py to attr/_make.pyc
byte-compiling /Users/calum/Developer/GustoPunch/.venv/lib/python3.13/site-packages/attr/_next_gen.py to attr/_next_gen.pyc
byte-compiling /Users/calum/Developer/GustoPunch/.venv/lib/python3.13/site-packages/attr/_version_info.py to attr/_version_info.pyc
byte-compiling /Users/calum/Developer/GustoPunch/.venv/lib/python3.13/site-packages/attr/converters.py to attr/converters.pyc
byte-compiling /Users/calum/Developer/GustoPunch/.venv/lib/python3.13/site-packages/attr/exceptions.py to attr/exceptions.pyc
byte-compiling /Users/calum/Developer/GustoPunch/.venv/lib/python3.13/site-packages/attr/filters.py to attr/filters.pyc
byte-compiling /Users/calum/Developer/GustoPunch/.venv/lib/python3.13/site-packages/attr/setters.py to attr/setters.pyc
byte-compiling /Users/calum/Developer/GustoPunch/.venv/lib/python3.13/site-packages/attr/validators.py to attr/validators.pyc
byte-compiling /Users/calum/Developer/GustoPunch/.venv/lib/python3.13/site-packages/attrs/__init__.py to attrs/__init__.pyc
creating /Users/calum/Developer/GustoPunch/build/bdist.macosx-15.0-arm64/python3.13-standalone/app/collect/attrs
byte-compiling /Users/calum/Developer/GustoPunch/.venv/lib/python3.13/site-packages/attrs/converters.py to attrs/converters.pyc
byte-compiling /Users/calum/Developer/GustoPunch/.venv/lib/python3.13/site-packages/attrs/exceptions.py to attrs/exceptions.pyc
byte-compiling /Users/calum/Developer/GustoPunch/.venv/lib/python3.13/site-packages/attrs/filters.py to attrs/filters.pyc
byte-compiling /Users/calum/Developer/GustoPunch/.venv/lib/python3.13/site-packages/attrs/setters.py to attrs/setters.pyc
byte-compiling /Users/calum/Developer/GustoPunch/.venv/lib/python3.13/site-packages/attrs/validators.py to attrs/validators.pyc
byte-compiling /Users/calum/Developer/GustoPunch/.venv/lib/python3.13/site-packages/charset_normalizer/__init__.py to charset_normalizer/__init__.pyc
creating /Users/calum/Developer/GustoPunch/build/bdist.macosx-15.0-arm64/python3.13-standalone/app/collect/charset_normalizer
byte-compiling /Users/calum/Developer/GustoPunch/.venv/lib/python3.13/site-packages/charset_normalizer/api.py to charset_normalizer/api.pyc
byte-compiling /Users/calum/Developer/GustoPunch/.venv/lib/python3.13/site-packages/charset_normalizer/cd.py to charset_normalizer/cd.pyc
byte-compiling /Users/calum/Developer/GustoPunch/.venv/lib/python3.13/site-packages/charset_normalizer/constant.py to charset_normalizer/constant.pyc
byte-compiling /Users/calum/Developer/GustoPunch/.venv/lib/python3.13/site-packages/charset_normalizer/legacy.py to charset_normalizer/legacy.pyc
byte-compiling /Users/calum/Developer/GustoPunch/.venv/lib/python3.13/site-packages/charset_normalizer/models.py to charset_normalizer/models.pyc
byte-compiling /Users/calum/Developer/GustoPunch/.venv/lib/python3.13/site-packages/charset_normalizer/utils.py to charset_normalizer/utils.pyc
byte-compiling /Users/calum/Developer/GustoPunch/.venv/lib/python3.13/site-packages/charset_normalizer/version.py to charset_normalizer/version.pyc
byte-compiling /Users/calum/Developer/GustoPunch/.venv/lib/python3.13/site-packages/h11/__init__.py to h11/__init__.pyc
creating /Users/calum/Developer/GustoPunch/build/bdist.macosx-15.0-arm64/python3.13-standalone/app/collect/h11
byte-compiling /Users/calum/Developer/GustoPunch/.venv/lib/python3.13/site-packages/h11/_abnf.py to h11/_abnf.pyc
byte-compiling /Users/calum/Developer/GustoPunch/.venv/lib/python3.13/site-packages/h11/_connection.py to h11/_connection.pyc
byte-compiling /Users/calum/Developer/GustoPunch/.venv/lib/python3.13/site-packages/h11/_events.py to h11/_events.pyc
byte-compiling /Users/calum/Developer/GustoPunch/.venv/lib/python3.13/site-packages/h11/_headers.py to h11/_headers.pyc
byte-compiling /Users/calum/Developer/GustoPunch/.venv/lib/python3.13/site-packages/h11/_readers.py to h11/_readers.pyc
byte-compiling /Users/calum/Developer/GustoPunch/.venv/lib/python3.13/site-packages/h11/_receivebuffer.py to h11/_receivebuffer.pyc
byte-compiling /Users/calum/Developer/GustoPunch/.venv/lib/python3.13/site-packages/h11/_state.py to h11/_state.pyc
byte-compiling /Users/calum/Developer/GustoPunch/.venv/lib/python3.13/site-packages/h11/_util.py to h11/_util.pyc
byte-compiling /Users/calum/Developer/GustoPunch/.venv/lib/python3.13/site-packages/h11/_version.py to h11/_version.pyc
byte-compiling /Users/calum/Developer/GustoPunch/.venv/lib/python3.13/site-packages/h11/_writers.py to h11/_writers.pyc
byte-compiling /Users/calum/Developer/GustoPunch/.venv/lib/python3.13/site-packages/idna/__init__.py to idna/__init__.pyc
creating /Users/calum/Developer/GustoPunch/build/bdist.macosx-15.0-arm64/python3.13-standalone/app/collect/idna
byte-compiling /Users/calum/Developer/GustoPunch/.venv/lib/python3.13/site-packages/idna/core.py to idna/core.pyc
byte-compiling /Users/calum/Developer/GustoPunch/.venv/lib/python3.13/site-packages/idna/idnadata.py to idna/idnadata.pyc
byte-compiling /Users/calum/Developer/GustoPunch/.venv/lib/python3.13/site-packages/idna/intranges.py to idna/intranges.pyc
byte-compiling /Users/calum/Developer/GustoPunch/.venv/lib/python3.13/site-packages/idna/package_data.py to idna/package_data.pyc
byte-compiling /Users/calum/Developer/GustoPunch/.venv/lib/python3.13/site-packages/idna/uts46data.py to idna/uts46data.pyc
byte-compiling /Users/calum/Developer/GustoPunch/.venv/lib/python3.13/site-packages/jaraco/classes/__init__.py to jaraco/classes/__init__.pyc
creating /Users/calum/Developer/GustoPunch/build/bdist.macosx-15.0-arm64/python3.13-standalone/app/collect/jaraco/classes
byte-compiling /Users/calum/Developer/GustoPunch/.venv/lib/python3.13/site-packages/jaraco/classes/properties.py to jaraco/classes/properties.pyc
byte-compiling /Users/calum/Developer/GustoPunch/.venv/lib/python3.13/site-packages/jaraco/context/__init__.py to jaraco/context/__init__.pyc
creating /Users/calum/Developer/GustoPunch/build/bdist.macosx-15.0-arm64/python3.13-standalone/app/collect/jaraco/context
byte-compiling /Users/calum/Developer/GustoPunch/.venv/lib/python3.13/site-packages/jaraco/functools/__init__.py to jaraco/functools/__init__.pyc
creating /Users/calum/Developer/GustoPunch/build/bdist.macosx-15.0-arm64/python3.13-standalone/app/collect/jaraco/functools
byte-compiling /Users/calum/Developer/GustoPunch/.venv/lib/python3.13/site-packages/more_itertools/__init__.py to more_itertools/__init__.pyc
creating /Users/calum/Developer/GustoPunch/build/bdist.macosx-15.0-arm64/python3.13-standalone/app/collect/more_itertools
byte-compiling /Users/calum/Developer/GustoPunch/.venv/lib/python3.13/site-packages/more_itertools/more.py to more_itertools/more.pyc
byte-compiling /Users/calum/Developer/GustoPunch/.venv/lib/python3.13/site-packages/more_itertools/recipes.py to more_itertools/recipes.pyc
byte-compiling /Users/calum/Developer/GustoPunch/.venv/lib/python3.13/site-packages/objc/__init__.py to objc/__init__.pyc
creating /Users/calum/Developer/GustoPunch/build/bdist.macosx-15.0-arm64/python3.13-standalone/app/collect/objc
byte-compiling /Users/calum/Developer/GustoPunch/.venv/lib/python3.13/site-packages/objc/_bridges.py to objc/_bridges.pyc
byte-compiling /Users/calum/Developer/GustoPunch/.venv/lib/python3.13/site-packages/objc/_bridgesupport.py to objc/_bridgesupport.pyc
byte-compiling /Users/calum/Developer/GustoPunch/.venv/lib/python3.13/site-packages/objc/_callable_docstr.py to objc/_callable_docstr.pyc
byte-compiling /Users/calum/Developer/GustoPunch/.venv/lib/python3.13/site-packages/objc/_category.py to objc/_category.pyc
byte-compiling /Users/calum/Developer/GustoPunch/.venv/lib/python3.13/site-packages/objc/_compat.py to objc/_compat.pyc
byte-compiling /Users/calum/Developer/GustoPunch/.venv/lib/python3.13/site-packages/objc/_context.py to objc/_context.pyc
byte-compiling /Users/calum/Developer/GustoPunch/.venv/lib/python3.13/site-packages/objc/_convenience.py to objc/_convenience.pyc
byte-compiling /Users/calum/Developer/GustoPunch/.venv/lib/python3.13/site-packages/objc/_convenience_mapping.py to objc/_convenience_mapping.pyc
byte-compiling /Users/calum/Developer/GustoPunch/.venv/lib/python3.13/site-packages/objc/_convenience_nsarray.py to objc/_convenience_nsarray.pyc
byte-compiling /Users/calum/Developer/GustoPunch/.venv/lib/python3.13/site-packages/objc/_convenience_nsdata.py to objc/_convenience_nsdata.pyc
byte-compiling /Users/calum/Developer/GustoPunch/.venv/lib/python3.13/site-packages/objc/_convenience_nsdecimal.py to objc/_convenience_nsdecimal.pyc
byte-compiling /Users/calum/Developer/GustoPunch/.venv/lib/python3.13/site-packages/objc/_convenience_nsdictionary.py to objc/_convenience_nsdictionary.pyc
byte-compiling /Users/calum/Developer/GustoPunch/.venv/lib/python3.13/site-packages/objc/_convenience_nsobject.py to objc/_convenience_nsobject.pyc
byte-compiling /Users/calum/Developer/GustoPunch/.venv/lib/python3.13/site-packages/objc/_convenience_nsset.py to objc/_convenience_nsset.pyc
byte-compiling /Users/calum/Developer/GustoPunch/.venv/lib/python3.13/site-packages/objc/_convenience_nsstring.py to objc/_convenience_nsstring.pyc
byte-compiling /Users/calum/Developer/GustoPunch/.venv/lib/python3.13/site-packages/objc/_convenience_sequence.py to objc/_convenience_sequence.pyc
byte-compiling /Users/calum/Developer/GustoPunch/.venv/lib/python3.13/site-packages/objc/_descriptors.py to objc/_descriptors.pyc
byte-compiling /Users/calum/Developer/GustoPunch/.venv/lib/python3.13/site-packages/objc/_dyld.py to objc/_dyld.pyc
byte-compiling /Users/calum/Developer/GustoPunch/.venv/lib/python3.13/site-packages/objc/_framework.py to objc/_framework.pyc
byte-compiling /Users/calum/Developer/GustoPunch/.venv/lib/python3.13/site-packages/objc/_informal_protocol.py to objc/_informal_protocol.pyc
byte-compiling /Users/calum/Developer/GustoPunch/.venv/lib/python3.13/site-packages/objc/_lazyimport.py to objc/_lazyimport.pyc
byte-compiling /Users/calum/Developer/GustoPunch/.venv/lib/python3.13/site-packages/objc/_locking.py to objc/_locking.pyc
byte-compiling /Users/calum/Developer/GustoPunch/.venv/lib/python3.13/site-packages/objc/_new.py to objc/_new.pyc
byte-compiling /Users/calum/Developer/GustoPunch/.venv/lib/python3.13/site-packages/objc/_properties.py to objc/_properties.pyc
byte-compiling /Users/calum/Developer/GustoPunch/.venv/lib/python3.13/site-packages/objc/_protocols.py to objc/_protocols.pyc
byte-compiling /Users/calum/Developer/GustoPunch/.venv/lib/python3.13/site-packages/objc/_pycoder.py to objc/_pycoder.pyc
byte-compiling /Users/calum/Developer/GustoPunch/.venv/lib/python3.13/site-packages/objc/_pythonify.py to objc/_pythonify.pyc
byte-compiling /Users/calum/Developer/GustoPunch/.venv/lib/python3.13/site-packages/objc/_structtype.py to objc/_structtype.pyc
byte-compiling /Users/calum/Developer/GustoPunch/.venv/lib/python3.13/site-packages/objc/_transform.py to objc/_transform.pyc
byte-compiling /Users/calum/Developer/GustoPunch/.venv/lib/python3.13/site-packages/outcome/__init__.py to outcome/__init__.pyc
creating /Users/calum/Developer/GustoPunch/build/bdist.macosx-15.0-arm64/python3.13-standalone/app/collect/outcome
byte-compiling /Users/calum/Developer/GustoPunch/.venv/lib/python3.13/site-packages/outcome/_impl.py to outcome/_impl.pyc
byte-compiling /Users/calum/Developer/GustoPunch/.venv/lib/python3.13/site-packages/outcome/_util.py to outcome/_util.pyc
byte-compiling /Users/calum/Developer/GustoPunch/.venv/lib/python3.13/site-packages/outcome/_version.py to outcome/_version.pyc
byte-compiling /Users/calum/Developer/GustoPunch/.venv/lib/python3.13/site-packages/packaging/__init__.py to packaging/__init__.pyc
creating /Users/calum/Developer/GustoPunch/build/bdist.macosx-15.0-arm64/python3.13-standalone/app/collect/packaging
byte-compiling /Users/calum/Developer/GustoPunch/.venv/lib/python3.13/site-packages/packaging/_elffile.py to packaging/_elffile.pyc
byte-compiling /Users/calum/Developer/GustoPunch/.venv/lib/python3.13/site-packages/packaging/_manylinux.py to packaging/_manylinux.pyc
byte-compiling /Users/calum/Developer/GustoPunch/.venv/lib/python3.13/site-packages/packaging/_musllinux.py to packaging/_musllinux.pyc
byte-compiling /Users/calum/Developer/GustoPunch/.venv/lib/python3.13/site-packages/packaging/_parser.py to packaging/_parser.pyc
byte-compiling /Users/calum/Developer/GustoPunch/.venv/lib/python3.13/site-packages/packaging/_structures.py to packaging/_structures.pyc
byte-compiling /Users/calum/Developer/GustoPunch/.venv/lib/python3.13/site-packages/packaging/_tokenizer.py to packaging/_tokenizer.pyc
byte-compiling /Users/calum/Developer/GustoPunch/.venv/lib/python3.13/site-packages/packaging/licenses/__init__.py to packaging/licenses/__init__.pyc
creating /Users/calum/Developer/GustoPunch/build/bdist.macosx-15.0-arm64/python3.13-standalone/app/collect/packaging/licenses
byte-compiling /Users/calum/Developer/GustoPunch/.venv/lib/python3.13/site-packages/packaging/licenses/_spdx.py to packaging/licenses/_spdx.pyc
byte-compiling /Users/calum/Developer/GustoPunch/.venv/lib/python3.13/site-packages/packaging/markers.py to packaging/markers.pyc
byte-compiling /Users/calum/Developer/GustoPunch/.venv/lib/python3.13/site-packages/packaging/metadata.py to packaging/metadata.pyc
byte-compiling /Users/calum/Developer/GustoPunch/.venv/lib/python3.13/site-packages/packaging/requirements.py to packaging/requirements.pyc
byte-compiling /Users/calum/Developer/GustoPunch/.venv/lib/python3.13/site-packages/packaging/specifiers.py to packaging/specifiers.pyc
byte-compiling /Users/calum/Developer/GustoPunch/.venv/lib/python3.13/site-packages/packaging/tags.py to packaging/tags.pyc
byte-compiling /Users/calum/Developer/GustoPunch/.venv/lib/python3.13/site-packages/packaging/utils.py to packaging/utils.pyc
byte-compiling /Users/calum/Developer/GustoPunch/.venv/lib/python3.13/site-packages/packaging/version.py to packaging/version.pyc
byte-compiling /Users/calum/Developer/GustoPunch/.venv/lib/python3.13/site-packages/requests/__init__.py to requests/__init__.pyc
creating /Users/calum/Developer/GustoPunch/build/bdist.macosx-15.0-arm64/python3.13-standalone/app/collect/requests
byte-compiling /Users/calum/Developer/GustoPunch/.venv/lib/python3.13/site-packages/requests/__version__.py to requests/__version__.pyc
byte-compiling /Users/calum/Developer/GustoPunch/.venv/lib/python3.13/site-packages/requests/_internal_utils.py to requests/_internal_utils.pyc
byte-compiling /Users/calum/Developer/GustoPunch/.venv/lib/python3.13/site-packages/requests/adapters.py to requests/adapters.pyc
byte-compiling /Users/calum/Developer/GustoPunch/.venv/lib/python3.13/site-packages/requests/api.py to requests/api.pyc
byte-compiling /Users/calum/Developer/GustoPunch/.venv/lib/python3.13/site-packages/requests/auth.py to requests/auth.pyc
byte-compiling /Users/calum/Developer/GustoPunch/.venv/lib/python3.13/site-packages/requests/certs.py to requests/certs.pyc
byte-compiling /Users/calum/Developer/GustoPunch/.venv/lib/python3.13/site-packages/requests/compat.py to requests/compat.pyc
byte-compiling /Users/calum/Developer/GustoPunch/.venv/lib/python3.13/site-packages/requests/cookies.py to requests/cookies.pyc
byte-compiling /Users/calum/Developer/GustoPunch/.venv/lib/python3.13/site-packages/requests/exceptions.py to requests/exceptions.pyc
byte-compiling /Users/calum/Developer/GustoPunch/.venv/lib/python3.13/site-packages/requests/hooks.py to requests/hooks.pyc
byte-compiling /Users/calum/Developer/GustoPunch/.venv/lib/python3.13/site-packages/requests/models.py to requests/models.pyc
byte-compiling /Users/calum/Developer/GustoPunch/.venv/lib/python3.13/site-packages/requests/packages.py to requests/packages.pyc
byte-compiling /Users/calum/Developer/GustoPunch/.venv/lib/python3.13/site-packages/requests/sessions.py to requests/sessions.pyc
byte-compiling /Users/calum/Developer/GustoPunch/.venv/lib/python3.13/site-packages/requests/status_codes.py to requests/status_codes.pyc
byte-compiling /Users/calum/Developer/GustoPunch/.venv/lib/python3.13/site-packages/requests/structures.py to requests/structures.pyc
byte-compiling /Users/calum/Developer/GustoPunch/.venv/lib/python3.13/site-packages/requests/utils.py to requests/utils.pyc
byte-compiling /Users/calum/Developer/GustoPunch/.venv/lib/python3.13/site-packages/sniffio/__init__.py to sniffio/__init__.pyc
creating /Users/calum/Developer/GustoPunch/build/bdist.macosx-15.0-arm64/python3.13-standalone/app/collect/sniffio
byte-compiling /Users/calum/Developer/GustoPunch/.venv/lib/python3.13/site-packages/sniffio/_impl.py to sniffio/_impl.pyc
byte-compiling /Users/calum/Developer/GustoPunch/.venv/lib/python3.13/site-packages/sniffio/_version.py to sniffio/_version.pyc
byte-compiling /Users/calum/Developer/GustoPunch/.venv/lib/python3.13/site-packages/socks.py to socks.pyc
byte-compiling /Users/calum/Developer/GustoPunch/.venv/lib/python3.13/site-packages/sortedcontainers/__init__.py to sortedcontainers/__init__.pyc
creating /Users/calum/Developer/GustoPunch/build/bdist.macosx-15.0-arm64/python3.13-standalone/app/collect/sortedcontainers
byte-compiling /Users/calum/Developer/GustoPunch/.venv/lib/python3.13/site-packages/sortedcontainers/sorteddict.py to sortedcontainers/sorteddict.pyc
byte-compiling /Users/calum/Developer/GustoPunch/.venv/lib/python3.13/site-packages/sortedcontainers/sortedlist.py to sortedcontainers/sortedlist.pyc
byte-compiling /Users/calum/Developer/GustoPunch/.venv/lib/python3.13/site-packages/sortedcontainers/sortedset.py to sortedcontainers/sortedset.pyc
byte-compiling /Users/calum/Developer/GustoPunch/.venv/lib/python3.13/site-packages/trio/__init__.py to trio/__init__.pyc
creating /Users/calum/Developer/GustoPunch/build/bdist.macosx-15.0-arm64/python3.13-standalone/app/collect/trio
byte-compiling /Users/calum/Developer/GustoPunch/.venv/lib/python3.13/site-packages/trio/_abc.py to trio/_abc.pyc
byte-compiling /Users/calum/Developer/GustoPunch/.venv/lib/python3.13/site-packages/trio/_channel.py to trio/_channel.pyc
byte-compiling /Users/calum/Developer/GustoPunch/.venv/lib/python3.13/site-packages/trio/_core/__init__.py to trio/_core/__init__.pyc
creating /Users/calum/Developer/GustoPunch/build/bdist.macosx-15.0-arm64/python3.13-standalone/app/collect/trio/_core
byte-compiling /Users/calum/Developer/GustoPunch/.venv/lib/python3.13/site-packages/trio/_core/_asyncgens.py to trio/_core/_asyncgens.pyc
byte-compiling /Users/calum/Developer/GustoPunch/.venv/lib/python3.13/site-packages/trio/_core/_concat_tb.py to trio/_core/_concat_tb.pyc
byte-compiling /Users/calum/Developer/GustoPunch/.venv/lib/python3.13/site-packages/trio/_core/_entry_queue.py to trio/_core/_entry_queue.pyc
byte-compiling /Users/calum/Developer/GustoPunch/.venv/lib/python3.13/site-packages/trio/_core/_exceptions.py to trio/_core/_exceptions.pyc
byte-compiling /Users/calum/Developer/GustoPunch/.venv/lib/python3.13/site-packages/trio/_core/_generated_instrumentation.py to trio/_core/_generated_instrumentation.pyc
byte-compiling /Users/calum/Developer/GustoPunch/.venv/lib/python3.13/site-packages/trio/_core/_generated_io_epoll.py to trio/_core/_generated_io_epoll.pyc
byte-compiling /Users/calum/Developer/GustoPunch/.venv/lib/python3.13/site-packages/trio/_core/_generated_io_kqueue.py to trio/_core/_generated_io_kqueue.pyc
byte-compiling /Users/calum/Developer/GustoPunch/.venv/lib/python3.13/site-packages/trio/_core/_generated_io_windows.py to trio/_core/_generated_io_windows.pyc
byte-compiling /Users/calum/Developer/GustoPunch/.venv/lib/python3.13/site-packages/trio/_core/_generated_run.py to trio/_core/_generated_run.pyc
byte-compiling /Users/calum/Developer/GustoPunch/.venv/lib/python3.13/site-packages/trio/_core/_instrumentation.py to trio/_core/_instrumentation.pyc
byte-compiling /Users/calum/Developer/GustoPunch/.venv/lib/python3.13/site-packages/trio/_core/_io_common.py to trio/_core/_io_common.pyc
byte-compiling /Users/calum/Developer/GustoPunch/.venv/lib/python3.13/site-packages/trio/_core/_io_epoll.py to trio/_core/_io_epoll.pyc
byte-compiling /Users/calum/Developer/GustoPunch/.venv/lib/python3.13/site-packages/trio/_core/_io_kqueue.py to trio/_core/_io_kqueue.pyc
byte-compiling /Users/calum/Developer/GustoPunch/.venv/lib/python3.13/site-packages/trio/_core/_io_windows.py to trio/_core/_io_windows.pyc
byte-compiling /Users/calum/Developer/GustoPunch/.venv/lib/python3.13/site-packages/trio/_core/_ki.py to trio/_core/_ki.pyc
byte-compiling /Users/calum/Developer/GustoPunch/.venv/lib/python3.13/site-packages/trio/_core/_local.py to trio/_core/_local.pyc
byte-compiling /Users/calum/Developer/GustoPunch/.venv/lib/python3.13/site-packages/trio/_core/_mock_clock.py to trio/_core/_mock_clock.pyc
byte-compiling /Users/calum/Developer/GustoPunch/.venv/lib/python3.13/site-packages/trio/_core/_parking_lot.py to trio/_core/_parking_lot.pyc
byte-compiling /Users/calum/Developer/GustoPunch/.venv/lib/python3.13/site-packages/trio/_core/_run.py to trio/_core/_run.pyc
byte-compiling /Users/calum/Developer/GustoPunch/.venv/lib/python3.13/site-packages/trio/_core/_run_context.py to trio/_core/_run_context.pyc
byte-compiling /Users/calum/Developer/GustoPunch/.venv/lib/python3.13/site-packages/trio/_core/_thread_cache.py to trio/_core/_thread_cache.pyc
byte-compiling /Users/calum/Developer/GustoPunch/.venv/lib/python3.13/site-packages/trio/_core/_traps.py to trio/_core/_traps.pyc
byte-compiling /Users/calum/Developer/GustoPunch/.venv/lib/python3.13/site-packages/trio/_core/_unbounded_queue.py to trio/_core/_unbounded_queue.pyc
byte-compiling /Users/calum/Developer/GustoPunch/.venv/lib/python3.13/site-packages/trio/_core/_wakeup_socketpair.py to trio/_core/_wakeup_socketpair.pyc
byte-compiling /Users/calum/Developer/GustoPunch/.venv/lib/python3.13/site-packages/trio/_core/_windows_cffi.py to trio/_core/_windows_cffi.pyc
byte-compiling /Users/calum/Developer/GustoPunch/.venv/lib/python3.13/site-packages/trio/_deprecate.py to trio/_deprecate.pyc
byte-compiling /Users/calum/Developer/GustoPunch/.venv/lib/python3.13/site-packages/trio/_dtls.py to trio/_dtls.pyc
byte-compiling /Users/calum/Developer/GustoPunch/.venv/lib/python3.13/site-packages/trio/_file_io.py to trio/_file_io.pyc
byte-compiling /Users/calum/Developer/GustoPunch/.venv/lib/python3.13/site-packages/trio/_highlevel_generic.py to trio/_highlevel_generic.pyc
byte-compiling /Users/calum/Developer/GustoPunch/.venv/lib/python3.13/site-packages/trio/_highlevel_open_tcp_listeners.py to trio/_highlevel_open_tcp_listeners.pyc
byte-compiling /Users/calum/Developer/GustoPunch/.venv/lib/python3.13/site-packages/trio/_highlevel_open_tcp_stream.py to trio/_highlevel_open_tcp_stream.pyc
byte-compiling /Users/calum/Developer/GustoPunch/.venv/lib/python3.13/site-packages/trio/_highlevel_open_unix_stream.py to trio/_highlevel_open_unix_stream.pyc
byte-compiling /Users/calum/Developer/GustoPunch/.venv/lib/python3.13/site-packages/trio/_highlevel_serve_listeners.py to trio/_highlevel_serve_listeners.pyc
byte-compiling /Users/calum/Developer/GustoPunch/.venv/lib/python3.13/site-packages/trio/_highlevel_socket.py to trio/_highlevel_socket.pyc
byte-compiling /Users/calum/Developer/GustoPunch/.venv/lib/python3.13/site-packages/trio/_highlevel_ssl_helpers.py to trio/_highlevel_ssl_helpers.pyc
byte-compiling /Users/calum/Developer/GustoPunch/.venv/lib/python3.13/site-packages/trio/_path.py to trio/_path.pyc
byte-compiling /Users/calum/Developer/GustoPunch/.venv/lib/python3.13/site-packages/trio/_signals.py to trio/_signals.pyc
byte-compiling /Users/calum/Developer/GustoPunch/.venv/lib/python3.13/site-packages/trio/_socket.py to trio/_socket.pyc
byte-compiling /Users/calum/Developer/GustoPunch/.venv/lib/python3.13/site-packages/trio/_ssl.py to trio/_ssl.pyc
byte-compiling /Users/calum/Developer/GustoPunch/.venv/lib/python3.13/site-packages/trio/_subprocess.py to trio/_subprocess.pyc
byte-compiling /Users/calum/Developer/GustoPunch/.venv/lib/python3.13/site-packages/trio/_subprocess_platform/__init__.py to trio/_subprocess_platform/__init__.pyc
creating /Users/calum/Developer/GustoPunch/build/bdist.macosx-15.0-arm64/python3.13-standalone/app/collect/trio/_subprocess_platform
byte-compiling /Users/calum/Developer/GustoPunch/.venv/lib/python3.13/site-packages/trio/_subprocess_platform/kqueue.py to trio/_subprocess_platform/kqueue.pyc
byte-compiling /Users/calum/Developer/GustoPunch/.venv/lib/python3.13/site-packages/trio/_subprocess_platform/waitid.py to trio/_subprocess_platform/waitid.pyc
byte-compiling /Users/calum/Developer/GustoPunch/.venv/lib/python3.13/site-packages/trio/_subprocess_platform/windows.py to trio/_subprocess_platform/windows.pyc
byte-compiling /Users/calum/Developer/GustoPunch/.venv/lib/python3.13/site-packages/trio/_sync.py to trio/_sync.pyc
byte-compiling /Users/calum/Developer/GustoPunch/.venv/lib/python3.13/site-packages/trio/_threads.py to trio/_threads.pyc
byte-compiling /Users/calum/Developer/GustoPunch/.venv/lib/python3.13/site-packages/trio/_timeouts.py to trio/_timeouts.pyc
byte-compiling /Users/calum/Developer/GustoPunch/.venv/lib/python3.13/site-packages/trio/_unix_pipes.py to trio/_unix_pipes.pyc
byte-compiling /Users/calum/Developer/GustoPunch/.venv/lib/python3.13/site-packages/trio/_util.py to trio/_util.pyc
byte-compiling /Users/calum/Developer/GustoPunch/.venv/lib/python3.13/site-packages/trio/_version.py to trio/_version.pyc
byte-compiling /Users/calum/Developer/GustoPunch/.venv/lib/python3.13/site-packages/trio/_wait_for_object.py to trio/_wait_for_object.pyc
byte-compiling /Users/calum/Developer/GustoPunch/.venv/lib/python3.13/site-packages/trio/_windows_pipes.py to trio/_windows_pipes.pyc
byte-compiling /Users/calum/Developer/GustoPunch/.venv/lib/python3.13/site-packages/trio/abc.py to trio/abc.pyc
byte-compiling /Users/calum/Developer/GustoPunch/.venv/lib/python3.13/site-packages/trio/from_thread.py to trio/from_thread.pyc
byte-compiling /Users/calum/Developer/GustoPunch/.venv/lib/python3.13/site-packages/trio/lowlevel.py to trio/lowlevel.pyc
byte-compiling /Users/calum/Developer/GustoPunch/.venv/lib/python3.13/site-packages/trio/socket.py to trio/socket.pyc
byte-compiling /Users/calum/Developer/GustoPunch/.venv/lib/python3.13/site-packages/trio/testing/__init__.py to trio/testing/__init__.pyc
creating /Users/calum/Developer/GustoPunch/build/bdist.macosx-15.0-arm64/python3.13-standalone/app/collect/trio/testing
byte-compiling /Users/calum/Developer/GustoPunch/.venv/lib/python3.13/site-packages/trio/testing/_check_streams.py to trio/testing/_check_streams.pyc
byte-compiling /Users/calum/Developer/GustoPunch/.venv/lib/python3.13/site-packages/trio/testing/_checkpoints.py to trio/testing/_checkpoints.pyc
byte-compiling /Users/calum/Developer/GustoPunch/.venv/lib/python3.13/site-packages/trio/testing/_memory_streams.py to trio/testing/_memory_streams.pyc
byte-compiling /Users/calum/Developer/GustoPunch/.venv/lib/python3.13/site-packages/trio/testing/_network.py to trio/testing/_network.pyc
byte-compiling /Users/calum/Developer/GustoPunch/.venv/lib/python3.13/site-packages/trio/testing/_raises_group.py to trio/testing/_raises_group.pyc
byte-compiling /Users/calum/Developer/GustoPunch/.venv/lib/python3.13/site-packages/trio/testing/_sequencer.py to trio/testing/_sequencer.pyc
byte-compiling /Users/calum/Developer/GustoPunch/.venv/lib/python3.13/site-packages/trio/testing/_trio_test.py to trio/testing/_trio_test.pyc
byte-compiling /Users/calum/Developer/GustoPunch/.venv/lib/python3.13/site-packages/trio/to_thread.py to trio/to_thread.pyc
byte-compiling /Users/calum/Developer/GustoPunch/.venv/lib/python3.13/site-packages/trio_websocket/__init__.py to trio_websocket/__init__.pyc
creating /Users/calum/Developer/GustoPunch/build/bdist.macosx-15.0-arm64/python3.13-standalone/app/collect/trio_websocket
byte-compiling /Users/calum/Developer/GustoPunch/.venv/lib/python3.13/site-packages/trio_websocket/_impl.py to trio_websocket/_impl.pyc
byte-compiling /Users/calum/Developer/GustoPunch/.venv/lib/python3.13/site-packages/trio_websocket/_version.py to trio_websocket/_version.pyc
byte-compiling /Users/calum/Developer/GustoPunch/.venv/lib/python3.13/site-packages/typing_extensions.py to typing_extensions.pyc
byte-compiling /Users/calum/Developer/GustoPunch/.venv/lib/python3.13/site-packages/urllib3/__init__.py to urllib3/__init__.pyc
creating /Users/calum/Developer/GustoPunch/build/bdist.macosx-15.0-arm64/python3.13-standalone/app/collect/urllib3
byte-compiling /Users/calum/Developer/GustoPunch/.venv/lib/python3.13/site-packages/urllib3/_base_connection.py to urllib3/_base_connection.pyc
byte-compiling /Users/calum/Developer/GustoPunch/.venv/lib/python3.13/site-packages/urllib3/_collections.py to urllib3/_collections.pyc
byte-compiling /Users/calum/Developer/GustoPunch/.venv/lib/python3.13/site-packages/urllib3/_request_methods.py to urllib3/_request_methods.pyc
byte-compiling /Users/calum/Developer/GustoPunch/.venv/lib/python3.13/site-packages/urllib3/_version.py to urllib3/_version.pyc
byte-compiling /Users/calum/Developer/GustoPunch/.venv/lib/python3.13/site-packages/urllib3/connection.py to urllib3/connection.pyc
byte-compiling /Users/calum/Developer/GustoPunch/.venv/lib/python3.13/site-packages/urllib3/connectionpool.py to urllib3/connectionpool.pyc
byte-compiling /Users/calum/Developer/GustoPunch/.venv/lib/python3.13/site-packages/urllib3/contrib/__init__.py to urllib3/contrib/__init__.pyc
creating /Users/calum/Developer/GustoPunch/build/bdist.macosx-15.0-arm64/python3.13-standalone/app/collect/urllib3/contrib
byte-compiling /Users/calum/Developer/GustoPunch/.venv/lib/python3.13/site-packages/urllib3/contrib/emscripten/__init__.py to urllib3/contrib/emscripten/__init__.pyc
creating /Users/calum/Developer/GustoPunch/build/bdist.macosx-15.0-arm64/python3.13-standalone/app/collect/urllib3/contrib/emscripten
byte-compiling /Users/calum/Developer/GustoPunch/.venv/lib/python3.13/site-packages/urllib3/contrib/emscripten/connection.py to urllib3/contrib/emscripten/connection.pyc
byte-compiling /Users/calum/Developer/GustoPunch/.venv/lib/python3.13/site-packages/urllib3/contrib/emscripten/fetch.py to urllib3/contrib/emscripten/fetch.pyc
byte-compiling /Users/calum/Developer/GustoPunch/.venv/lib/python3.13/site-packages/urllib3/contrib/emscripten/request.py to urllib3/contrib/emscripten/request.pyc
byte-compiling /Users/calum/Developer/GustoPunch/.venv/lib/python3.13/site-packages/urllib3/contrib/emscripten/response.py to urllib3/contrib/emscripten/response.pyc
byte-compiling /Users/calum/Developer/GustoPunch/.venv/lib/python3.13/site-packages/urllib3/contrib/pyopenssl.py to urllib3/contrib/pyopenssl.pyc
byte-compiling /Users/calum/Developer/GustoPunch/.venv/lib/python3.13/site-packages/urllib3/contrib/socks.py to urllib3/contrib/socks.pyc
byte-compiling /Users/calum/Developer/GustoPunch/.venv/lib/python3.13/site-packages/urllib3/exceptions.py to urllib3/exceptions.pyc
byte-compiling /Users/calum/Developer/GustoPunch/.venv/lib/python3.13/site-packages/urllib3/fields.py to urllib3/fields.pyc
byte-compiling /Users/calum/Developer/GustoPunch/.venv/lib/python3.13/site-packages/urllib3/filepost.py to urllib3/filepost.pyc
byte-compiling /Users/calum/Developer/GustoPunch/.venv/lib/python3.13/site-packages/urllib3/http2/__init__.py to urllib3/http2/__init__.pyc
creating /Users/calum/Developer/GustoPunch/build/bdist.macosx-15.0-arm64/python3.13-standalone/app/collect/urllib3/http2
byte-compiling /Users/calum/Developer/GustoPunch/.venv/lib/python3.13/site-packages/urllib3/http2/connection.py to urllib3/http2/connection.pyc
byte-compiling /Users/calum/Developer/GustoPunch/.venv/lib/python3.13/site-packages/urllib3/http2/probe.py to urllib3/http2/probe.pyc
byte-compiling /Users/calum/Developer/GustoPunch/.venv/lib/python3.13/site-packages/urllib3/poolmanager.py to urllib3/poolmanager.pyc
byte-compiling /Users/calum/Developer/GustoPunch/.venv/lib/python3.13/site-packages/urllib3/response.py to urllib3/response.pyc
byte-compiling /Users/calum/Developer/GustoPunch/.venv/lib/python3.13/site-packages/urllib3/util/__init__.py to urllib3/util/__init__.pyc
creating /Users/calum/Developer/GustoPunch/build/bdist.macosx-15.0-arm64/python3.13-standalone/app/collect/urllib3/util
byte-compiling /Users/calum/Developer/GustoPunch/.venv/lib/python3.13/site-packages/urllib3/util/connection.py to urllib3/util/connection.pyc
byte-compiling /Users/calum/Developer/GustoPunch/.venv/lib/python3.13/site-packages/urllib3/util/proxy.py to urllib3/util/proxy.pyc
byte-compiling /Users/calum/Developer/GustoPunch/.venv/lib/python3.13/site-packages/urllib3/util/request.py to urllib3/util/request.pyc
byte-compiling /Users/calum/Developer/GustoPunch/.venv/lib/python3.13/site-packages/urllib3/util/response.py to urllib3/util/response.pyc
byte-compiling /Users/calum/Developer/GustoPunch/.venv/lib/python3.13/site-packages/urllib3/util/retry.py to urllib3/util/retry.pyc
byte-compiling /Users/calum/Developer/GustoPunch/.venv/lib/python3.13/site-packages/urllib3/util/ssl_.py to urllib3/util/ssl_.pyc
byte-compiling /Users/calum/Developer/GustoPunch/.venv/lib/python3.13/site-packages/urllib3/util/ssl_match_hostname.py to urllib3/util/ssl_match_hostname.pyc
byte-compiling /Users/calum/Developer/GustoPunch/.venv/lib/python3.13/site-packages/urllib3/util/ssltransport.py to urllib3/util/ssltransport.pyc
byte-compiling /Users/calum/Developer/GustoPunch/.venv/lib/python3.13/site-packages/urllib3/util/timeout.py to urllib3/util/timeout.pyc
byte-compiling /Users/calum/Developer/GustoPunch/.venv/lib/python3.13/site-packages/urllib3/util/url.py to urllib3/util/url.pyc
byte-compiling /Users/calum/Developer/GustoPunch/.venv/lib/python3.13/site-packages/urllib3/util/util.py to urllib3/util/util.pyc
byte-compiling /Users/calum/Developer/GustoPunch/.venv/lib/python3.13/site-packages/urllib3/util/wait.py to urllib3/util/wait.pyc
byte-compiling /Users/calum/Developer/GustoPunch/.venv/lib/python3.13/site-packages/websocket/__init__.py to websocket/__init__.pyc
creating /Users/calum/Developer/GustoPunch/build/bdist.macosx-15.0-arm64/python3.13-standalone/app/collect/websocket
byte-compiling /Users/calum/Developer/GustoPunch/.venv/lib/python3.13/site-packages/websocket/_abnf.py to websocket/_abnf.pyc
byte-compiling /Users/calum/Developer/GustoPunch/.venv/lib/python3.13/site-packages/websocket/_app.py to websocket/_app.pyc
byte-compiling /Users/calum/Developer/GustoPunch/.venv/lib/python3.13/site-packages/websocket/_cookiejar.py to websocket/_cookiejar.pyc
byte-compiling /Users/calum/Developer/GustoPunch/.venv/lib/python3.13/site-packages/websocket/_core.py to websocket/_core.pyc
byte-compiling /Users/calum/Developer/GustoPunch/.venv/lib/python3.13/site-packages/websocket/_exceptions.py to websocket/_exceptions.pyc
byte-compiling /Users/calum/Developer/GustoPunch/.venv/lib/python3.13/site-packages/websocket/_handshake.py to websocket/_handshake.pyc
byte-compiling /Users/calum/Developer/GustoPunch/.venv/lib/python3.13/site-packages/websocket/_http.py to websocket/_http.pyc
byte-compiling /Users/calum/Developer/GustoPunch/.venv/lib/python3.13/site-packages/websocket/_logging.py to websocket/_logging.pyc
byte-compiling /Users/calum/Developer/GustoPunch/.venv/lib/python3.13/site-packages/websocket/_socket.py to websocket/_socket.pyc
byte-compiling /Users/calum/Developer/GustoPunch/.venv/lib/python3.13/site-packages/websocket/_ssl_compat.py to websocket/_ssl_compat.pyc
byte-compiling /Users/calum/Developer/GustoPunch/.venv/lib/python3.13/site-packages/websocket/_url.py to websocket/_url.pyc
byte-compiling /Users/calum/Developer/GustoPunch/.venv/lib/python3.13/site-packages/websocket/_utils.py to websocket/_utils.pyc
byte-compiling /Users/calum/Developer/GustoPunch/.venv/lib/python3.13/site-packages/wsproto/__init__.py to wsproto/__init__.pyc
creating /Users/calum/Developer/GustoPunch/build/bdist.macosx-15.0-arm64/python3.13-standalone/app/collect/wsproto
byte-compiling /Users/calum/Developer/GustoPunch/.venv/lib/python3.13/site-packages/wsproto/connection.py to wsproto/connection.pyc
byte-compiling /Users/calum/Developer/GustoPunch/.venv/lib/python3.13/site-packages/wsproto/events.py to wsproto/events.pyc
byte-compiling /Users/calum/Developer/GustoPunch/.venv/lib/python3.13/site-packages/wsproto/extensions.py to wsproto/extensions.pyc
byte-compiling /Users/calum/Developer/GustoPunch/.venv/lib/python3.13/site-packages/wsproto/frame_protocol.py to wsproto/frame_protocol.pyc
byte-compiling /Users/calum/Developer/GustoPunch/.venv/lib/python3.13/site-packages/wsproto/handshake.py to wsproto/handshake.pyc
byte-compiling /Users/calum/Developer/GustoPunch/.venv/lib/python3.13/site-packages/wsproto/typing.py to wsproto/typing.pyc
byte-compiling /Users/calum/Developer/GustoPunch/.venv/lib/python3.13/site-packages/wsproto/utilities.py to wsproto/utilities.pyc
byte-compiling /Users/calum/Developer/GustoPunch/build/bdist.macosx-15.0-arm64/python3.13-standalone/app/temp/empty_package/__init__.py to jaraco/__init__.pyc
byte-compiling /Users/calum/Developer/GustoPunch/build/bdist.macosx-15.0-arm64/python3.13-standalone/app/temp/empty_package/__init__.py to setuptools/_distutils/compilers/C/__init__.pyc
creating /Users/calum/Developer/GustoPunch/build/bdist.macosx-15.0-arm64/python3.13-standalone/app/collect/setuptools/_distutils/compilers/C
byte-compiling /Users/calum/Developer/GustoPunch/build/bdist.macosx-15.0-arm64/python3.13-standalone/app/temp/empty_package/__init__.py to setuptools/_distutils/compilers/__init__.pyc
byte-compiling /Users/calum/Developer/GustoPunch/build/bdist.macosx-15.0-arm64/python3.13-standalone/app/temp/empty_package/__init__.py to setuptools/_vendor/__init__.pyc
creating /Users/calum/Developer/GustoPunch/build/bdist.macosx-15.0-arm64/python3.13-standalone/app/collect/setuptools/_vendor
byte-compiling /Users/calum/Developer/GustoPunch/build/bdist.macosx-15.0-arm64/python3.13-standalone/app/temp/empty_package/__init__.py to PyObjCTools/__init__.pyc
byte-compiling /opt/homebrew/Cellar/python@3.13/3.13.1/Frameworks/Python.framework/Versions/3.13/lib/python3.13/__future__.py to __future__.pyc
byte-compiling /opt/homebrew/Cellar/python@3.13/3.13.1/Frameworks/Python.framework/Versions/3.13/lib/python3.13/_aix_support.py to _aix_support.pyc
byte-compiling /opt/homebrew/Cellar/python@3.13/3.13.1/Frameworks/Python.framework/Versions/3.13/lib/python3.13/_collections_abc.py to _collections_abc.pyc
byte-compiling /opt/homebrew/Cellar/python@3.13/3.13.1/Frameworks/Python.framework/Versions/3.13/lib/python3.13/_colorize.py to _colorize.pyc
byte-compiling /opt/homebrew/Cellar/python@3.13/3.13.1/Frameworks/Python.framework/Versions/3.13/lib/python3.13/_compat_pickle.py to _compat_pickle.pyc
byte-compiling /opt/homebrew/Cellar/python@3.13/3.13.1/Frameworks/Python.framework/Versions/3.13/lib/python3.13/_compression.py to _compression.pyc
byte-compiling /opt/homebrew/Cellar/python@3.13/3.13.1/Frameworks/Python.framework/Versions/3.13/lib/python3.13/_ios_support.py to _ios_support.pyc
byte-compiling /opt/homebrew/Cellar/python@3.13/3.13.1/Frameworks/Python.framework/Versions/3.13/lib/python3.13/_opcode_metadata.py to _opcode_metadata.pyc
byte-compiling /opt/homebrew/Cellar/python@3.13/3.13.1/Frameworks/Python.framework/Versions/3.13/lib/python3.13/_osx_support.py to _osx_support.pyc
byte-compiling /opt/homebrew/Cellar/python@3.13/3.13.1/Frameworks/Python.framework/Versions/3.13/lib/python3.13/_py_abc.py to _py_abc.pyc
byte-compiling /opt/homebrew/Cellar/python@3.13/3.13.1/Frameworks/Python.framework/Versions/3.13/lib/python3.13/_pydatetime.py to _pydatetime.pyc
byte-compiling /opt/homebrew/Cellar/python@3.13/3.13.1/Frameworks/Python.framework/Versions/3.13/lib/python3.13/_pydecimal.py to _pydecimal.pyc
byte-compiling /opt/homebrew/Cellar/python@3.13/3.13.1/Frameworks/Python.framework/Versions/3.13/lib/python3.13/_pyrepl/__init__.py to _pyrepl/__init__.pyc
creating /Users/calum/Developer/GustoPunch/build/bdist.macosx-15.0-arm64/python3.13-standalone/app/collect/_pyrepl
byte-compiling /opt/homebrew/Cellar/python@3.13/3.13.1/Frameworks/Python.framework/Versions/3.13/lib/python3.13/_pyrepl/pager.py to _pyrepl/pager.pyc
byte-compiling /opt/homebrew/Cellar/python@3.13/3.13.1/Frameworks/Python.framework/Versions/3.13/lib/python3.13/_sitebuiltins.py to _sitebuiltins.pyc
byte-compiling /opt/homebrew/Cellar/python@3.13/3.13.1/Frameworks/Python.framework/Versions/3.13/lib/python3.13/_strptime.py to _strptime.pyc
byte-compiling /opt/homebrew/Cellar/python@3.13/3.13.1/Frameworks/Python.framework/Versions/3.13/lib/python3.13/_sysconfigdata__darwin_darwin.py to _sysconfigdata__darwin_darwin.pyc
byte-compiling /opt/homebrew/Cellar/python@3.13/3.13.1/Frameworks/Python.framework/Versions/3.13/lib/python3.13/_threading_local.py to _threading_local.pyc
byte-compiling /opt/homebrew/Cellar/python@3.13/3.13.1/Frameworks/Python.framework/Versions/3.13/lib/python3.13/_weakrefset.py to _weakrefset.pyc
byte-compiling /opt/homebrew/Cellar/python@3.13/3.13.1/Frameworks/Python.framework/Versions/3.13/lib/python3.13/abc.py to abc.pyc
byte-compiling /opt/homebrew/Cellar/python@3.13/3.13.1/Frameworks/Python.framework/Versions/3.13/lib/python3.13/argparse.py to argparse.pyc
byte-compiling /opt/homebrew/Cellar/python@3.13/3.13.1/Frameworks/Python.framework/Versions/3.13/lib/python3.13/ast.py to ast.pyc
byte-compiling /opt/homebrew/Cellar/python@3.13/3.13.1/Frameworks/Python.framework/Versions/3.13/lib/python3.13/asyncio/__init__.py to asyncio/__init__.pyc
creating /Users/calum/Developer/GustoPunch/build/bdist.macosx-15.0-arm64/python3.13-standalone/app/collect/asyncio
byte-compiling /opt/homebrew/Cellar/python@3.13/3.13.1/Frameworks/Python.framework/Versions/3.13/lib/python3.13/asyncio/base_events.py to asyncio/base_events.pyc
byte-compiling /opt/homebrew/Cellar/python@3.13/3.13.1/Frameworks/Python.framework/Versions/3.13/lib/python3.13/asyncio/base_futures.py to asyncio/base_futures.pyc
byte-compiling /opt/homebrew/Cellar/python@3.13/3.13.1/Frameworks/Python.framework/Versions/3.13/lib/python3.13/asyncio/base_subprocess.py to asyncio/base_subprocess.pyc
byte-compiling /opt/homebrew/Cellar/python@3.13/3.13.1/Frameworks/Python.framework/Versions/3.13/lib/python3.13/asyncio/base_tasks.py to asyncio/base_tasks.pyc
byte-compiling /opt/homebrew/Cellar/python@3.13/3.13.1/Frameworks/Python.framework/Versions/3.13/lib/python3.13/asyncio/constants.py to asyncio/constants.pyc
byte-compiling /opt/homebrew/Cellar/python@3.13/3.13.1/Frameworks/Python.framework/Versions/3.13/lib/python3.13/asyncio/coroutines.py to asyncio/coroutines.pyc
byte-compiling /opt/homebrew/Cellar/python@3.13/3.13.1/Frameworks/Python.framework/Versions/3.13/lib/python3.13/asyncio/events.py to asyncio/events.pyc
byte-compiling /opt/homebrew/Cellar/python@3.13/3.13.1/Frameworks/Python.framework/Versions/3.13/lib/python3.13/asyncio/exceptions.py to asyncio/exceptions.pyc
byte-compiling /opt/homebrew/Cellar/python@3.13/3.13.1/Frameworks/Python.framework/Versions/3.13/lib/python3.13/asyncio/format_helpers.py to asyncio/format_helpers.pyc
byte-compiling /opt/homebrew/Cellar/python@3.13/3.13.1/Frameworks/Python.framework/Versions/3.13/lib/python3.13/asyncio/futures.py to asyncio/futures.pyc
byte-compiling /opt/homebrew/Cellar/python@3.13/3.13.1/Frameworks/Python.framework/Versions/3.13/lib/python3.13/asyncio/locks.py to asyncio/locks.pyc
byte-compiling /opt/homebrew/Cellar/python@3.13/3.13.1/Frameworks/Python.framework/Versions/3.13/lib/python3.13/asyncio/log.py to asyncio/log.pyc
byte-compiling /opt/homebrew/Cellar/python@3.13/3.13.1/Frameworks/Python.framework/Versions/3.13/lib/python3.13/asyncio/mixins.py to asyncio/mixins.pyc
byte-compiling /opt/homebrew/Cellar/python@3.13/3.13.1/Frameworks/Python.framework/Versions/3.13/lib/python3.13/asyncio/proactor_events.py to asyncio/proactor_events.pyc
byte-compiling /opt/homebrew/Cellar/python@3.13/3.13.1/Frameworks/Python.framework/Versions/3.13/lib/python3.13/asyncio/protocols.py to asyncio/protocols.pyc
byte-compiling /opt/homebrew/Cellar/python@3.13/3.13.1/Frameworks/Python.framework/Versions/3.13/lib/python3.13/asyncio/queues.py to asyncio/queues.pyc
byte-compiling /opt/homebrew/Cellar/python@3.13/3.13.1/Frameworks/Python.framework/Versions/3.13/lib/python3.13/asyncio/runners.py to asyncio/runners.pyc
byte-compiling /opt/homebrew/Cellar/python@3.13/3.13.1/Frameworks/Python.framework/Versions/3.13/lib/python3.13/asyncio/selector_events.py to asyncio/selector_events.pyc
byte-compiling /opt/homebrew/Cellar/python@3.13/3.13.1/Frameworks/Python.framework/Versions/3.13/lib/python3.13/asyncio/sslproto.py to asyncio/sslproto.pyc
byte-compiling /opt/homebrew/Cellar/python@3.13/3.13.1/Frameworks/Python.framework/Versions/3.13/lib/python3.13/asyncio/staggered.py to asyncio/staggered.pyc
byte-compiling /opt/homebrew/Cellar/python@3.13/3.13.1/Frameworks/Python.framework/Versions/3.13/lib/python3.13/asyncio/streams.py to asyncio/streams.pyc
byte-compiling /opt/homebrew/Cellar/python@3.13/3.13.1/Frameworks/Python.framework/Versions/3.13/lib/python3.13/asyncio/subprocess.py to asyncio/subprocess.pyc
byte-compiling /opt/homebrew/Cellar/python@3.13/3.13.1/Frameworks/Python.framework/Versions/3.13/lib/python3.13/asyncio/taskgroups.py to asyncio/taskgroups.pyc
byte-compiling /opt/homebrew/Cellar/python@3.13/3.13.1/Frameworks/Python.framework/Versions/3.13/lib/python3.13/asyncio/tasks.py to asyncio/tasks.pyc
byte-compiling /opt/homebrew/Cellar/python@3.13/3.13.1/Frameworks/Python.framework/Versions/3.13/lib/python3.13/asyncio/threads.py to asyncio/threads.pyc
byte-compiling /opt/homebrew/Cellar/python@3.13/3.13.1/Frameworks/Python.framework/Versions/3.13/lib/python3.13/asyncio/timeouts.py to asyncio/timeouts.pyc
byte-compiling /opt/homebrew/Cellar/python@3.13/3.13.1/Frameworks/Python.framework/Versions/3.13/lib/python3.13/asyncio/transports.py to asyncio/transports.pyc
byte-compiling /opt/homebrew/Cellar/python@3.13/3.13.1/Frameworks/Python.framework/Versions/3.13/lib/python3.13/asyncio/trsock.py to asyncio/trsock.pyc
byte-compiling /opt/homebrew/Cellar/python@3.13/3.13.1/Frameworks/Python.framework/Versions/3.13/lib/python3.13/asyncio/unix_events.py to asyncio/unix_events.pyc
byte-compiling /opt/homebrew/Cellar/python@3.13/3.13.1/Frameworks/Python.framework/Versions/3.13/lib/python3.13/asyncio/windows_events.py to asyncio/windows_events.pyc
byte-compiling /opt/homebrew/Cellar/python@3.13/3.13.1/Frameworks/Python.framework/Versions/3.13/lib/python3.13/asyncio/windows_utils.py to asyncio/windows_utils.pyc
byte-compiling /opt/homebrew/Cellar/python@3.13/3.13.1/Frameworks/Python.framework/Versions/3.13/lib/python3.13/base64.py to base64.pyc
byte-compiling /opt/homebrew/Cellar/python@3.13/3.13.1/Frameworks/Python.framework/Versions/3.13/lib/python3.13/bdb.py to bdb.pyc
byte-compiling /opt/homebrew/Cellar/python@3.13/3.13.1/Frameworks/Python.framework/Versions/3.13/lib/python3.13/bisect.py to bisect.pyc
byte-compiling /opt/homebrew/Cellar/python@3.13/3.13.1/Frameworks/Python.framework/Versions/3.13/lib/python3.13/bz2.py to bz2.pyc
byte-compiling /opt/homebrew/Cellar/python@3.13/3.13.1/Frameworks/Python.framework/Versions/3.13/lib/python3.13/calendar.py to calendar.pyc
byte-compiling /opt/homebrew/Cellar/python@3.13/3.13.1/Frameworks/Python.framework/Versions/3.13/lib/python3.13/cmd.py to cmd.pyc
byte-compiling /opt/homebrew/Cellar/python@3.13/3.13.1/Frameworks/Python.framework/Versions/3.13/lib/python3.13/code.py to code.pyc
byte-compiling /opt/homebrew/Cellar/python@3.13/3.13.1/Frameworks/Python.framework/Versions/3.13/lib/python3.13/codecs.py to codecs.pyc
byte-compiling /opt/homebrew/Cellar/python@3.13/3.13.1/Frameworks/Python.framework/Versions/3.13/lib/python3.13/codeop.py to codeop.pyc
byte-compiling /opt/homebrew/Cellar/python@3.13/3.13.1/Frameworks/Python.framework/Versions/3.13/lib/python3.13/collections/__init__.py to collections/__init__.pyc
creating /Users/calum/Developer/GustoPunch/build/bdist.macosx-15.0-arm64/python3.13-standalone/app/collect/collections
byte-compiling /opt/homebrew/Cellar/python@3.13/3.13.1/Frameworks/Python.framework/Versions/3.13/lib/python3.13/concurrent/__init__.py to concurrent/__init__.pyc
creating /Users/calum/Developer/GustoPunch/build/bdist.macosx-15.0-arm64/python3.13-standalone/app/collect/concurrent
byte-compiling /opt/homebrew/Cellar/python@3.13/3.13.1/Frameworks/Python.framework/Versions/3.13/lib/python3.13/concurrent/futures/__init__.py to concurrent/futures/__init__.pyc
creating /Users/calum/Developer/GustoPunch/build/bdist.macosx-15.0-arm64/python3.13-standalone/app/collect/concurrent/futures
byte-compiling /opt/homebrew/Cellar/python@3.13/3.13.1/Frameworks/Python.framework/Versions/3.13/lib/python3.13/concurrent/futures/_base.py to concurrent/futures/_base.pyc
byte-compiling /opt/homebrew/Cellar/python@3.13/3.13.1/Frameworks/Python.framework/Versions/3.13/lib/python3.13/concurrent/futures/process.py to concurrent/futures/process.pyc
byte-compiling /opt/homebrew/Cellar/python@3.13/3.13.1/Frameworks/Python.framework/Versions/3.13/lib/python3.13/concurrent/futures/thread.py to concurrent/futures/thread.pyc
byte-compiling /opt/homebrew/Cellar/python@3.13/3.13.1/Frameworks/Python.framework/Versions/3.13/lib/python3.13/configparser.py to configparser.pyc
byte-compiling /opt/homebrew/Cellar/python@3.13/3.13.1/Frameworks/Python.framework/Versions/3.13/lib/python3.13/contextlib.py to contextlib.pyc
byte-compiling /opt/homebrew/Cellar/python@3.13/3.13.1/Frameworks/Python.framework/Versions/3.13/lib/python3.13/contextvars.py to contextvars.pyc
byte-compiling /opt/homebrew/Cellar/python@3.13/3.13.1/Frameworks/Python.framework/Versions/3.13/lib/python3.13/copy.py to copy.pyc
byte-compiling /opt/homebrew/Cellar/python@3.13/3.13.1/Frameworks/Python.framework/Versions/3.13/lib/python3.13/copyreg.py to copyreg.pyc
byte-compiling /opt/homebrew/Cellar/python@3.13/3.13.1/Frameworks/Python.framework/Versions/3.13/lib/python3.13/csv.py to csv.pyc
byte-compiling /opt/homebrew/Cellar/python@3.13/3.13.1/Frameworks/Python.framework/Versions/3.13/lib/python3.13/ctypes/__init__.py to ctypes/__init__.pyc
creating /Users/calum/Developer/GustoPunch/build/bdist.macosx-15.0-arm64/python3.13-standalone/app/collect/ctypes
byte-compiling /opt/homebrew/Cellar/python@3.13/3.13.1/Frameworks/Python.framework/Versions/3.13/lib/python3.13/ctypes/_aix.py to ctypes/_aix.pyc
byte-compiling /opt/homebrew/Cellar/python@3.13/3.13.1/Frameworks/Python.framework/Versions/3.13/lib/python3.13/ctypes/_endian.py to ctypes/_endian.pyc
byte-compiling /opt/homebrew/Cellar/python@3.13/3.13.1/Frameworks/Python.framework/Versions/3.13/lib/python3.13/ctypes/macholib/__init__.py to ctypes/macholib/__init__.pyc
creating /Users/calum/Developer/GustoPunch/build/bdist.macosx-15.0-arm64/python3.13-standalone/app/collect/ctypes/macholib
byte-compiling /opt/homebrew/Cellar/python@3.13/3.13.1/Frameworks/Python.framework/Versions/3.13/lib/python3.13/ctypes/macholib/dyld.py to ctypes/macholib/dyld.pyc
byte-compiling /opt/homebrew/Cellar/python@3.13/3.13.1/Frameworks/Python.framework/Versions/3.13/lib/python3.13/ctypes/macholib/dylib.py to ctypes/macholib/dylib.pyc
byte-compiling /opt/homebrew/Cellar/python@3.13/3.13.1/Frameworks/Python.framework/Versions/3.13/lib/python3.13/ctypes/macholib/framework.py to ctypes/macholib/framework.pyc
byte-compiling /opt/homebrew/Cellar/python@3.13/3.13.1/Frameworks/Python.framework/Versions/3.13/lib/python3.13/ctypes/util.py to ctypes/util.pyc
byte-compiling /opt/homebrew/Cellar/python@3.13/3.13.1/Frameworks/Python.framework/Versions/3.13/lib/python3.13/ctypes/wintypes.py to ctypes/wintypes.pyc
byte-compiling /opt/homebrew/Cellar/python@3.13/3.13.1/Frameworks/Python.framework/Versions/3.13/lib/python3.13/dataclasses.py to dataclasses.pyc
byte-compiling /opt/homebrew/Cellar/python@3.13/3.13.1/Frameworks/Python.framework/Versions/3.13/lib/python3.13/datetime.py to datetime.pyc
byte-compiling /opt/homebrew/Cellar/python@3.13/3.13.1/Frameworks/Python.framework/Versions/3.13/lib/python3.13/decimal.py to decimal.pyc
byte-compiling /opt/homebrew/Cellar/python@3.13/3.13.1/Frameworks/Python.framework/Versions/3.13/lib/python3.13/difflib.py to difflib.pyc
byte-compiling /opt/homebrew/Cellar/python@3.13/3.13.1/Frameworks/Python.framework/Versions/3.13/lib/python3.13/dis.py to dis.pyc
byte-compiling /opt/homebrew/Cellar/python@3.13/3.13.1/Frameworks/Python.framework/Versions/3.13/lib/python3.13/doctest.py to doctest.pyc
byte-compiling /opt/homebrew/Cellar/python@3.13/3.13.1/Frameworks/Python.framework/Versions/3.13/lib/python3.13/email/__init__.py to email/__init__.pyc
creating /Users/calum/Developer/GustoPunch/build/bdist.macosx-15.0-arm64/python3.13-standalone/app/collect/email
byte-compiling /opt/homebrew/Cellar/python@3.13/3.13.1/Frameworks/Python.framework/Versions/3.13/lib/python3.13/email/_encoded_words.py to email/_encoded_words.pyc
byte-compiling /opt/homebrew/Cellar/python@3.13/3.13.1/Frameworks/Python.framework/Versions/3.13/lib/python3.13/email/_header_value_parser.py to email/_header_value_parser.pyc
byte-compiling /opt/homebrew/Cellar/python@3.13/3.13.1/Frameworks/Python.framework/Versions/3.13/lib/python3.13/email/_parseaddr.py to email/_parseaddr.pyc
byte-compiling /opt/homebrew/Cellar/python@3.13/3.13.1/Frameworks/Python.framework/Versions/3.13/lib/python3.13/email/_policybase.py to email/_policybase.pyc
byte-compiling /opt/homebrew/Cellar/python@3.13/3.13.1/Frameworks/Python.framework/Versions/3.13/lib/python3.13/email/base64mime.py to email/base64mime.pyc
byte-compiling /opt/homebrew/Cellar/python@3.13/3.13.1/Frameworks/Python.framework/Versions/3.13/lib/python3.13/email/charset.py to email/charset.pyc
byte-compiling /opt/homebrew/Cellar/python@3.13/3.13.1/Frameworks/Python.framework/Versions/3.13/lib/python3.13/email/contentmanager.py to email/contentmanager.pyc
byte-compiling /opt/homebrew/Cellar/python@3.13/3.13.1/Frameworks/Python.framework/Versions/3.13/lib/python3.13/email/encoders.py to email/encoders.pyc
byte-compiling /opt/homebrew/Cellar/python@3.13/3.13.1/Frameworks/Python.framework/Versions/3.13/lib/python3.13/email/errors.py to email/errors.pyc
byte-compiling /opt/homebrew/Cellar/python@3.13/3.13.1/Frameworks/Python.framework/Versions/3.13/lib/python3.13/email/feedparser.py to email/feedparser.pyc
byte-compiling /opt/homebrew/Cellar/python@3.13/3.13.1/Frameworks/Python.framework/Versions/3.13/lib/python3.13/email/generator.py to email/generator.pyc
byte-compiling /opt/homebrew/Cellar/python@3.13/3.13.1/Frameworks/Python.framework/Versions/3.13/lib/python3.13/email/header.py to email/header.pyc
byte-compiling /opt/homebrew/Cellar/python@3.13/3.13.1/Frameworks/Python.framework/Versions/3.13/lib/python3.13/email/headerregistry.py to email/headerregistry.pyc
byte-compiling /opt/homebrew/Cellar/python@3.13/3.13.1/Frameworks/Python.framework/Versions/3.13/lib/python3.13/email/iterators.py to email/iterators.pyc
byte-compiling /opt/homebrew/Cellar/python@3.13/3.13.1/Frameworks/Python.framework/Versions/3.13/lib/python3.13/email/message.py to email/message.pyc
byte-compiling /opt/homebrew/Cellar/python@3.13/3.13.1/Frameworks/Python.framework/Versions/3.13/lib/python3.13/email/parser.py to email/parser.pyc
byte-compiling /opt/homebrew/Cellar/python@3.13/3.13.1/Frameworks/Python.framework/Versions/3.13/lib/python3.13/email/policy.py to email/policy.pyc
byte-compiling /opt/homebrew/Cellar/python@3.13/3.13.1/Frameworks/Python.framework/Versions/3.13/lib/python3.13/email/quoprimime.py to email/quoprimime.pyc
byte-compiling /opt/homebrew/Cellar/python@3.13/3.13.1/Frameworks/Python.framework/Versions/3.13/lib/python3.13/email/utils.py to email/utils.pyc
byte-compiling /opt/homebrew/Cellar/python@3.13/3.13.1/Frameworks/Python.framework/Versions/3.13/lib/python3.13/encodings/__init__.py to encodings/__init__.pyc
creating /Users/calum/Developer/GustoPunch/build/bdist.macosx-15.0-arm64/python3.13-standalone/app/collect/encodings
byte-compiling /opt/homebrew/Cellar/python@3.13/3.13.1/Frameworks/Python.framework/Versions/3.13/lib/python3.13/encodings/aliases.py to encodings/aliases.pyc
byte-compiling /opt/homebrew/Cellar/python@3.13/3.13.1/Frameworks/Python.framework/Versions/3.13/lib/python3.13/encodings/ascii.py to encodings/ascii.pyc
byte-compiling /opt/homebrew/Cellar/python@3.13/3.13.1/Frameworks/Python.framework/Versions/3.13/lib/python3.13/encodings/base64_codec.py to encodings/base64_codec.pyc
byte-compiling /opt/homebrew/Cellar/python@3.13/3.13.1/Frameworks/Python.framework/Versions/3.13/lib/python3.13/encodings/big5.py to encodings/big5.pyc
byte-compiling /opt/homebrew/Cellar/python@3.13/3.13.1/Frameworks/Python.framework/Versions/3.13/lib/python3.13/encodings/big5hkscs.py to encodings/big5hkscs.pyc
byte-compiling /opt/homebrew/Cellar/python@3.13/3.13.1/Frameworks/Python.framework/Versions/3.13/lib/python3.13/encodings/bz2_codec.py to encodings/bz2_codec.pyc
byte-compiling /opt/homebrew/Cellar/python@3.13/3.13.1/Frameworks/Python.framework/Versions/3.13/lib/python3.13/encodings/charmap.py to encodings/charmap.pyc
byte-compiling /opt/homebrew/Cellar/python@3.13/3.13.1/Frameworks/Python.framework/Versions/3.13/lib/python3.13/encodings/cp037.py to encodings/cp037.pyc
byte-compiling /opt/homebrew/Cellar/python@3.13/3.13.1/Frameworks/Python.framework/Versions/3.13/lib/python3.13/encodings/cp1006.py to encodings/cp1006.pyc
byte-compiling /opt/homebrew/Cellar/python@3.13/3.13.1/Frameworks/Python.framework/Versions/3.13/lib/python3.13/encodings/cp1026.py to encodings/cp1026.pyc
byte-compiling /opt/homebrew/Cellar/python@3.13/3.13.1/Frameworks/Python.framework/Versions/3.13/lib/python3.13/encodings/cp1125.py to encodings/cp1125.pyc
byte-compiling /opt/homebrew/Cellar/python@3.13/3.13.1/Frameworks/Python.framework/Versions/3.13/lib/python3.13/encodings/cp1140.py to encodings/cp1140.pyc
byte-compiling /opt/homebrew/Cellar/python@3.13/3.13.1/Frameworks/Python.framework/Versions/3.13/lib/python3.13/encodings/cp1250.py to encodings/cp1250.pyc
byte-compiling /opt/homebrew/Cellar/python@3.13/3.13.1/Frameworks/Python.framework/Versions/3.13/lib/python3.13/encodings/cp1251.py to encodings/cp1251.pyc
byte-compiling /opt/homebrew/Cellar/python@3.13/3.13.1/Frameworks/Python.framework/Versions/3.13/lib/python3.13/encodings/cp1252.py to encodings/cp1252.pyc
byte-compiling /opt/homebrew/Cellar/python@3.13/3.13.1/Frameworks/Python.framework/Versions/3.13/lib/python3.13/encodings/cp1253.py to encodings/cp1253.pyc
byte-compiling /opt/homebrew/Cellar/python@3.13/3.13.1/Frameworks/Python.framework/Versions/3.13/lib/python3.13/encodings/cp1254.py to encodings/cp1254.pyc
byte-compiling /opt/homebrew/Cellar/python@3.13/3.13.1/Frameworks/Python.framework/Versions/3.13/lib/python3.13/encodings/cp1255.py to encodings/cp1255.pyc
byte-compiling /opt/homebrew/Cellar/python@3.13/3.13.1/Frameworks/Python.framework/Versions/3.13/lib/python3.13/encodings/cp1256.py to encodings/cp1256.pyc
byte-compiling /opt/homebrew/Cellar/python@3.13/3.13.1/Frameworks/Python.framework/Versions/3.13/lib/python3.13/encodings/cp1257.py to encodings/cp1257.pyc
byte-compiling /opt/homebrew/Cellar/python@3.13/3.13.1/Frameworks/Python.framework/Versions/3.13/lib/python3.13/encodings/cp1258.py to encodings/cp1258.pyc
byte-compiling /opt/homebrew/Cellar/python@3.13/3.13.1/Frameworks/Python.framework/Versions/3.13/lib/python3.13/encodings/cp273.py to encodings/cp273.pyc
byte-compiling /opt/homebrew/Cellar/python@3.13/3.13.1/Frameworks/Python.framework/Versions/3.13/lib/python3.13/encodings/cp424.py to encodings/cp424.pyc
byte-compiling /opt/homebrew/Cellar/python@3.13/3.13.1/Frameworks/Python.framework/Versions/3.13/lib/python3.13/encodings/cp437.py to encodings/cp437.pyc
byte-compiling /opt/homebrew/Cellar/python@3.13/3.13.1/Frameworks/Python.framework/Versions/3.13/lib/python3.13/encodings/cp500.py to encodings/cp500.pyc
byte-compiling /opt/homebrew/Cellar/python@3.13/3.13.1/Frameworks/Python.framework/Versions/3.13/lib/python3.13/encodings/cp720.py to encodings/cp720.pyc
byte-compiling /opt/homebrew/Cellar/python@3.13/3.13.1/Frameworks/Python.framework/Versions/3.13/lib/python3.13/encodings/cp737.py to encodings/cp737.pyc
byte-compiling /opt/homebrew/Cellar/python@3.13/3.13.1/Frameworks/Python.framework/Versions/3.13/lib/python3.13/encodings/cp775.py to encodings/cp775.pyc
byte-compiling /opt/homebrew/Cellar/python@3.13/3.13.1/Frameworks/Python.framework/Versions/3.13/lib/python3.13/encodings/cp850.py to encodings/cp850.pyc
byte-compiling /opt/homebrew/Cellar/python@3.13/3.13.1/Frameworks/Python.framework/Versions/3.13/lib/python3.13/encodings/cp852.py to encodings/cp852.pyc
byte-compiling /opt/homebrew/Cellar/python@3.13/3.13.1/Frameworks/Python.framework/Versions/3.13/lib/python3.13/encodings/cp855.py to encodings/cp855.pyc
byte-compiling /opt/homebrew/Cellar/python@3.13/3.13.1/Frameworks/Python.framework/Versions/3.13/lib/python3.13/encodings/cp856.py to encodings/cp856.pyc
byte-compiling /opt/homebrew/Cellar/python@3.13/3.13.1/Frameworks/Python.framework/Versions/3.13/lib/python3.13/encodings/cp857.py to encodings/cp857.pyc
byte-compiling /opt/homebrew/Cellar/python@3.13/3.13.1/Frameworks/Python.framework/Versions/3.13/lib/python3.13/encodings/cp858.py to encodings/cp858.pyc
byte-compiling /opt/homebrew/Cellar/python@3.13/3.13.1/Frameworks/Python.framework/Versions/3.13/lib/python3.13/encodings/cp860.py to encodings/cp860.pyc
byte-compiling /opt/homebrew/Cellar/python@3.13/3.13.1/Frameworks/Python.framework/Versions/3.13/lib/python3.13/encodings/cp861.py to encodings/cp861.pyc
byte-compiling /opt/homebrew/Cellar/python@3.13/3.13.1/Frameworks/Python.framework/Versions/3.13/lib/python3.13/encodings/cp862.py to encodings/cp862.pyc
byte-compiling /opt/homebrew/Cellar/python@3.13/3.13.1/Frameworks/Python.framework/Versions/3.13/lib/python3.13/encodings/cp863.py to encodings/cp863.pyc
byte-compiling /opt/homebrew/Cellar/python@3.13/3.13.1/Frameworks/Python.framework/Versions/3.13/lib/python3.13/encodings/cp864.py to encodings/cp864.pyc
byte-compiling /opt/homebrew/Cellar/python@3.13/3.13.1/Frameworks/Python.framework/Versions/3.13/lib/python3.13/encodings/cp865.py to encodings/cp865.pyc
byte-compiling /opt/homebrew/Cellar/python@3.13/3.13.1/Frameworks/Python.framework/Versions/3.13/lib/python3.13/encodings/cp866.py to encodings/cp866.pyc
byte-compiling /opt/homebrew/Cellar/python@3.13/3.13.1/Frameworks/Python.framework/Versions/3.13/lib/python3.13/encodings/cp869.py to encodings/cp869.pyc
byte-compiling /opt/homebrew/Cellar/python@3.13/3.13.1/Frameworks/Python.framework/Versions/3.13/lib/python3.13/encodings/cp874.py to encodings/cp874.pyc
byte-compiling /opt/homebrew/Cellar/python@3.13/3.13.1/Frameworks/Python.framework/Versions/3.13/lib/python3.13/encodings/cp875.py to encodings/cp875.pyc
byte-compiling /opt/homebrew/Cellar/python@3.13/3.13.1/Frameworks/Python.framework/Versions/3.13/lib/python3.13/encodings/cp932.py to encodings/cp932.pyc
byte-compiling /opt/homebrew/Cellar/python@3.13/3.13.1/Frameworks/Python.framework/Versions/3.13/lib/python3.13/encodings/cp949.py to encodings/cp949.pyc
byte-compiling /opt/homebrew/Cellar/python@3.13/3.13.1/Frameworks/Python.framework/Versions/3.13/lib/python3.13/encodings/cp950.py to encodings/cp950.pyc
byte-compiling /opt/homebrew/Cellar/python@3.13/3.13.1/Frameworks/Python.framework/Versions/3.13/lib/python3.13/encodings/euc_jis_2004.py to encodings/euc_jis_2004.pyc
byte-compiling /opt/homebrew/Cellar/python@3.13/3.13.1/Frameworks/Python.framework/Versions/3.13/lib/python3.13/encodings/euc_jisx0213.py to encodings/euc_jisx0213.pyc
byte-compiling /opt/homebrew/Cellar/python@3.13/3.13.1/Frameworks/Python.framework/Versions/3.13/lib/python3.13/encodings/euc_jp.py to encodings/euc_jp.pyc
byte-compiling /opt/homebrew/Cellar/python@3.13/3.13.1/Frameworks/Python.framework/Versions/3.13/lib/python3.13/encodings/euc_kr.py to encodings/euc_kr.pyc
byte-compiling /opt/homebrew/Cellar/python@3.13/3.13.1/Frameworks/Python.framework/Versions/3.13/lib/python3.13/encodings/gb18030.py to encodings/gb18030.pyc
byte-compiling /opt/homebrew/Cellar/python@3.13/3.13.1/Frameworks/Python.framework/Versions/3.13/lib/python3.13/encodings/gb2312.py to encodings/gb2312.pyc
byte-compiling /opt/homebrew/Cellar/python@3.13/3.13.1/Frameworks/Python.framework/Versions/3.13/lib/python3.13/encodings/gbk.py to encodings/gbk.pyc
byte-compiling /opt/homebrew/Cellar/python@3.13/3.13.1/Frameworks/Python.framework/Versions/3.13/lib/python3.13/encodings/hex_codec.py to encodings/hex_codec.pyc
byte-compiling /opt/homebrew/Cellar/python@3.13/3.13.1/Frameworks/Python.framework/Versions/3.13/lib/python3.13/encodings/hp_roman8.py to encodings/hp_roman8.pyc
byte-compiling /opt/homebrew/Cellar/python@3.13/3.13.1/Frameworks/Python.framework/Versions/3.13/lib/python3.13/encodings/hz.py to encodings/hz.pyc
byte-compiling /opt/homebrew/Cellar/python@3.13/3.13.1/Frameworks/Python.framework/Versions/3.13/lib/python3.13/encodings/idna.py to encodings/idna.pyc
byte-compiling /opt/homebrew/Cellar/python@3.13/3.13.1/Frameworks/Python.framework/Versions/3.13/lib/python3.13/encodings/iso2022_jp.py to encodings/iso2022_jp.pyc
byte-compiling /opt/homebrew/Cellar/python@3.13/3.13.1/Frameworks/Python.framework/Versions/3.13/lib/python3.13/encodings/iso2022_jp_1.py to encodings/iso2022_jp_1.pyc
byte-compiling /opt/homebrew/Cellar/python@3.13/3.13.1/Frameworks/Python.framework/Versions/3.13/lib/python3.13/encodings/iso2022_jp_2.py to encodings/iso2022_jp_2.pyc
byte-compiling /opt/homebrew/Cellar/python@3.13/3.13.1/Frameworks/Python.framework/Versions/3.13/lib/python3.13/encodings/iso2022_jp_2004.py to encodings/iso2022_jp_2004.pyc
byte-compiling /opt/homebrew/Cellar/python@3.13/3.13.1/Frameworks/Python.framework/Versions/3.13/lib/python3.13/encodings/iso2022_jp_3.py to encodings/iso2022_jp_3.pyc
byte-compiling /opt/homebrew/Cellar/python@3.13/3.13.1/Frameworks/Python.framework/Versions/3.13/lib/python3.13/encodings/iso2022_jp_ext.py to encodings/iso2022_jp_ext.pyc
byte-compiling /opt/homebrew/Cellar/python@3.13/3.13.1/Frameworks/Python.framework/Versions/3.13/lib/python3.13/encodings/iso2022_kr.py to encodings/iso2022_kr.pyc
byte-compiling /opt/homebrew/Cellar/python@3.13/3.13.1/Frameworks/Python.framework/Versions/3.13/lib/python3.13/encodings/iso8859_1.py to encodings/iso8859_1.pyc
byte-compiling /opt/homebrew/Cellar/python@3.13/3.13.1/Frameworks/Python.framework/Versions/3.13/lib/python3.13/encodings/iso8859_10.py to encodings/iso8859_10.pyc
byte-compiling /opt/homebrew/Cellar/python@3.13/3.13.1/Frameworks/Python.framework/Versions/3.13/lib/python3.13/encodings/iso8859_11.py to encodings/iso8859_11.pyc
byte-compiling /opt/homebrew/Cellar/python@3.13/3.13.1/Frameworks/Python.framework/Versions/3.13/lib/python3.13/encodings/iso8859_13.py to encodings/iso8859_13.pyc
byte-compiling /opt/homebrew/Cellar/python@3.13/3.13.1/Frameworks/Python.framework/Versions/3.13/lib/python3.13/encodings/iso8859_14.py to encodings/iso8859_14.pyc
byte-compiling /opt/homebrew/Cellar/python@3.13/3.13.1/Frameworks/Python.framework/Versions/3.13/lib/python3.13/encodings/iso8859_15.py to encodings/iso8859_15.pyc
byte-compiling /opt/homebrew/Cellar/python@3.13/3.13.1/Frameworks/Python.framework/Versions/3.13/lib/python3.13/encodings/iso8859_16.py to encodings/iso8859_16.pyc
byte-compiling /opt/homebrew/Cellar/python@3.13/3.13.1/Frameworks/Python.framework/Versions/3.13/lib/python3.13/encodings/iso8859_2.py to encodings/iso8859_2.pyc
byte-compiling /opt/homebrew/Cellar/python@3.13/3.13.1/Frameworks/Python.framework/Versions/3.13/lib/python3.13/encodings/iso8859_3.py to encodings/iso8859_3.pyc
byte-compiling /opt/homebrew/Cellar/python@3.13/3.13.1/Frameworks/Python.framework/Versions/3.13/lib/python3.13/encodings/iso8859_4.py to encodings/iso8859_4.pyc
byte-compiling /opt/homebrew/Cellar/python@3.13/3.13.1/Frameworks/Python.framework/Versions/3.13/lib/python3.13/encodings/iso8859_5.py to encodings/iso8859_5.pyc
byte-compiling /opt/homebrew/Cellar/python@3.13/3.13.1/Frameworks/Python.framework/Versions/3.13/lib/python3.13/encodings/iso8859_6.py to encodings/iso8859_6.pyc
byte-compiling /opt/homebrew/Cellar/python@3.13/3.13.1/Frameworks/Python.framework/Versions/3.13/lib/python3.13/encodings/iso8859_7.py to encodings/iso8859_7.pyc
byte-compiling /opt/homebrew/Cellar/python@3.13/3.13.1/Frameworks/Python.framework/Versions/3.13/lib/python3.13/encodings/iso8859_8.py to encodings/iso8859_8.pyc
byte-compiling /opt/homebrew/Cellar/python@3.13/3.13.1/Frameworks/Python.framework/Versions/3.13/lib/python3.13/encodings/iso8859_9.py to encodings/iso8859_9.pyc
byte-compiling /opt/homebrew/Cellar/python@3.13/3.13.1/Frameworks/Python.framework/Versions/3.13/lib/python3.13/encodings/johab.py to encodings/johab.pyc
byte-compiling /opt/homebrew/Cellar/python@3.13/3.13.1/Frameworks/Python.framework/Versions/3.13/lib/python3.13/encodings/koi8_r.py to encodings/koi8_r.pyc
byte-compiling /opt/homebrew/Cellar/python@3.13/3.13.1/Frameworks/Python.framework/Versions/3.13/lib/python3.13/encodings/koi8_t.py to encodings/koi8_t.pyc
byte-compiling /opt/homebrew/Cellar/python@3.13/3.13.1/Frameworks/Python.framework/Versions/3.13/lib/python3.13/encodings/koi8_u.py to encodings/koi8_u.pyc
byte-compiling /opt/homebrew/Cellar/python@3.13/3.13.1/Frameworks/Python.framework/Versions/3.13/lib/python3.13/encodings/kz1048.py to encodings/kz1048.pyc
byte-compiling /opt/homebrew/Cellar/python@3.13/3.13.1/Frameworks/Python.framework/Versions/3.13/lib/python3.13/encodings/latin_1.py to encodings/latin_1.pyc
byte-compiling /opt/homebrew/Cellar/python@3.13/3.13.1/Frameworks/Python.framework/Versions/3.13/lib/python3.13/encodings/mac_arabic.py to encodings/mac_arabic.pyc
byte-compiling /opt/homebrew/Cellar/python@3.13/3.13.1/Frameworks/Python.framework/Versions/3.13/lib/python3.13/encodings/mac_croatian.py to encodings/mac_croatian.pyc
byte-compiling /opt/homebrew/Cellar/python@3.13/3.13.1/Frameworks/Python.framework/Versions/3.13/lib/python3.13/encodings/mac_cyrillic.py to encodings/mac_cyrillic.pyc
byte-compiling /opt/homebrew/Cellar/python@3.13/3.13.1/Frameworks/Python.framework/Versions/3.13/lib/python3.13/encodings/mac_farsi.py to encodings/mac_farsi.pyc
byte-compiling /opt/homebrew/Cellar/python@3.13/3.13.1/Frameworks/Python.framework/Versions/3.13/lib/python3.13/encodings/mac_greek.py to encodings/mac_greek.pyc
byte-compiling /opt/homebrew/Cellar/python@3.13/3.13.1/Frameworks/Python.framework/Versions/3.13/lib/python3.13/encodings/mac_iceland.py to encodings/mac_iceland.pyc
byte-compiling /opt/homebrew/Cellar/python@3.13/3.13.1/Frameworks/Python.framework/Versions/3.13/lib/python3.13/encodings/mac_latin2.py to encodings/mac_latin2.pyc
byte-compiling /opt/homebrew/Cellar/python@3.13/3.13.1/Frameworks/Python.framework/Versions/3.13/lib/python3.13/encodings/mac_roman.py to encodings/mac_roman.pyc
byte-compiling /opt/homebrew/Cellar/python@3.13/3.13.1/Frameworks/Python.framework/Versions/3.13/lib/python3.13/encodings/mac_romanian.py to encodings/mac_romanian.pyc
byte-compiling /opt/homebrew/Cellar/python@3.13/3.13.1/Frameworks/Python.framework/Versions/3.13/lib/python3.13/encodings/mac_turkish.py to encodings/mac_turkish.pyc
byte-compiling /opt/homebrew/Cellar/python@3.13/3.13.1/Frameworks/Python.framework/Versions/3.13/lib/python3.13/encodings/mbcs.py to encodings/mbcs.pyc
byte-compiling /opt/homebrew/Cellar/python@3.13/3.13.1/Frameworks/Python.framework/Versions/3.13/lib/python3.13/encodings/oem.py to encodings/oem.pyc
byte-compiling /opt/homebrew/Cellar/python@3.13/3.13.1/Frameworks/Python.framework/Versions/3.13/lib/python3.13/encodings/palmos.py to encodings/palmos.pyc
byte-compiling /opt/homebrew/Cellar/python@3.13/3.13.1/Frameworks/Python.framework/Versions/3.13/lib/python3.13/encodings/ptcp154.py to encodings/ptcp154.pyc
byte-compiling /opt/homebrew/Cellar/python@3.13/3.13.1/Frameworks/Python.framework/Versions/3.13/lib/python3.13/encodings/punycode.py to encodings/punycode.pyc
byte-compiling /opt/homebrew/Cellar/python@3.13/3.13.1/Frameworks/Python.framework/Versions/3.13/lib/python3.13/encodings/quopri_codec.py to encodings/quopri_codec.pyc
byte-compiling /opt/homebrew/Cellar/python@3.13/3.13.1/Frameworks/Python.framework/Versions/3.13/lib/python3.13/encodings/raw_unicode_escape.py to encodings/raw_unicode_escape.pyc
byte-compiling /opt/homebrew/Cellar/python@3.13/3.13.1/Frameworks/Python.framework/Versions/3.13/lib/python3.13/encodings/rot_13.py to encodings/rot_13.pyc
byte-compiling /opt/homebrew/Cellar/python@3.13/3.13.1/Frameworks/Python.framework/Versions/3.13/lib/python3.13/encodings/shift_jis.py to encodings/shift_jis.pyc
byte-compiling /opt/homebrew/Cellar/python@3.13/3.13.1/Frameworks/Python.framework/Versions/3.13/lib/python3.13/encodings/shift_jis_2004.py to encodings/shift_jis_2004.pyc
byte-compiling /opt/homebrew/Cellar/python@3.13/3.13.1/Frameworks/Python.framework/Versions/3.13/lib/python3.13/encodings/shift_jisx0213.py to encodings/shift_jisx0213.pyc
byte-compiling /opt/homebrew/Cellar/python@3.13/3.13.1/Frameworks/Python.framework/Versions/3.13/lib/python3.13/encodings/tis_620.py to encodings/tis_620.pyc
byte-compiling /opt/homebrew/Cellar/python@3.13/3.13.1/Frameworks/Python.framework/Versions/3.13/lib/python3.13/encodings/undefined.py to encodings/undefined.pyc
byte-compiling /opt/homebrew/Cellar/python@3.13/3.13.1/Frameworks/Python.framework/Versions/3.13/lib/python3.13/encodings/unicode_escape.py to encodings/unicode_escape.pyc
byte-compiling /opt/homebrew/Cellar/python@3.13/3.13.1/Frameworks/Python.framework/Versions/3.13/lib/python3.13/encodings/utf_16.py to encodings/utf_16.pyc
byte-compiling /opt/homebrew/Cellar/python@3.13/3.13.1/Frameworks/Python.framework/Versions/3.13/lib/python3.13/encodings/utf_16_be.py to encodings/utf_16_be.pyc
byte-compiling /opt/homebrew/Cellar/python@3.13/3.13.1/Frameworks/Python.framework/Versions/3.13/lib/python3.13/encodings/utf_16_le.py to encodings/utf_16_le.pyc
byte-compiling /opt/homebrew/Cellar/python@3.13/3.13.1/Frameworks/Python.framework/Versions/3.13/lib/python3.13/encodings/utf_32.py to encodings/utf_32.pyc
byte-compiling /opt/homebrew/Cellar/python@3.13/3.13.1/Frameworks/Python.framework/Versions/3.13/lib/python3.13/encodings/utf_32_be.py to encodings/utf_32_be.pyc
byte-compiling /opt/homebrew/Cellar/python@3.13/3.13.1/Frameworks/Python.framework/Versions/3.13/lib/python3.13/encodings/utf_32_le.py to encodings/utf_32_le.pyc
byte-compiling /opt/homebrew/Cellar/python@3.13/3.13.1/Frameworks/Python.framework/Versions/3.13/lib/python3.13/encodings/utf_7.py to encodings/utf_7.pyc
byte-compiling /opt/homebrew/Cellar/python@3.13/3.13.1/Frameworks/Python.framework/Versions/3.13/lib/python3.13/encodings/utf_8.py to encodings/utf_8.pyc
byte-compiling /opt/homebrew/Cellar/python@3.13/3.13.1/Frameworks/Python.framework/Versions/3.13/lib/python3.13/encodings/utf_8_sig.py to encodings/utf_8_sig.pyc
byte-compiling /opt/homebrew/Cellar/python@3.13/3.13.1/Frameworks/Python.framework/Versions/3.13/lib/python3.13/encodings/uu_codec.py to encodings/uu_codec.pyc
byte-compiling /opt/homebrew/Cellar/python@3.13/3.13.1/Frameworks/Python.framework/Versions/3.13/lib/python3.13/encodings/zlib_codec.py to encodings/zlib_codec.pyc
byte-compiling /opt/homebrew/Cellar/python@3.13/3.13.1/Frameworks/Python.framework/Versions/3.13/lib/python3.13/enum.py to enum.pyc
byte-compiling /opt/homebrew/Cellar/python@3.13/3.13.1/Frameworks/Python.framework/Versions/3.13/lib/python3.13/fnmatch.py to fnmatch.pyc
byte-compiling /opt/homebrew/Cellar/python@3.13/3.13.1/Frameworks/Python.framework/Versions/3.13/lib/python3.13/fractions.py to fractions.pyc
byte-compiling /opt/homebrew/Cellar/python@3.13/3.13.1/Frameworks/Python.framework/Versions/3.13/lib/python3.13/ftplib.py to ftplib.pyc
byte-compiling /opt/homebrew/Cellar/python@3.13/3.13.1/Frameworks/Python.framework/Versions/3.13/lib/python3.13/functools.py to functools.pyc
byte-compiling /opt/homebrew/Cellar/python@3.13/3.13.1/Frameworks/Python.framework/Versions/3.13/lib/python3.13/genericpath.py to genericpath.pyc
byte-compiling /opt/homebrew/Cellar/python@3.13/3.13.1/Frameworks/Python.framework/Versions/3.13/lib/python3.13/getopt.py to getopt.pyc
byte-compiling /opt/homebrew/Cellar/python@3.13/3.13.1/Frameworks/Python.framework/Versions/3.13/lib/python3.13/getpass.py to getpass.pyc
byte-compiling /opt/homebrew/Cellar/python@3.13/3.13.1/Frameworks/Python.framework/Versions/3.13/lib/python3.13/gettext.py to gettext.pyc
byte-compiling /opt/homebrew/Cellar/python@3.13/3.13.1/Frameworks/Python.framework/Versions/3.13/lib/python3.13/glob.py to glob.pyc
byte-compiling /opt/homebrew/Cellar/python@3.13/3.13.1/Frameworks/Python.framework/Versions/3.13/lib/python3.13/gzip.py to gzip.pyc
byte-compiling /opt/homebrew/Cellar/python@3.13/3.13.1/Frameworks/Python.framework/Versions/3.13/lib/python3.13/hashlib.py to hashlib.pyc
byte-compiling /opt/homebrew/Cellar/python@3.13/3.13.1/Frameworks/Python.framework/Versions/3.13/lib/python3.13/heapq.py to heapq.pyc
byte-compiling /opt/homebrew/Cellar/python@3.13/3.13.1/Frameworks/Python.framework/Versions/3.13/lib/python3.13/hmac.py to hmac.pyc
byte-compiling /opt/homebrew/Cellar/python@3.13/3.13.1/Frameworks/Python.framework/Versions/3.13/lib/python3.13/html/__init__.py to html/__init__.pyc
creating /Users/calum/Developer/GustoPunch/build/bdist.macosx-15.0-arm64/python3.13-standalone/app/collect/html
byte-compiling /opt/homebrew/Cellar/python@3.13/3.13.1/Frameworks/Python.framework/Versions/3.13/lib/python3.13/html/entities.py to html/entities.pyc
byte-compiling /opt/homebrew/Cellar/python@3.13/3.13.1/Frameworks/Python.framework/Versions/3.13/lib/python3.13/http/__init__.py to http/__init__.pyc
creating /Users/calum/Developer/GustoPunch/build/bdist.macosx-15.0-arm64/python3.13-standalone/app/collect/http
byte-compiling /opt/homebrew/Cellar/python@3.13/3.13.1/Frameworks/Python.framework/Versions/3.13/lib/python3.13/http/client.py to http/client.pyc
byte-compiling /opt/homebrew/Cellar/python@3.13/3.13.1/Frameworks/Python.framework/Versions/3.13/lib/python3.13/http/cookiejar.py to http/cookiejar.pyc
byte-compiling /opt/homebrew/Cellar/python@3.13/3.13.1/Frameworks/Python.framework/Versions/3.13/lib/python3.13/http/cookies.py to http/cookies.pyc
byte-compiling /opt/homebrew/Cellar/python@3.13/3.13.1/Frameworks/Python.framework/Versions/3.13/lib/python3.13/http/server.py to http/server.pyc
byte-compiling /opt/homebrew/Cellar/python@3.13/3.13.1/Frameworks/Python.framework/Versions/3.13/lib/python3.13/importlib/__init__.py to importlib/__init__.pyc
creating /Users/calum/Developer/GustoPunch/build/bdist.macosx-15.0-arm64/python3.13-standalone/app/collect/importlib
byte-compiling /opt/homebrew/Cellar/python@3.13/3.13.1/Frameworks/Python.framework/Versions/3.13/lib/python3.13/importlib/_abc.py to importlib/_abc.pyc
byte-compiling /opt/homebrew/Cellar/python@3.13/3.13.1/Frameworks/Python.framework/Versions/3.13/lib/python3.13/importlib/_bootstrap.py to importlib/_bootstrap.pyc
byte-compiling /opt/homebrew/Cellar/python@3.13/3.13.1/Frameworks/Python.framework/Versions/3.13/lib/python3.13/importlib/_bootstrap_external.py to importlib/_bootstrap_external.pyc
byte-compiling /opt/homebrew/Cellar/python@3.13/3.13.1/Frameworks/Python.framework/Versions/3.13/lib/python3.13/importlib/abc.py to importlib/abc.pyc
byte-compiling /opt/homebrew/Cellar/python@3.13/3.13.1/Frameworks/Python.framework/Versions/3.13/lib/python3.13/importlib/machinery.py to importlib/machinery.pyc
byte-compiling /opt/homebrew/Cellar/python@3.13/3.13.1/Frameworks/Python.framework/Versions/3.13/lib/python3.13/importlib/metadata/__init__.py to importlib/metadata/__init__.pyc
creating /Users/calum/Developer/GustoPunch/build/bdist.macosx-15.0-arm64/python3.13-standalone/app/collect/importlib/metadata
byte-compiling /opt/homebrew/Cellar/python@3.13/3.13.1/Frameworks/Python.framework/Versions/3.13/lib/python3.13/importlib/metadata/_adapters.py to importlib/metadata/_adapters.pyc
byte-compiling /opt/homebrew/Cellar/python@3.13/3.13.1/Frameworks/Python.framework/Versions/3.13/lib/python3.13/importlib/metadata/_collections.py to importlib/metadata/_collections.pyc
byte-compiling /opt/homebrew/Cellar/python@3.13/3.13.1/Frameworks/Python.framework/Versions/3.13/lib/python3.13/importlib/metadata/_functools.py to importlib/metadata/_functools.pyc
byte-compiling /opt/homebrew/Cellar/python@3.13/3.13.1/Frameworks/Python.framework/Versions/3.13/lib/python3.13/importlib/metadata/_itertools.py to importlib/metadata/_itertools.pyc
byte-compiling /opt/homebrew/Cellar/python@3.13/3.13.1/Frameworks/Python.framework/Versions/3.13/lib/python3.13/importlib/metadata/_meta.py to importlib/metadata/_meta.pyc
byte-compiling /opt/homebrew/Cellar/python@3.13/3.13.1/Frameworks/Python.framework/Versions/3.13/lib/python3.13/importlib/metadata/_text.py to importlib/metadata/_text.pyc
byte-compiling /opt/homebrew/Cellar/python@3.13/3.13.1/Frameworks/Python.framework/Versions/3.13/lib/python3.13/importlib/readers.py to importlib/readers.pyc
byte-compiling /opt/homebrew/Cellar/python@3.13/3.13.1/Frameworks/Python.framework/Versions/3.13/lib/python3.13/importlib/resources/__init__.py to importlib/resources/__init__.pyc
creating /Users/calum/Developer/GustoPunch/build/bdist.macosx-15.0-arm64/python3.13-standalone/app/collect/importlib/resources
byte-compiling /opt/homebrew/Cellar/python@3.13/3.13.1/Frameworks/Python.framework/Versions/3.13/lib/python3.13/importlib/resources/_adapters.py to importlib/resources/_adapters.pyc
byte-compiling /opt/homebrew/Cellar/python@3.13/3.13.1/Frameworks/Python.framework/Versions/3.13/lib/python3.13/importlib/resources/_common.py to importlib/resources/_common.pyc
byte-compiling /opt/homebrew/Cellar/python@3.13/3.13.1/Frameworks/Python.framework/Versions/3.13/lib/python3.13/importlib/resources/_functional.py to importlib/resources/_functional.pyc
byte-compiling /opt/homebrew/Cellar/python@3.13/3.13.1/Frameworks/Python.framework/Versions/3.13/lib/python3.13/importlib/resources/_itertools.py to importlib/resources/_itertools.pyc
byte-compiling /opt/homebrew/Cellar/python@3.13/3.13.1/Frameworks/Python.framework/Versions/3.13/lib/python3.13/importlib/resources/abc.py to importlib/resources/abc.pyc
byte-compiling /opt/homebrew/Cellar/python@3.13/3.13.1/Frameworks/Python.framework/Versions/3.13/lib/python3.13/importlib/resources/readers.py to importlib/resources/readers.pyc
byte-compiling /opt/homebrew/Cellar/python@3.13/3.13.1/Frameworks/Python.framework/Versions/3.13/lib/python3.13/importlib/util.py to importlib/util.pyc
byte-compiling /opt/homebrew/Cellar/python@3.13/3.13.1/Frameworks/Python.framework/Versions/3.13/lib/python3.13/inspect.py to inspect.pyc
byte-compiling /opt/homebrew/Cellar/python@3.13/3.13.1/Frameworks/Python.framework/Versions/3.13/lib/python3.13/io.py to io.pyc
byte-compiling /opt/homebrew/Cellar/python@3.13/3.13.1/Frameworks/Python.framework/Versions/3.13/lib/python3.13/ipaddress.py to ipaddress.pyc
byte-compiling /opt/homebrew/Cellar/python@3.13/3.13.1/Frameworks/Python.framework/Versions/3.13/lib/python3.13/json/__init__.py to json/__init__.pyc
creating /Users/calum/Developer/GustoPunch/build/bdist.macosx-15.0-arm64/python3.13-standalone/app/collect/json
byte-compiling /opt/homebrew/Cellar/python@3.13/3.13.1/Frameworks/Python.framework/Versions/3.13/lib/python3.13/json/decoder.py to json/decoder.pyc
byte-compiling /opt/homebrew/Cellar/python@3.13/3.13.1/Frameworks/Python.framework/Versions/3.13/lib/python3.13/json/encoder.py to json/encoder.pyc
byte-compiling /opt/homebrew/Cellar/python@3.13/3.13.1/Frameworks/Python.framework/Versions/3.13/lib/python3.13/json/scanner.py to json/scanner.pyc
byte-compiling /opt/homebrew/Cellar/python@3.13/3.13.1/Frameworks/Python.framework/Versions/3.13/lib/python3.13/keyword.py to keyword.pyc
byte-compiling /opt/homebrew/Cellar/python@3.13/3.13.1/Frameworks/Python.framework/Versions/3.13/lib/python3.13/linecache.py to linecache.pyc
byte-compiling /opt/homebrew/Cellar/python@3.13/3.13.1/Frameworks/Python.framework/Versions/3.13/lib/python3.13/locale.py to locale.pyc
byte-compiling /opt/homebrew/Cellar/python@3.13/3.13.1/Frameworks/Python.framework/Versions/3.13/lib/python3.13/logging/__init__.py to logging/__init__.pyc
creating /Users/calum/Developer/GustoPunch/build/bdist.macosx-15.0-arm64/python3.13-standalone/app/collect/logging
byte-compiling /opt/homebrew/Cellar/python@3.13/3.13.1/Frameworks/Python.framework/Versions/3.13/lib/python3.13/lzma.py to lzma.pyc
byte-compiling /opt/homebrew/Cellar/python@3.13/3.13.1/Frameworks/Python.framework/Versions/3.13/lib/python3.13/mimetypes.py to mimetypes.pyc
byte-compiling /opt/homebrew/Cellar/python@3.13/3.13.1/Frameworks/Python.framework/Versions/3.13/lib/python3.13/multiprocessing/__init__.py to multiprocessing/__init__.pyc
creating /Users/calum/Developer/GustoPunch/build/bdist.macosx-15.0-arm64/python3.13-standalone/app/collect/multiprocessing
byte-compiling /opt/homebrew/Cellar/python@3.13/3.13.1/Frameworks/Python.framework/Versions/3.13/lib/python3.13/multiprocessing/connection.py to multiprocessing/connection.pyc
byte-compiling /opt/homebrew/Cellar/python@3.13/3.13.1/Frameworks/Python.framework/Versions/3.13/lib/python3.13/multiprocessing/context.py to multiprocessing/context.pyc
byte-compiling /opt/homebrew/Cellar/python@3.13/3.13.1/Frameworks/Python.framework/Versions/3.13/lib/python3.13/multiprocessing/dummy/__init__.py to multiprocessing/dummy/__init__.pyc
creating /Users/calum/Developer/GustoPunch/build/bdist.macosx-15.0-arm64/python3.13-standalone/app/collect/multiprocessing/dummy
byte-compiling /opt/homebrew/Cellar/python@3.13/3.13.1/Frameworks/Python.framework/Versions/3.13/lib/python3.13/multiprocessing/dummy/connection.py to multiprocessing/dummy/connection.pyc
byte-compiling /opt/homebrew/Cellar/python@3.13/3.13.1/Frameworks/Python.framework/Versions/3.13/lib/python3.13/multiprocessing/forkserver.py to multiprocessing/forkserver.pyc
byte-compiling /opt/homebrew/Cellar/python@3.13/3.13.1/Frameworks/Python.framework/Versions/3.13/lib/python3.13/multiprocessing/heap.py to multiprocessing/heap.pyc
byte-compiling /opt/homebrew/Cellar/python@3.13/3.13.1/Frameworks/Python.framework/Versions/3.13/lib/python3.13/multiprocessing/managers.py to multiprocessing/managers.pyc
byte-compiling /opt/homebrew/Cellar/python@3.13/3.13.1/Frameworks/Python.framework/Versions/3.13/lib/python3.13/multiprocessing/pool.py to multiprocessing/pool.pyc
byte-compiling /opt/homebrew/Cellar/python@3.13/3.13.1/Frameworks/Python.framework/Versions/3.13/lib/python3.13/multiprocessing/popen_fork.py to multiprocessing/popen_fork.pyc
byte-compiling /opt/homebrew/Cellar/python@3.13/3.13.1/Frameworks/Python.framework/Versions/3.13/lib/python3.13/multiprocessing/popen_forkserver.py to multiprocessing/popen_forkserver.pyc
byte-compiling /opt/homebrew/Cellar/python@3.13/3.13.1/Frameworks/Python.framework/Versions/3.13/lib/python3.13/multiprocessing/popen_spawn_posix.py to multiprocessing/popen_spawn_posix.pyc
byte-compiling /opt/homebrew/Cellar/python@3.13/3.13.1/Frameworks/Python.framework/Versions/3.13/lib/python3.13/multiprocessing/popen_spawn_win32.py to multiprocessing/popen_spawn_win32.pyc
byte-compiling /opt/homebrew/Cellar/python@3.13/3.13.1/Frameworks/Python.framework/Versions/3.13/lib/python3.13/multiprocessing/process.py to multiprocessing/process.pyc
byte-compiling /opt/homebrew/Cellar/python@3.13/3.13.1/Frameworks/Python.framework/Versions/3.13/lib/python3.13/multiprocessing/queues.py to multiprocessing/queues.pyc
byte-compiling /opt/homebrew/Cellar/python@3.13/3.13.1/Frameworks/Python.framework/Versions/3.13/lib/python3.13/multiprocessing/reduction.py to multiprocessing/reduction.pyc
byte-compiling /opt/homebrew/Cellar/python@3.13/3.13.1/Frameworks/Python.framework/Versions/3.13/lib/python3.13/multiprocessing/resource_sharer.py to multiprocessing/resource_sharer.pyc
byte-compiling /opt/homebrew/Cellar/python@3.13/3.13.1/Frameworks/Python.framework/Versions/3.13/lib/python3.13/multiprocessing/resource_tracker.py to multiprocessing/resource_tracker.pyc
byte-compiling /opt/homebrew/Cellar/python@3.13/3.13.1/Frameworks/Python.framework/Versions/3.13/lib/python3.13/multiprocessing/shared_memory.py to multiprocessing/shared_memory.pyc
byte-compiling /opt/homebrew/Cellar/python@3.13/3.13.1/Frameworks/Python.framework/Versions/3.13/lib/python3.13/multiprocessing/sharedctypes.py to multiprocessing/sharedctypes.pyc
byte-compiling /opt/homebrew/Cellar/python@3.13/3.13.1/Frameworks/Python.framework/Versions/3.13/lib/python3.13/multiprocessing/spawn.py to multiprocessing/spawn.pyc
byte-compiling /opt/homebrew/Cellar/python@3.13/3.13.1/Frameworks/Python.framework/Versions/3.13/lib/python3.13/multiprocessing/synchronize.py to multiprocessing/synchronize.pyc
byte-compiling /opt/homebrew/Cellar/python@3.13/3.13.1/Frameworks/Python.framework/Versions/3.13/lib/python3.13/multiprocessing/util.py to multiprocessing/util.pyc
byte-compiling /opt/homebrew/Cellar/python@3.13/3.13.1/Frameworks/Python.framework/Versions/3.13/lib/python3.13/netrc.py to netrc.pyc
byte-compiling /opt/homebrew/Cellar/python@3.13/3.13.1/Frameworks/Python.framework/Versions/3.13/lib/python3.13/ntpath.py to ntpath.pyc
byte-compiling /opt/homebrew/Cellar/python@3.13/3.13.1/Frameworks/Python.framework/Versions/3.13/lib/python3.13/numbers.py to numbers.pyc
byte-compiling /opt/homebrew/Cellar/python@3.13/3.13.1/Frameworks/Python.framework/Versions/3.13/lib/python3.13/opcode.py to opcode.pyc
byte-compiling /opt/homebrew/Cellar/python@3.13/3.13.1/Frameworks/Python.framework/Versions/3.13/lib/python3.13/operator.py to operator.pyc
byte-compiling /opt/homebrew/Cellar/python@3.13/3.13.1/Frameworks/Python.framework/Versions/3.13/lib/python3.13/os.py to os.pyc
byte-compiling /opt/homebrew/Cellar/python@3.13/3.13.1/Frameworks/Python.framework/Versions/3.13/lib/python3.13/pathlib/__init__.py to pathlib/__init__.pyc
creating /Users/calum/Developer/GustoPunch/build/bdist.macosx-15.0-arm64/python3.13-standalone/app/collect/pathlib
byte-compiling /opt/homebrew/Cellar/python@3.13/3.13.1/Frameworks/Python.framework/Versions/3.13/lib/python3.13/pathlib/_abc.py to pathlib/_abc.pyc
byte-compiling /opt/homebrew/Cellar/python@3.13/3.13.1/Frameworks/Python.framework/Versions/3.13/lib/python3.13/pathlib/_local.py to pathlib/_local.pyc
byte-compiling /opt/homebrew/Cellar/python@3.13/3.13.1/Frameworks/Python.framework/Versions/3.13/lib/python3.13/pdb.py to pdb.pyc
byte-compiling /opt/homebrew/Cellar/python@3.13/3.13.1/Frameworks/Python.framework/Versions/3.13/lib/python3.13/pickle.py to pickle.pyc
byte-compiling /opt/homebrew/Cellar/python@3.13/3.13.1/Frameworks/Python.framework/Versions/3.13/lib/python3.13/pkgutil.py to pkgutil.pyc
byte-compiling /opt/homebrew/Cellar/python@3.13/3.13.1/Frameworks/Python.framework/Versions/3.13/lib/python3.13/platform.py to platform.pyc
byte-compiling /opt/homebrew/Cellar/python@3.13/3.13.1/Frameworks/Python.framework/Versions/3.13/lib/python3.13/plistlib.py to plistlib.pyc
byte-compiling /opt/homebrew/Cellar/python@3.13/3.13.1/Frameworks/Python.framework/Versions/3.13/lib/python3.13/posixpath.py to posixpath.pyc
byte-compiling /opt/homebrew/Cellar/python@3.13/3.13.1/Frameworks/Python.framework/Versions/3.13/lib/python3.13/pprint.py to pprint.pyc
byte-compiling /opt/homebrew/Cellar/python@3.13/3.13.1/Frameworks/Python.framework/Versions/3.13/lib/python3.13/py_compile.py to py_compile.pyc
byte-compiling /opt/homebrew/Cellar/python@3.13/3.13.1/Frameworks/Python.framework/Versions/3.13/lib/python3.13/pydoc.py to pydoc.pyc
byte-compiling /opt/homebrew/Cellar/python@3.13/3.13.1/Frameworks/Python.framework/Versions/3.13/lib/python3.13/pydoc_data/__init__.py to pydoc_data/__init__.pyc
creating /Users/calum/Developer/GustoPunch/build/bdist.macosx-15.0-arm64/python3.13-standalone/app/collect/pydoc_data
byte-compiling /opt/homebrew/Cellar/python@3.13/3.13.1/Frameworks/Python.framework/Versions/3.13/lib/python3.13/pydoc_data/topics.py to pydoc_data/topics.pyc
byte-compiling /opt/homebrew/Cellar/python@3.13/3.13.1/Frameworks/Python.framework/Versions/3.13/lib/python3.13/queue.py to queue.pyc
byte-compiling /opt/homebrew/Cellar/python@3.13/3.13.1/Frameworks/Python.framework/Versions/3.13/lib/python3.13/quopri.py to quopri.pyc
byte-compiling /opt/homebrew/Cellar/python@3.13/3.13.1/Frameworks/Python.framework/Versions/3.13/lib/python3.13/random.py to random.pyc
byte-compiling /opt/homebrew/Cellar/python@3.13/3.13.1/Frameworks/Python.framework/Versions/3.13/lib/python3.13/re/__init__.py to re/__init__.pyc
creating /Users/calum/Developer/GustoPunch/build/bdist.macosx-15.0-arm64/python3.13-standalone/app/collect/re
byte-compiling /opt/homebrew/Cellar/python@3.13/3.13.1/Frameworks/Python.framework/Versions/3.13/lib/python3.13/re/_casefix.py to re/_casefix.pyc
byte-compiling /opt/homebrew/Cellar/python@3.13/3.13.1/Frameworks/Python.framework/Versions/3.13/lib/python3.13/re/_compiler.py to re/_compiler.pyc
byte-compiling /opt/homebrew/Cellar/python@3.13/3.13.1/Frameworks/Python.framework/Versions/3.13/lib/python3.13/re/_constants.py to re/_constants.pyc
byte-compiling /opt/homebrew/Cellar/python@3.13/3.13.1/Frameworks/Python.framework/Versions/3.13/lib/python3.13/re/_parser.py to re/_parser.pyc
byte-compiling /opt/homebrew/Cellar/python@3.13/3.13.1/Frameworks/Python.framework/Versions/3.13/lib/python3.13/reprlib.py to reprlib.pyc
byte-compiling /opt/homebrew/Cellar/python@3.13/3.13.1/Frameworks/Python.framework/Versions/3.13/lib/python3.13/rlcompleter.py to rlcompleter.pyc
byte-compiling /opt/homebrew/Cellar/python@3.13/3.13.1/Frameworks/Python.framework/Versions/3.13/lib/python3.13/runpy.py to runpy.pyc
byte-compiling /opt/homebrew/Cellar/python@3.13/3.13.1/Frameworks/Python.framework/Versions/3.13/lib/python3.13/secrets.py to secrets.pyc
byte-compiling /opt/homebrew/Cellar/python@3.13/3.13.1/Frameworks/Python.framework/Versions/3.13/lib/python3.13/selectors.py to selectors.pyc
byte-compiling /opt/homebrew/Cellar/python@3.13/3.13.1/Frameworks/Python.framework/Versions/3.13/lib/python3.13/shlex.py to shlex.pyc
byte-compiling /opt/homebrew/Cellar/python@3.13/3.13.1/Frameworks/Python.framework/Versions/3.13/lib/python3.13/shutil.py to shutil.pyc
byte-compiling /opt/homebrew/Cellar/python@3.13/3.13.1/Frameworks/Python.framework/Versions/3.13/lib/python3.13/signal.py to signal.pyc
byte-compiling /opt/homebrew/Cellar/python@3.13/3.13.1/Frameworks/Python.framework/Versions/3.13/lib/python3.13/socket.py to socket.pyc
byte-compiling /opt/homebrew/Cellar/python@3.13/3.13.1/Frameworks/Python.framework/Versions/3.13/lib/python3.13/socketserver.py to socketserver.pyc
byte-compiling /opt/homebrew/Cellar/python@3.13/3.13.1/Frameworks/Python.framework/Versions/3.13/lib/python3.13/ssl.py to ssl.pyc
byte-compiling /opt/homebrew/Cellar/python@3.13/3.13.1/Frameworks/Python.framework/Versions/3.13/lib/python3.13/stat.py to stat.pyc
byte-compiling /opt/homebrew/Cellar/python@3.13/3.13.1/Frameworks/Python.framework/Versions/3.13/lib/python3.13/statistics.py to statistics.pyc
byte-compiling /opt/homebrew/Cellar/python@3.13/3.13.1/Frameworks/Python.framework/Versions/3.13/lib/python3.13/string.py to string.pyc
byte-compiling /opt/homebrew/Cellar/python@3.13/3.13.1/Frameworks/Python.framework/Versions/3.13/lib/python3.13/stringprep.py to stringprep.pyc
byte-compiling /opt/homebrew/Cellar/python@3.13/3.13.1/Frameworks/Python.framework/Versions/3.13/lib/python3.13/struct.py to struct.pyc
byte-compiling /opt/homebrew/Cellar/python@3.13/3.13.1/Frameworks/Python.framework/Versions/3.13/lib/python3.13/subprocess.py to subprocess.pyc
byte-compiling /opt/homebrew/Cellar/python@3.13/3.13.1/Frameworks/Python.framework/Versions/3.13/lib/python3.13/sysconfig/__init__.py to sysconfig/__init__.pyc
creating /Users/calum/Developer/GustoPunch/build/bdist.macosx-15.0-arm64/python3.13-standalone/app/collect/sysconfig
byte-compiling /opt/homebrew/Cellar/python@3.13/3.13.1/Frameworks/Python.framework/Versions/3.13/lib/python3.13/tarfile.py to tarfile.pyc
byte-compiling /opt/homebrew/Cellar/python@3.13/3.13.1/Frameworks/Python.framework/Versions/3.13/lib/python3.13/tempfile.py to tempfile.pyc
byte-compiling /opt/homebrew/Cellar/python@3.13/3.13.1/Frameworks/Python.framework/Versions/3.13/lib/python3.13/test/__init__.py to test/__init__.pyc
creating /Users/calum/Developer/GustoPunch/build/bdist.macosx-15.0-arm64/python3.13-standalone/app/collect/test
byte-compiling /opt/homebrew/Cellar/python@3.13/3.13.1/Frameworks/Python.framework/Versions/3.13/lib/python3.13/test/support/__init__.py to test/support/__init__.pyc
creating /Users/calum/Developer/GustoPunch/build/bdist.macosx-15.0-arm64/python3.13-standalone/app/collect/test/support
byte-compiling /opt/homebrew/Cellar/python@3.13/3.13.1/Frameworks/Python.framework/Versions/3.13/lib/python3.13/test/support/import_helper.py to test/support/import_helper.pyc
byte-compiling /opt/homebrew/Cellar/python@3.13/3.13.1/Frameworks/Python.framework/Versions/3.13/lib/python3.13/test/support/os_helper.py to test/support/os_helper.pyc
byte-compiling /opt/homebrew/Cellar/python@3.13/3.13.1/Frameworks/Python.framework/Versions/3.13/lib/python3.13/test/support/script_helper.py to test/support/script_helper.pyc
byte-compiling /opt/homebrew/Cellar/python@3.13/3.13.1/Frameworks/Python.framework/Versions/3.13/lib/python3.13/test/support/warnings_helper.py to test/support/warnings_helper.pyc
byte-compiling /opt/homebrew/Cellar/python@3.13/3.13.1/Frameworks/Python.framework/Versions/3.13/lib/python3.13/textwrap.py to textwrap.pyc
byte-compiling /opt/homebrew/Cellar/python@3.13/3.13.1/Frameworks/Python.framework/Versions/3.13/lib/python3.13/threading.py to threading.pyc
byte-compiling /opt/homebrew/Cellar/python@3.13/3.13.1/Frameworks/Python.framework/Versions/3.13/lib/python3.13/tkinter/__init__.py to tkinter/__init__.pyc
creating /Users/calum/Developer/GustoPunch/build/bdist.macosx-15.0-arm64/python3.13-standalone/app/collect/tkinter
byte-compiling /opt/homebrew/Cellar/python@3.13/3.13.1/Frameworks/Python.framework/Versions/3.13/lib/python3.13/tkinter/constants.py to tkinter/constants.pyc
byte-compiling /opt/homebrew/Cellar/python@3.13/3.13.1/Frameworks/Python.framework/Versions/3.13/lib/python3.13/token.py to token.pyc
byte-compiling /opt/homebrew/Cellar/python@3.13/3.13.1/Frameworks/Python.framework/Versions/3.13/lib/python3.13/tokenize.py to tokenize.pyc
byte-compiling /opt/homebrew/Cellar/python@3.13/3.13.1/Frameworks/Python.framework/Versions/3.13/lib/python3.13/tomllib/__init__.py to tomllib/__init__.pyc
creating /Users/calum/Developer/GustoPunch/build/bdist.macosx-15.0-arm64/python3.13-standalone/app/collect/tomllib
byte-compiling /opt/homebrew/Cellar/python@3.13/3.13.1/Frameworks/Python.framework/Versions/3.13/lib/python3.13/tomllib/_parser.py to tomllib/_parser.pyc
byte-compiling /opt/homebrew/Cellar/python@3.13/3.13.1/Frameworks/Python.framework/Versions/3.13/lib/python3.13/tomllib/_re.py to tomllib/_re.pyc
byte-compiling /opt/homebrew/Cellar/python@3.13/3.13.1/Frameworks/Python.framework/Versions/3.13/lib/python3.13/tomllib/_types.py to tomllib/_types.pyc
byte-compiling /opt/homebrew/Cellar/python@3.13/3.13.1/Frameworks/Python.framework/Versions/3.13/lib/python3.13/traceback.py to traceback.pyc
byte-compiling /opt/homebrew/Cellar/python@3.13/3.13.1/Frameworks/Python.framework/Versions/3.13/lib/python3.13/tracemalloc.py to tracemalloc.pyc
byte-compiling /opt/homebrew/Cellar/python@3.13/3.13.1/Frameworks/Python.framework/Versions/3.13/lib/python3.13/tty.py to tty.pyc
byte-compiling /opt/homebrew/Cellar/python@3.13/3.13.1/Frameworks/Python.framework/Versions/3.13/lib/python3.13/types.py to types.pyc
byte-compiling /opt/homebrew/Cellar/python@3.13/3.13.1/Frameworks/Python.framework/Versions/3.13/lib/python3.13/typing.py to typing.pyc
byte-compiling /opt/homebrew/Cellar/python@3.13/3.13.1/Frameworks/Python.framework/Versions/3.13/lib/python3.13/unittest/__init__.py to unittest/__init__.pyc
creating /Users/calum/Developer/GustoPunch/build/bdist.macosx-15.0-arm64/python3.13-standalone/app/collect/unittest
byte-compiling /opt/homebrew/Cellar/python@3.13/3.13.1/Frameworks/Python.framework/Versions/3.13/lib/python3.13/unittest/_log.py to unittest/_log.pyc
byte-compiling /opt/homebrew/Cellar/python@3.13/3.13.1/Frameworks/Python.framework/Versions/3.13/lib/python3.13/unittest/async_case.py to unittest/async_case.pyc
byte-compiling /opt/homebrew/Cellar/python@3.13/3.13.1/Frameworks/Python.framework/Versions/3.13/lib/python3.13/unittest/case.py to unittest/case.pyc
byte-compiling /opt/homebrew/Cellar/python@3.13/3.13.1/Frameworks/Python.framework/Versions/3.13/lib/python3.13/unittest/loader.py to unittest/loader.pyc
byte-compiling /opt/homebrew/Cellar/python@3.13/3.13.1/Frameworks/Python.framework/Versions/3.13/lib/python3.13/unittest/main.py to unittest/main.pyc
byte-compiling /opt/homebrew/Cellar/python@3.13/3.13.1/Frameworks/Python.framework/Versions/3.13/lib/python3.13/unittest/mock.py to unittest/mock.pyc
byte-compiling /opt/homebrew/Cellar/python@3.13/3.13.1/Frameworks/Python.framework/Versions/3.13/lib/python3.13/unittest/result.py to unittest/result.pyc
byte-compiling /opt/homebrew/Cellar/python@3.13/3.13.1/Frameworks/Python.framework/Versions/3.13/lib/python3.13/unittest/runner.py to unittest/runner.pyc
byte-compiling /opt/homebrew/Cellar/python@3.13/3.13.1/Frameworks/Python.framework/Versions/3.13/lib/python3.13/unittest/signals.py to unittest/signals.pyc
byte-compiling /opt/homebrew/Cellar/python@3.13/3.13.1/Frameworks/Python.framework/Versions/3.13/lib/python3.13/unittest/suite.py to unittest/suite.pyc
byte-compiling /opt/homebrew/Cellar/python@3.13/3.13.1/Frameworks/Python.framework/Versions/3.13/lib/python3.13/unittest/util.py to unittest/util.pyc
byte-compiling /opt/homebrew/Cellar/python@3.13/3.13.1/Frameworks/Python.framework/Versions/3.13/lib/python3.13/urllib/__init__.py to urllib/__init__.pyc
creating /Users/calum/Developer/GustoPunch/build/bdist.macosx-15.0-arm64/python3.13-standalone/app/collect/urllib
byte-compiling /opt/homebrew/Cellar/python@3.13/3.13.1/Frameworks/Python.framework/Versions/3.13/lib/python3.13/urllib/error.py to urllib/error.pyc
byte-compiling /opt/homebrew/Cellar/python@3.13/3.13.1/Frameworks/Python.framework/Versions/3.13/lib/python3.13/urllib/parse.py to urllib/parse.pyc
byte-compiling /opt/homebrew/Cellar/python@3.13/3.13.1/Frameworks/Python.framework/Versions/3.13/lib/python3.13/urllib/request.py to urllib/request.pyc
byte-compiling /opt/homebrew/Cellar/python@3.13/3.13.1/Frameworks/Python.framework/Versions/3.13/lib/python3.13/urllib/response.py to urllib/response.pyc
byte-compiling /opt/homebrew/Cellar/python@3.13/3.13.1/Frameworks/Python.framework/Versions/3.13/lib/python3.13/uuid.py to uuid.pyc
byte-compiling /opt/homebrew/Cellar/python@3.13/3.13.1/Frameworks/Python.framework/Versions/3.13/lib/python3.13/warnings.py to warnings.pyc
byte-compiling /opt/homebrew/Cellar/python@3.13/3.13.1/Frameworks/Python.framework/Versions/3.13/lib/python3.13/weakref.py to weakref.pyc
byte-compiling /opt/homebrew/Cellar/python@3.13/3.13.1/Frameworks/Python.framework/Versions/3.13/lib/python3.13/webbrowser.py to webbrowser.pyc
byte-compiling /opt/homebrew/Cellar/python@3.13/3.13.1/Frameworks/Python.framework/Versions/3.13/lib/python3.13/xml/__init__.py to xml/__init__.pyc
creating /Users/calum/Developer/GustoPunch/build/bdist.macosx-15.0-arm64/python3.13-standalone/app/collect/xml
byte-compiling /opt/homebrew/Cellar/python@3.13/3.13.1/Frameworks/Python.framework/Versions/3.13/lib/python3.13/xml/dom/NodeFilter.py to xml/dom/NodeFilter.pyc
creating /Users/calum/Developer/GustoPunch/build/bdist.macosx-15.0-arm64/python3.13-standalone/app/collect/xml/dom
byte-compiling /opt/homebrew/Cellar/python@3.13/3.13.1/Frameworks/Python.framework/Versions/3.13/lib/python3.13/xml/dom/__init__.py to xml/dom/__init__.pyc
byte-compiling /opt/homebrew/Cellar/python@3.13/3.13.1/Frameworks/Python.framework/Versions/3.13/lib/python3.13/xml/dom/domreg.py to xml/dom/domreg.pyc
byte-compiling /opt/homebrew/Cellar/python@3.13/3.13.1/Frameworks/Python.framework/Versions/3.13/lib/python3.13/xml/dom/expatbuilder.py to xml/dom/expatbuilder.pyc
byte-compiling /opt/homebrew/Cellar/python@3.13/3.13.1/Frameworks/Python.framework/Versions/3.13/lib/python3.13/xml/dom/minicompat.py to xml/dom/minicompat.pyc
byte-compiling /opt/homebrew/Cellar/python@3.13/3.13.1/Frameworks/Python.framework/Versions/3.13/lib/python3.13/xml/dom/minidom.py to xml/dom/minidom.pyc
byte-compiling /opt/homebrew/Cellar/python@3.13/3.13.1/Frameworks/Python.framework/Versions/3.13/lib/python3.13/xml/dom/pulldom.py to xml/dom/pulldom.pyc
byte-compiling /opt/homebrew/Cellar/python@3.13/3.13.1/Frameworks/Python.framework/Versions/3.13/lib/python3.13/xml/dom/xmlbuilder.py to xml/dom/xmlbuilder.pyc
byte-compiling /opt/homebrew/Cellar/python@3.13/3.13.1/Frameworks/Python.framework/Versions/3.13/lib/python3.13/xml/etree/ElementInclude.py to xml/etree/ElementInclude.pyc
creating /Users/calum/Developer/GustoPunch/build/bdist.macosx-15.0-arm64/python3.13-standalone/app/collect/xml/etree
byte-compiling /opt/homebrew/Cellar/python@3.13/3.13.1/Frameworks/Python.framework/Versions/3.13/lib/python3.13/xml/etree/ElementPath.py to xml/etree/ElementPath.pyc
byte-compiling /opt/homebrew/Cellar/python@3.13/3.13.1/Frameworks/Python.framework/Versions/3.13/lib/python3.13/xml/etree/ElementTree.py to xml/etree/ElementTree.pyc
byte-compiling /opt/homebrew/Cellar/python@3.13/3.13.1/Frameworks/Python.framework/Versions/3.13/lib/python3.13/xml/etree/__init__.py to xml/etree/__init__.pyc
byte-compiling /opt/homebrew/Cellar/python@3.13/3.13.1/Frameworks/Python.framework/Versions/3.13/lib/python3.13/xml/etree/cElementTree.py to xml/etree/cElementTree.pyc
byte-compiling /opt/homebrew/Cellar/python@3.13/3.13.1/Frameworks/Python.framework/Versions/3.13/lib/python3.13/xml/parsers/__init__.py to xml/parsers/__init__.pyc
creating /Users/calum/Developer/GustoPunch/build/bdist.macosx-15.0-arm64/python3.13-standalone/app/collect/xml/parsers
byte-compiling /opt/homebrew/Cellar/python@3.13/3.13.1/Frameworks/Python.framework/Versions/3.13/lib/python3.13/xml/parsers/expat.py to xml/parsers/expat.pyc
byte-compiling /opt/homebrew/Cellar/python@3.13/3.13.1/Frameworks/Python.framework/Versions/3.13/lib/python3.13/xml/sax/__init__.py to xml/sax/__init__.pyc
creating /Users/calum/Developer/GustoPunch/build/bdist.macosx-15.0-arm64/python3.13-standalone/app/collect/xml/sax
byte-compiling /opt/homebrew/Cellar/python@3.13/3.13.1/Frameworks/Python.framework/Versions/3.13/lib/python3.13/xml/sax/_exceptions.py to xml/sax/_exceptions.pyc
byte-compiling /opt/homebrew/Cellar/python@3.13/3.13.1/Frameworks/Python.framework/Versions/3.13/lib/python3.13/xml/sax/expatreader.py to xml/sax/expatreader.pyc
byte-compiling /opt/homebrew/Cellar/python@3.13/3.13.1/Frameworks/Python.framework/Versions/3.13/lib/python3.13/xml/sax/handler.py to xml/sax/handler.pyc
byte-compiling /opt/homebrew/Cellar/python@3.13/3.13.1/Frameworks/Python.framework/Versions/3.13/lib/python3.13/xml/sax/saxutils.py to xml/sax/saxutils.pyc
byte-compiling /opt/homebrew/Cellar/python@3.13/3.13.1/Frameworks/Python.framework/Versions/3.13/lib/python3.13/xml/sax/xmlreader.py to xml/sax/xmlreader.pyc
byte-compiling /opt/homebrew/Cellar/python@3.13/3.13.1/Frameworks/Python.framework/Versions/3.13/lib/python3.13/xmlrpc/__init__.py to xmlrpc/__init__.pyc
creating /Users/calum/Developer/GustoPunch/build/bdist.macosx-15.0-arm64/python3.13-standalone/app/collect/xmlrpc
byte-compiling /opt/homebrew/Cellar/python@3.13/3.13.1/Frameworks/Python.framework/Versions/3.13/lib/python3.13/xmlrpc/client.py to xmlrpc/client.pyc
byte-compiling /opt/homebrew/Cellar/python@3.13/3.13.1/Frameworks/Python.framework/Versions/3.13/lib/python3.13/zipfile/__init__.py to zipfile/__init__.pyc
creating /Users/calum/Developer/GustoPunch/build/bdist.macosx-15.0-arm64/python3.13-standalone/app/collect/zipfile
byte-compiling /opt/homebrew/Cellar/python@3.13/3.13.1/Frameworks/Python.framework/Versions/3.13/lib/python3.13/zipfile/_path/__init__.py to zipfile/_path/__init__.pyc
creating /Users/calum/Developer/GustoPunch/build/bdist.macosx-15.0-arm64/python3.13-standalone/app/collect/zipfile/_path
byte-compiling /opt/homebrew/Cellar/python@3.13/3.13.1/Frameworks/Python.framework/Versions/3.13/lib/python3.13/zipfile/_path/glob.py to zipfile/_path/glob.pyc
byte-compiling /opt/homebrew/Cellar/python@3.13/3.13.1/Frameworks/Python.framework/Versions/3.13/lib/python3.13/zipimport.py to zipimport.pyc
byte-compiling /Users/calum/Developer/GustoPunch/build/bdist.macosx-15.0-arm64/python3.13-standalone/app/temp/AppKit/_AppKit.py to AppKit/_AppKit.pyc
byte-compiling /Users/calum/Developer/GustoPunch/build/bdist.macosx-15.0-arm64/python3.13-standalone/app/temp/AppKit/_inlines.py to AppKit/_inlines.pyc
byte-compiling /Users/calum/Developer/GustoPunch/build/bdist.macosx-15.0-arm64/python3.13-standalone/app/temp/CoreFoundation/_CoreFoundation.py to CoreFoundation/_CoreFoundation.pyc
byte-compiling /Users/calum/Developer/GustoPunch/build/bdist.macosx-15.0-arm64/python3.13-standalone/app/temp/CoreFoundation/_inlines.py to CoreFoundation/_inlines.pyc
byte-compiling /Users/calum/Developer/GustoPunch/build/bdist.macosx-15.0-arm64/python3.13-standalone/app/temp/Foundation/_Foundation.py to Foundation/_Foundation.pyc
byte-compiling /Users/calum/Developer/GustoPunch/build/bdist.macosx-15.0-arm64/python3.13-standalone/app/temp/Foundation/_inlines.py to Foundation/_inlines.pyc
byte-compiling /Users/calum/Developer/GustoPunch/build/bdist.macosx-15.0-arm64/python3.13-standalone/app/temp/charset_normalizer/md.py to charset_normalizer/md.pyc
byte-compiling /Users/calum/Developer/GustoPunch/build/bdist.macosx-15.0-arm64/python3.13-standalone/app/temp/objc/_machsignals.py to objc/_machsignals.pyc
byte-compiling /Users/calum/Developer/GustoPunch/build/bdist.macosx-15.0-arm64/python3.13-standalone/app/temp/objc/_objc.py to objc/_objc.pyc
copying file /Users/calum/Developer/GustoPunch/.venv/lib/python3.13/site-packages/attr/setters.pyi -> /Users/calum/Developer/GustoPunch/build/bdist.macosx-15.0-arm64/python3.13-standalone/app/collect/attr/setters.pyi
copying file /Users/calum/Developer/GustoPunch/.venv/lib/python3.13/site-packages/attr/validators.pyi -> /Users/calum/Developer/GustoPunch/build/bdist.macosx-15.0-arm64/python3.13-standalone/app/collect/attr/validators.pyi
copying file /Users/calum/Developer/GustoPunch/.venv/lib/python3.13/site-packages/attr/_typing_compat.pyi -> /Users/calum/Developer/GustoPunch/build/bdist.macosx-15.0-arm64/python3.13-standalone/app/collect/attr/_typing_compat.pyi
copying file /Users/calum/Developer/GustoPunch/.venv/lib/python3.13/site-packages/attr/__init__.pyi -> /Users/calum/Developer/GustoPunch/build/bdist.macosx-15.0-arm64/python3.13-standalone/app/collect/attr/__init__.pyi
copying file /Users/calum/Developer/GustoPunch/.venv/lib/python3.13/site-packages/attr/exceptions.pyi -> /Users/calum/Developer/GustoPunch/build/bdist.macosx-15.0-arm64/python3.13-standalone/app/collect/attr/exceptions.pyi
copying file /Users/calum/Developer/GustoPunch/.venv/lib/python3.13/site-packages/attr/filters.pyi -> /Users/calum/Developer/GustoPunch/build/bdist.macosx-15.0-arm64/python3.13-standalone/app/collect/attr/filters.pyi
copying file /Users/calum/Developer/GustoPunch/.venv/lib/python3.13/site-packages/attr/py.typed -> /Users/calum/Developer/GustoPunch/build/bdist.macosx-15.0-arm64/python3.13-standalone/app/collect/attr/py.typed
copying file /Users/calum/Developer/GustoPunch/.venv/lib/python3.13/site-packages/attr/converters.pyi -> /Users/calum/Developer/GustoPunch/build/bdist.macosx-15.0-arm64/python3.13-standalone/app/collect/attr/converters.pyi
copying file /Users/calum/Developer/GustoPunch/.venv/lib/python3.13/site-packages/attr/_cmp.pyi -> /Users/calum/Developer/GustoPunch/build/bdist.macosx-15.0-arm64/python3.13-standalone/app/collect/attr/_cmp.pyi
copying file /Users/calum/Developer/GustoPunch/.venv/lib/python3.13/site-packages/attr/_version_info.pyi -> /Users/calum/Developer/GustoPunch/build/bdist.macosx-15.0-arm64/python3.13-standalone/app/collect/attr/_version_info.pyi
copying file /Users/calum/Developer/GustoPunch/.venv/lib/python3.13/site-packages/attrs/__init__.pyi -> /Users/calum/Developer/GustoPunch/build/bdist.macosx-15.0-arm64/python3.13-standalone/app/collect/attrs/__init__.pyi
copying file /Users/calum/Developer/GustoPunch/.venv/lib/python3.13/site-packages/attrs/py.typed -> /Users/calum/Developer/GustoPunch/build/bdist.macosx-15.0-arm64/python3.13-standalone/app/collect/attrs/py.typed
copying file /Users/calum/Developer/GustoPunch/.venv/lib/python3.13/site-packages/charset_normalizer/py.typed -> /Users/calum/Developer/GustoPunch/build/bdist.macosx-15.0-arm64/python3.13-standalone/app/collect/charset_normalizer/py.typed
copying file /Users/calum/Developer/GustoPunch/.venv/lib/python3.13/site-packages/h11/py.typed -> /Users/calum/Developer/GustoPunch/build/bdist.macosx-15.0-arm64/python3.13-standalone/app/collect/h11/py.typed
copying file /Users/calum/Developer/GustoPunch/.venv/lib/python3.13/site-packages/idna/py.typed -> /Users/calum/Developer/GustoPunch/build/bdist.macosx-15.0-arm64/python3.13-standalone/app/collect/idna/py.typed
copying file /Users/calum/Developer/GustoPunch/.venv/lib/python3.13/site-packages/jaraco/classes/py.typed -> /Users/calum/Developer/GustoPunch/build/bdist.macosx-15.0-arm64/python3.13-standalone/app/collect/jaraco/classes/py.typed
copying file /Users/calum/Developer/GustoPunch/.venv/lib/python3.13/site-packages/jaraco/context/py.typed -> /Users/calum/Developer/GustoPunch/build/bdist.macosx-15.0-arm64/python3.13-standalone/app/collect/jaraco/context/py.typed
copying file /Users/calum/Developer/GustoPunch/.venv/lib/python3.13/site-packages/jaraco/functools/__init__.pyi -> /Users/calum/Developer/GustoPunch/build/bdist.macosx-15.0-arm64/python3.13-standalone/app/collect/jaraco/functools/__init__.pyi
copying file /Users/calum/Developer/GustoPunch/.venv/lib/python3.13/site-packages/jaraco/functools/py.typed -> /Users/calum/Developer/GustoPunch/build/bdist.macosx-15.0-arm64/python3.13-standalone/app/collect/jaraco/functools/py.typed
copying file /Users/calum/Developer/GustoPunch/.venv/lib/python3.13/site-packages/more_itertools/__init__.pyi -> /Users/calum/Developer/GustoPunch/build/bdist.macosx-15.0-arm64/python3.13-standalone/app/collect/more_itertools/__init__.pyi
copying file /Users/calum/Developer/GustoPunch/.venv/lib/python3.13/site-packages/more_itertools/more.pyi -> /Users/calum/Developer/GustoPunch/build/bdist.macosx-15.0-arm64/python3.13-standalone/app/collect/more_itertools/more.pyi
copying file /Users/calum/Developer/GustoPunch/.venv/lib/python3.13/site-packages/more_itertools/py.typed -> /Users/calum/Developer/GustoPunch/build/bdist.macosx-15.0-arm64/python3.13-standalone/app/collect/more_itertools/py.typed
copying file /Users/calum/Developer/GustoPunch/.venv/lib/python3.13/site-packages/more_itertools/recipes.pyi -> /Users/calum/Developer/GustoPunch/build/bdist.macosx-15.0-arm64/python3.13-standalone/app/collect/more_itertools/recipes.pyi
copying file /Users/calum/Developer/GustoPunch/.venv/lib/python3.13/site-packages/outcome/py.typed -> /Users/calum/Developer/GustoPunch/build/bdist.macosx-15.0-arm64/python3.13-standalone/app/collect/outcome/py.typed
copying file /Users/calum/Developer/GustoPunch/.venv/lib/python3.13/site-packages/packaging/py.typed -> /Users/calum/Developer/GustoPunch/build/bdist.macosx-15.0-arm64/python3.13-standalone/app/collect/packaging/py.typed
copying file /Users/calum/Developer/GustoPunch/.venv/lib/python3.13/site-packages/sniffio/py.typed -> /Users/calum/Developer/GustoPunch/build/bdist.macosx-15.0-arm64/python3.13-standalone/app/collect/sniffio/py.typed
copying file /Users/calum/Developer/GustoPunch/.venv/lib/python3.13/site-packages/trio/py.typed -> /Users/calum/Developer/GustoPunch/build/bdist.macosx-15.0-arm64/python3.13-standalone/app/collect/trio/py.typed
copying file /Users/calum/Developer/GustoPunch/.venv/lib/python3.13/site-packages/trio_websocket/py.typed -> /Users/calum/Developer/GustoPunch/build/bdist.macosx-15.0-arm64/python3.13-standalone/app/collect/trio_websocket/py.typed
copying file /Users/calum/Developer/GustoPunch/.venv/lib/python3.13/site-packages/urllib3/py.typed -> /Users/calum/Developer/GustoPunch/build/bdist.macosx-15.0-arm64/python3.13-standalone/app/collect/urllib3/py.typed
copying file /Users/calum/Developer/GustoPunch/.venv/lib/python3.13/site-packages/urllib3/contrib/emscripten/emscripten_fetch_worker.js -> /Users/calum/Developer/GustoPunch/build/bdist.macosx-15.0-arm64/python3.13-standalone/app/collect/urllib3/contrib/emscripten/emscripten_fetch_worker.js
copying file /Users/calum/Developer/GustoPunch/.venv/lib/python3.13/site-packages/websocket/py.typed -> /Users/calum/Developer/GustoPunch/build/bdist.macosx-15.0-arm64/python3.13-standalone/app/collect/websocket/py.typed
copying file /Users/calum/Developer/GustoPunch/.venv/lib/python3.13/site-packages/wsproto/py.typed -> /Users/calum/Developer/GustoPunch/build/bdist.macosx-15.0-arm64/python3.13-standalone/app/collect/wsproto/py.typed
creating /Users/calum/Developer/GustoPunch/build/bdist.macosx-15.0-arm64/python3.13-standalone/app/collect/setuptools/_distutils/compilers/C/tests
copying file /Users/calum/Developer/GustoPunch/.venv/lib/python3.13/site-packages/setuptools/_distutils/compilers/C/tests/test_unix.py -> /Users/calum/Developer/GustoPunch/build/bdist.macosx-15.0-arm64/python3.13-standalone/app/collect/setuptools/_distutils/compilers/C/tests/test_unix.py
copying file /Users/calum/Developer/GustoPunch/.venv/lib/python3.13/site-packages/setuptools/_distutils/compilers/C/tests/test_cygwin.py -> /Users/calum/Developer/GustoPunch/build/bdist.macosx-15.0-arm64/python3.13-standalone/app/collect/setuptools/_distutils/compilers/C/tests/test_cygwin.py
copying file /Users/calum/Developer/GustoPunch/.venv/lib/python3.13/site-packages/setuptools/_distutils/compilers/C/tests/test_mingw.py -> /Users/calum/Developer/GustoPunch/build/bdist.macosx-15.0-arm64/python3.13-standalone/app/collect/setuptools/_distutils/compilers/C/tests/test_mingw.py
copying file /Users/calum/Developer/GustoPunch/.venv/lib/python3.13/site-packages/setuptools/_distutils/compilers/C/tests/test_base.py -> /Users/calum/Developer/GustoPunch/build/bdist.macosx-15.0-arm64/python3.13-standalone/app/collect/setuptools/_distutils/compilers/C/tests/test_base.py
copying file /Users/calum/Developer/GustoPunch/.venv/lib/python3.13/site-packages/setuptools/_distutils/compilers/C/tests/test_msvc.py -> /Users/calum/Developer/GustoPunch/build/bdist.macosx-15.0-arm64/python3.13-standalone/app/collect/setuptools/_distutils/compilers/C/tests/test_msvc.py
copying file /Users/calum/Developer/GustoPunch/.venv/lib/python3.13/site-packages/setuptools/_distutils/compilers/C/unix.py -> /Users/calum/Developer/GustoPunch/build/bdist.macosx-15.0-arm64/python3.13-standalone/app/collect/setuptools/_distutils/compilers/C/unix.py
copying file /Users/calum/Developer/GustoPunch/.venv/lib/python3.13/site-packages/setuptools/_distutils/compilers/C/zos.py -> /Users/calum/Developer/GustoPunch/build/bdist.macosx-15.0-arm64/python3.13-standalone/app/collect/setuptools/_distutils/compilers/C/zos.py
copying file /Users/calum/Developer/GustoPunch/.venv/lib/python3.13/site-packages/setuptools/_distutils/compilers/C/tests/test_unix.py -> /Users/calum/Developer/GustoPunch/build/bdist.macosx-15.0-arm64/python3.13-standalone/app/collect/setuptools/_distutils/compilers/C/tests/test_unix.py
copying file /Users/calum/Developer/GustoPunch/.venv/lib/python3.13/site-packages/setuptools/_distutils/compilers/C/tests/test_cygwin.py -> /Users/calum/Developer/GustoPunch/build/bdist.macosx-15.0-arm64/python3.13-standalone/app/collect/setuptools/_distutils/compilers/C/tests/test_cygwin.py
copying file /Users/calum/Developer/GustoPunch/.venv/lib/python3.13/site-packages/setuptools/_distutils/compilers/C/tests/test_mingw.py -> /Users/calum/Developer/GustoPunch/build/bdist.macosx-15.0-arm64/python3.13-standalone/app/collect/setuptools/_distutils/compilers/C/tests/test_mingw.py
copying file /Users/calum/Developer/GustoPunch/.venv/lib/python3.13/site-packages/setuptools/_distutils/compilers/C/tests/test_base.py -> /Users/calum/Developer/GustoPunch/build/bdist.macosx-15.0-arm64/python3.13-standalone/app/collect/setuptools/_distutils/compilers/C/tests/test_base.py
copying file /Users/calum/Developer/GustoPunch/.venv/lib/python3.13/site-packages/setuptools/_distutils/compilers/C/tests/test_msvc.py -> /Users/calum/Developer/GustoPunch/build/bdist.macosx-15.0-arm64/python3.13-standalone/app/collect/setuptools/_distutils/compilers/C/tests/test_msvc.py
creating /Users/calum/Developer/GustoPunch/build/bdist.macosx-15.0-arm64/python3.13-standalone/app/collect/setuptools/_distutils/compilers/C/__pycache__
copying file /Users/calum/Developer/GustoPunch/.venv/lib/python3.13/site-packages/setuptools/_distutils/compilers/C/__pycache__/base.cpython-313.pyc -> /Users/calum/Developer/GustoPunch/build/bdist.macosx-15.0-arm64/python3.13-standalone/app/collect/setuptools/_distutils/compilers/C/__pycache__/base.cpython-313.pyc
copying file /Users/calum/Developer/GustoPunch/.venv/lib/python3.13/site-packages/setuptools/_distutils/compilers/C/__pycache__/errors.cpython-313.pyc -> /Users/calum/Developer/GustoPunch/build/bdist.macosx-15.0-arm64/python3.13-standalone/app/collect/setuptools/_distutils/compilers/C/__pycache__/errors.cpython-313.pyc
copying file /Users/calum/Developer/GustoPunch/.venv/lib/python3.13/site-packages/setuptools/_distutils/compilers/C/cygwin.py -> /Users/calum/Developer/GustoPunch/build/bdist.macosx-15.0-arm64/python3.13-standalone/app/collect/setuptools/_distutils/compilers/C/cygwin.py
copying file /Users/calum/Developer/GustoPunch/.venv/lib/python3.13/site-packages/setuptools/_distutils/compilers/C/errors.py -> /Users/calum/Developer/GustoPunch/build/bdist.macosx-15.0-arm64/python3.13-standalone/app/collect/setuptools/_distutils/compilers/C/errors.py
copying file /Users/calum/Developer/GustoPunch/.venv/lib/python3.13/site-packages/setuptools/_distutils/compilers/C/msvc.py -> /Users/calum/Developer/GustoPunch/build/bdist.macosx-15.0-arm64/python3.13-standalone/app/collect/setuptools/_distutils/compilers/C/msvc.py
copying file /Users/calum/Developer/GustoPunch/.venv/lib/python3.13/site-packages/setuptools/_distutils/compilers/C/base.py -> /Users/calum/Developer/GustoPunch/build/bdist.macosx-15.0-arm64/python3.13-standalone/app/collect/setuptools/_distutils/compilers/C/base.py
creating /Users/calum/Developer/GustoPunch/build/bdist.macosx-15.0-arm64/python3.13-standalone/app/collect/setuptools/_vendor/jaraco.text-3.12.1.dist-info
copying file /Users/calum/Developer/GustoPunch/.venv/lib/python3.13/site-packages/setuptools/_vendor/jaraco.text-3.12.1.dist-info/RECORD -> /Users/calum/Developer/GustoPunch/build/bdist.macosx-15.0-arm64/python3.13-standalone/app/collect/setuptools/_vendor/jaraco.text-3.12.1.dist-info/RECORD
copying file /Users/calum/Developer/GustoPunch/.venv/lib/python3.13/site-packages/setuptools/_vendor/jaraco.text-3.12.1.dist-info/LICENSE -> /Users/calum/Developer/GustoPunch/build/bdist.macosx-15.0-arm64/python3.13-standalone/app/collect/setuptools/_vendor/jaraco.text-3.12.1.dist-info/LICENSE
copying file /Users/calum/Developer/GustoPunch/.venv/lib/python3.13/site-packages/setuptools/_vendor/jaraco.text-3.12.1.dist-info/WHEEL -> /Users/calum/Developer/GustoPunch/build/bdist.macosx-15.0-arm64/python3.13-standalone/app/collect/setuptools/_vendor/jaraco.text-3.12.1.dist-info/WHEEL
copying file /Users/calum/Developer/GustoPunch/.venv/lib/python3.13/site-packages/setuptools/_vendor/jaraco.text-3.12.1.dist-info/top_level.txt -> /Users/calum/Developer/GustoPunch/build/bdist.macosx-15.0-arm64/python3.13-standalone/app/collect/setuptools/_vendor/jaraco.text-3.12.1.dist-info/top_level.txt
copying file /Users/calum/Developer/GustoPunch/.venv/lib/python3.13/site-packages/setuptools/_vendor/jaraco.text-3.12.1.dist-info/REQUESTED -> /Users/calum/Developer/GustoPunch/build/bdist.macosx-15.0-arm64/python3.13-standalone/app/collect/setuptools/_vendor/jaraco.text-3.12.1.dist-info/REQUESTED
copying file /Users/calum/Developer/GustoPunch/.venv/lib/python3.13/site-packages/setuptools/_vendor/jaraco.text-3.12.1.dist-info/INSTALLER -> /Users/calum/Developer/GustoPunch/build/bdist.macosx-15.0-arm64/python3.13-standalone/app/collect/setuptools/_vendor/jaraco.text-3.12.1.dist-info/INSTALLER
copying file /Users/calum/Developer/GustoPunch/.venv/lib/python3.13/site-packages/setuptools/_vendor/jaraco.text-3.12.1.dist-info/METADATA -> /Users/calum/Developer/GustoPunch/build/bdist.macosx-15.0-arm64/python3.13-standalone/app/collect/setuptools/_vendor/jaraco.text-3.12.1.dist-info/METADATA
creating /Users/calum/Developer/GustoPunch/build/bdist.macosx-15.0-arm64/python3.13-standalone/app/collect/setuptools/_vendor/jaraco.collections-5.1.0.dist-info
copying file /Users/calum/Developer/GustoPunch/.venv/lib/python3.13/site-packages/setuptools/_vendor/jaraco.collections-5.1.0.dist-info/RECORD -> /Users/calum/Developer/GustoPunch/build/bdist.macosx-15.0-arm64/python3.13-standalone/app/collect/setuptools/_vendor/jaraco.collections-5.1.0.dist-info/RECORD
copying file /Users/calum/Developer/GustoPunch/.venv/lib/python3.13/site-packages/setuptools/_vendor/jaraco.collections-5.1.0.dist-info/LICENSE -> /Users/calum/Developer/GustoPunch/build/bdist.macosx-15.0-arm64/python3.13-standalone/app/collect/setuptools/_vendor/jaraco.collections-5.1.0.dist-info/LICENSE
copying file /Users/calum/Developer/GustoPunch/.venv/lib/python3.13/site-packages/setuptools/_vendor/jaraco.collections-5.1.0.dist-info/WHEEL -> /Users/calum/Developer/GustoPunch/build/bdist.macosx-15.0-arm64/python3.13-standalone/app/collect/setuptools/_vendor/jaraco.collections-5.1.0.dist-info/WHEEL
copying file /Users/calum/Developer/GustoPunch/.venv/lib/python3.13/site-packages/setuptools/_vendor/jaraco.collections-5.1.0.dist-info/top_level.txt -> /Users/calum/Developer/GustoPunch/build/bdist.macosx-15.0-arm64/python3.13-standalone/app/collect/setuptools/_vendor/jaraco.collections-5.1.0.dist-info/top_level.txt
copying file /Users/calum/Developer/GustoPunch/.venv/lib/python3.13/site-packages/setuptools/_vendor/jaraco.collections-5.1.0.dist-info/REQUESTED -> /Users/calum/Developer/GustoPunch/build/bdist.macosx-15.0-arm64/python3.13-standalone/app/collect/setuptools/_vendor/jaraco.collections-5.1.0.dist-info/REQUESTED
copying file /Users/calum/Developer/GustoPunch/.venv/lib/python3.13/site-packages/setuptools/_vendor/jaraco.collections-5.1.0.dist-info/INSTALLER -> /Users/calum/Developer/GustoPunch/build/bdist.macosx-15.0-arm64/python3.13-standalone/app/collect/setuptools/_vendor/jaraco.collections-5.1.0.dist-info/INSTALLER
copying file /Users/calum/Developer/GustoPunch/.venv/lib/python3.13/site-packages/setuptools/_vendor/jaraco.collections-5.1.0.dist-info/METADATA -> /Users/calum/Developer/GustoPunch/build/bdist.macosx-15.0-arm64/python3.13-standalone/app/collect/setuptools/_vendor/jaraco.collections-5.1.0.dist-info/METADATA
creating /Users/calum/Developer/GustoPunch/build/bdist.macosx-15.0-arm64/python3.13-standalone/app/collect/setuptools/_vendor/importlib_metadata-8.0.0.dist-info
copying file /Users/calum/Developer/GustoPunch/.venv/lib/python3.13/site-packages/setuptools/_vendor/importlib_metadata-8.0.0.dist-info/RECORD -> /Users/calum/Developer/GustoPunch/build/bdist.macosx-15.0-arm64/python3.13-standalone/app/collect/setuptools/_vendor/importlib_metadata-8.0.0.dist-info/RECORD
copying file /Users/calum/Developer/GustoPunch/.venv/lib/python3.13/site-packages/setuptools/_vendor/importlib_metadata-8.0.0.dist-info/LICENSE -> /Users/calum/Developer/GustoPunch/build/bdist.macosx-15.0-arm64/python3.13-standalone/app/collect/setuptools/_vendor/importlib_metadata-8.0.0.dist-info/LICENSE
copying file /Users/calum/Developer/GustoPunch/.venv/lib/python3.13/site-packages/setuptools/_vendor/importlib_metadata-8.0.0.dist-info/WHEEL -> /Users/calum/Developer/GustoPunch/build/bdist.macosx-15.0-arm64/python3.13-standalone/app/collect/setuptools/_vendor/importlib_metadata-8.0.0.dist-info/WHEEL
copying file /Users/calum/Developer/GustoPunch/.venv/lib/python3.13/site-packages/setuptools/_vendor/importlib_metadata-8.0.0.dist-info/top_level.txt -> /Users/calum/Developer/GustoPunch/build/bdist.macosx-15.0-arm64/python3.13-standalone/app/collect/setuptools/_vendor/importlib_metadata-8.0.0.dist-info/top_level.txt
copying file /Users/calum/Developer/GustoPunch/.venv/lib/python3.13/site-packages/setuptools/_vendor/importlib_metadata-8.0.0.dist-info/REQUESTED -> /Users/calum/Developer/GustoPunch/build/bdist.macosx-15.0-arm64/python3.13-standalone/app/collect/setuptools/_vendor/importlib_metadata-8.0.0.dist-info/REQUESTED
copying file /Users/calum/Developer/GustoPunch/.venv/lib/python3.13/site-packages/setuptools/_vendor/importlib_metadata-8.0.0.dist-info/INSTALLER -> /Users/calum/Developer/GustoPunch/build/bdist.macosx-15.0-arm64/python3.13-standalone/app/collect/setuptools/_vendor/importlib_metadata-8.0.0.dist-info/INSTALLER
copying file /Users/calum/Developer/GustoPunch/.venv/lib/python3.13/site-packages/setuptools/_vendor/importlib_metadata-8.0.0.dist-info/METADATA -> /Users/calum/Developer/GustoPunch/build/bdist.macosx-15.0-arm64/python3.13-standalone/app/collect/setuptools/_vendor/importlib_metadata-8.0.0.dist-info/METADATA
creating /Users/calum/Developer/GustoPunch/build/bdist.macosx-15.0-arm64/python3.13-standalone/app/collect/setuptools/_vendor/jaraco
copying file /Users/calum/Developer/GustoPunch/.venv/lib/python3.13/site-packages/setuptools/_vendor/jaraco/context.py -> /Users/calum/Developer/GustoPunch/build/bdist.macosx-15.0-arm64/python3.13-standalone/app/collect/setuptools/_vendor/jaraco/context.py
creating /Users/calum/Developer/GustoPunch/build/bdist.macosx-15.0-arm64/python3.13-standalone/app/collect/setuptools/_vendor/jaraco/functools
copying file /Users/calum/Developer/GustoPunch/.venv/lib/python3.13/site-packages/setuptools/_vendor/jaraco/functools/__init__.pyi -> /Users/calum/Developer/GustoPunch/build/bdist.macosx-15.0-arm64/python3.13-standalone/app/collect/setuptools/_vendor/jaraco/functools/__init__.pyi
copying file /Users/calum/Developer/GustoPunch/.venv/lib/python3.13/site-packages/setuptools/_vendor/jaraco/functools/__init__.py -> /Users/calum/Developer/GustoPunch/build/bdist.macosx-15.0-arm64/python3.13-standalone/app/collect/setuptools/_vendor/jaraco/functools/__init__.py
copying file /Users/calum/Developer/GustoPunch/.venv/lib/python3.13/site-packages/setuptools/_vendor/jaraco/functools/py.typed -> /Users/calum/Developer/GustoPunch/build/bdist.macosx-15.0-arm64/python3.13-standalone/app/collect/setuptools/_vendor/jaraco/functools/py.typed
creating /Users/calum/Developer/GustoPunch/build/bdist.macosx-15.0-arm64/python3.13-standalone/app/collect/setuptools/_vendor/jaraco/text
copying file /Users/calum/Developer/GustoPunch/.venv/lib/python3.13/site-packages/setuptools/_vendor/jaraco/text/to-qwerty.py -> /Users/calum/Developer/GustoPunch/build/bdist.macosx-15.0-arm64/python3.13-standalone/app/collect/setuptools/_vendor/jaraco/text/to-qwerty.py
copying file /Users/calum/Developer/GustoPunch/.venv/lib/python3.13/site-packages/setuptools/_vendor/jaraco/text/show-newlines.py -> /Users/calum/Developer/GustoPunch/build/bdist.macosx-15.0-arm64/python3.13-standalone/app/collect/setuptools/_vendor/jaraco/text/show-newlines.py
copying file /Users/calum/Developer/GustoPunch/.venv/lib/python3.13/site-packages/setuptools/_vendor/jaraco/text/to-dvorak.py -> /Users/calum/Developer/GustoPunch/build/bdist.macosx-15.0-arm64/python3.13-standalone/app/collect/setuptools/_vendor/jaraco/text/to-dvorak.py
copying file /Users/calum/Developer/GustoPunch/.venv/lib/python3.13/site-packages/setuptools/_vendor/jaraco/text/__init__.py -> /Users/calum/Developer/GustoPunch/build/bdist.macosx-15.0-arm64/python3.13-standalone/app/collect/setuptools/_vendor/jaraco/text/__init__.py
creating /Users/calum/Developer/GustoPunch/build/bdist.macosx-15.0-arm64/python3.13-standalone/app/collect/setuptools/_vendor/jaraco/text/__pycache__
copying file /Users/calum/Developer/GustoPunch/.venv/lib/python3.13/site-packages/setuptools/_vendor/jaraco/text/__pycache__/__init__.cpython-313.pyc -> /Users/calum/Developer/GustoPunch/build/bdist.macosx-15.0-arm64/python3.13-standalone/app/collect/setuptools/_vendor/jaraco/text/__pycache__/__init__.cpython-313.pyc
copying file /Users/calum/Developer/GustoPunch/.venv/lib/python3.13/site-packages/setuptools/_vendor/jaraco/text/strip-prefix.py -> /Users/calum/Developer/GustoPunch/build/bdist.macosx-15.0-arm64/python3.13-standalone/app/collect/setuptools/_vendor/jaraco/text/strip-prefix.py
copying file /Users/calum/Developer/GustoPunch/.venv/lib/python3.13/site-packages/setuptools/_vendor/jaraco/text/Lorem ipsum.txt -> /Users/calum/Developer/GustoPunch/build/bdist.macosx-15.0-arm64/python3.13-standalone/app/collect/setuptools/_vendor/jaraco/text/Lorem ipsum.txt
copying file /Users/calum/Developer/GustoPunch/.venv/lib/python3.13/site-packages/setuptools/_vendor/jaraco/text/layouts.py -> /Users/calum/Developer/GustoPunch/build/bdist.macosx-15.0-arm64/python3.13-standalone/app/collect/setuptools/_vendor/jaraco/text/layouts.py
creating /Users/calum/Developer/GustoPunch/build/bdist.macosx-15.0-arm64/python3.13-standalone/app/collect/setuptools/_vendor/jaraco/collections
copying file /Users/calum/Developer/GustoPunch/.venv/lib/python3.13/site-packages/setuptools/_vendor/jaraco/collections/__init__.py -> /Users/calum/Developer/GustoPunch/build/bdist.macosx-15.0-arm64/python3.13-standalone/app/collect/setuptools/_vendor/jaraco/collections/__init__.py
creating /Users/calum/Developer/GustoPunch/build/bdist.macosx-15.0-arm64/python3.13-standalone/app/collect/setuptools/_vendor/jaraco/collections/__pycache__
copying file /Users/calum/Developer/GustoPunch/.venv/lib/python3.13/site-packages/setuptools/_vendor/jaraco/collections/__pycache__/__init__.cpython-313.pyc -> /Users/calum/Developer/GustoPunch/build/bdist.macosx-15.0-arm64/python3.13-standalone/app/collect/setuptools/_vendor/jaraco/collections/__pycache__/__init__.cpython-313.pyc
copying file /Users/calum/Developer/GustoPunch/.venv/lib/python3.13/site-packages/setuptools/_vendor/jaraco/collections/py.typed -> /Users/calum/Developer/GustoPunch/build/bdist.macosx-15.0-arm64/python3.13-standalone/app/collect/setuptools/_vendor/jaraco/collections/py.typed
creating /Users/calum/Developer/GustoPunch/build/bdist.macosx-15.0-arm64/python3.13-standalone/app/collect/setuptools/_vendor/jaraco.functools-4.0.1.dist-info
copying file /Users/calum/Developer/GustoPunch/.venv/lib/python3.13/site-packages/setuptools/_vendor/jaraco.functools-4.0.1.dist-info/RECORD -> /Users/calum/Developer/GustoPunch/build/bdist.macosx-15.0-arm64/python3.13-standalone/app/collect/setuptools/_vendor/jaraco.functools-4.0.1.dist-info/RECORD
copying file /Users/calum/Developer/GustoPunch/.venv/lib/python3.13/site-packages/setuptools/_vendor/jaraco.functools-4.0.1.dist-info/LICENSE -> /Users/calum/Developer/GustoPunch/build/bdist.macosx-15.0-arm64/python3.13-standalone/app/collect/setuptools/_vendor/jaraco.functools-4.0.1.dist-info/LICENSE
copying file /Users/calum/Developer/GustoPunch/.venv/lib/python3.13/site-packages/setuptools/_vendor/jaraco.functools-4.0.1.dist-info/WHEEL -> /Users/calum/Developer/GustoPunch/build/bdist.macosx-15.0-arm64/python3.13-standalone/app/collect/setuptools/_vendor/jaraco.functools-4.0.1.dist-info/WHEEL
copying file /Users/calum/Developer/GustoPunch/.venv/lib/python3.13/site-packages/setuptools/_vendor/jaraco.functools-4.0.1.dist-info/top_level.txt -> /Users/calum/Developer/GustoPunch/build/bdist.macosx-15.0-arm64/python3.13-standalone/app/collect/setuptools/_vendor/jaraco.functools-4.0.1.dist-info/top_level.txt
copying file /Users/calum/Developer/GustoPunch/.venv/lib/python3.13/site-packages/setuptools/_vendor/jaraco.functools-4.0.1.dist-info/INSTALLER -> /Users/calum/Developer/GustoPunch/build/bdist.macosx-15.0-arm64/python3.13-standalone/app/collect/setuptools/_vendor/jaraco.functools-4.0.1.dist-info/INSTALLER
copying file /Users/calum/Developer/GustoPunch/.venv/lib/python3.13/site-packages/setuptools/_vendor/jaraco.functools-4.0.1.dist-info/METADATA -> /Users/calum/Developer/GustoPunch/build/bdist.macosx-15.0-arm64/python3.13-standalone/app/collect/setuptools/_vendor/jaraco.functools-4.0.1.dist-info/METADATA
creating /Users/calum/Developer/GustoPunch/build/bdist.macosx-15.0-arm64/python3.13-standalone/app/collect/setuptools/_vendor/jaraco.context-5.3.0.dist-info
copying file /Users/calum/Developer/GustoPunch/.venv/lib/python3.13/site-packages/setuptools/_vendor/jaraco.context-5.3.0.dist-info/RECORD -> /Users/calum/Developer/GustoPunch/build/bdist.macosx-15.0-arm64/python3.13-standalone/app/collect/setuptools/_vendor/jaraco.context-5.3.0.dist-info/RECORD
copying file /Users/calum/Developer/GustoPunch/.venv/lib/python3.13/site-packages/setuptools/_vendor/jaraco.context-5.3.0.dist-info/LICENSE -> /Users/calum/Developer/GustoPunch/build/bdist.macosx-15.0-arm64/python3.13-standalone/app/collect/setuptools/_vendor/jaraco.context-5.3.0.dist-info/LICENSE
copying file /Users/calum/Developer/GustoPunch/.venv/lib/python3.13/site-packages/setuptools/_vendor/jaraco.context-5.3.0.dist-info/WHEEL -> /Users/calum/Developer/GustoPunch/build/bdist.macosx-15.0-arm64/python3.13-standalone/app/collect/setuptools/_vendor/jaraco.context-5.3.0.dist-info/WHEEL
copying file /Users/calum/Developer/GustoPunch/.venv/lib/python3.13/site-packages/setuptools/_vendor/jaraco.context-5.3.0.dist-info/top_level.txt -> /Users/calum/Developer/GustoPunch/build/bdist.macosx-15.0-arm64/python3.13-standalone/app/collect/setuptools/_vendor/jaraco.context-5.3.0.dist-info/top_level.txt
copying file /Users/calum/Developer/GustoPunch/.venv/lib/python3.13/site-packages/setuptools/_vendor/jaraco.context-5.3.0.dist-info/INSTALLER -> /Users/calum/Developer/GustoPunch/build/bdist.macosx-15.0-arm64/python3.13-standalone/app/collect/setuptools/_vendor/jaraco.context-5.3.0.dist-info/INSTALLER
copying file /Users/calum/Developer/GustoPunch/.venv/lib/python3.13/site-packages/setuptools/_vendor/jaraco.context-5.3.0.dist-info/METADATA -> /Users/calum/Developer/GustoPunch/build/bdist.macosx-15.0-arm64/python3.13-standalone/app/collect/setuptools/_vendor/jaraco.context-5.3.0.dist-info/METADATA
creating /Users/calum/Developer/GustoPunch/build/bdist.macosx-15.0-arm64/python3.13-standalone/app/collect/setuptools/_vendor/inflect-7.3.1.dist-info
copying file /Users/calum/Developer/GustoPunch/.venv/lib/python3.13/site-packages/setuptools/_vendor/inflect-7.3.1.dist-info/RECORD -> /Users/calum/Developer/GustoPunch/build/bdist.macosx-15.0-arm64/python3.13-standalone/app/collect/setuptools/_vendor/inflect-7.3.1.dist-info/RECORD
copying file /Users/calum/Developer/GustoPunch/.venv/lib/python3.13/site-packages/setuptools/_vendor/inflect-7.3.1.dist-info/LICENSE -> /Users/calum/Developer/GustoPunch/build/bdist.macosx-15.0-arm64/python3.13-standalone/app/collect/setuptools/_vendor/inflect-7.3.1.dist-info/LICENSE
copying file /Users/calum/Developer/GustoPunch/.venv/lib/python3.13/site-packages/setuptools/_vendor/inflect-7.3.1.dist-info/WHEEL -> /Users/calum/Developer/GustoPunch/build/bdist.macosx-15.0-arm64/python3.13-standalone/app/collect/setuptools/_vendor/inflect-7.3.1.dist-info/WHEEL
copying file /Users/calum/Developer/GustoPunch/.venv/lib/python3.13/site-packages/setuptools/_vendor/inflect-7.3.1.dist-info/top_level.txt -> /Users/calum/Developer/GustoPunch/build/bdist.macosx-15.0-arm64/python3.13-standalone/app/collect/setuptools/_vendor/inflect-7.3.1.dist-info/top_level.txt
copying file /Users/calum/Developer/GustoPunch/.venv/lib/python3.13/site-packages/setuptools/_vendor/inflect-7.3.1.dist-info/INSTALLER -> /Users/calum/Developer/GustoPunch/build/bdist.macosx-15.0-arm64/python3.13-standalone/app/collect/setuptools/_vendor/inflect-7.3.1.dist-info/INSTALLER
copying file /Users/calum/Developer/GustoPunch/.venv/lib/python3.13/site-packages/setuptools/_vendor/inflect-7.3.1.dist-info/METADATA -> /Users/calum/Developer/GustoPunch/build/bdist.macosx-15.0-arm64/python3.13-standalone/app/collect/setuptools/_vendor/inflect-7.3.1.dist-info/METADATA
creating /Users/calum/Developer/GustoPunch/build/bdist.macosx-15.0-arm64/python3.13-standalone/app/collect/setuptools/_vendor/autocommand-2.2.2.dist-info
copying file /Users/calum/Developer/GustoPunch/.venv/lib/python3.13/site-packages/setuptools/_vendor/autocommand-2.2.2.dist-info/RECORD -> /Users/calum/Developer/GustoPunch/build/bdist.macosx-15.0-arm64/python3.13-standalone/app/collect/setuptools/_vendor/autocommand-2.2.2.dist-info/RECORD
copying file /Users/calum/Developer/GustoPunch/.venv/lib/python3.13/site-packages/setuptools/_vendor/autocommand-2.2.2.dist-info/LICENSE -> /Users/calum/Developer/GustoPunch/build/bdist.macosx-15.0-arm64/python3.13-standalone/app/collect/setuptools/_vendor/autocommand-2.2.2.dist-info/LICENSE
copying file /Users/calum/Developer/GustoPunch/.venv/lib/python3.13/site-packages/setuptools/_vendor/autocommand-2.2.2.dist-info/WHEEL -> /Users/calum/Developer/GustoPunch/build/bdist.macosx-15.0-arm64/python3.13-standalone/app/collect/setuptools/_vendor/autocommand-2.2.2.dist-info/WHEEL
copying file /Users/calum/Developer/GustoPunch/.venv/lib/python3.13/site-packages/setuptools/_vendor/autocommand-2.2.2.dist-info/top_level.txt -> /Users/calum/Developer/GustoPunch/build/bdist.macosx-15.0-arm64/python3.13-standalone/app/collect/setuptools/_vendor/autocommand-2.2.2.dist-info/top_level.txt
copying file /Users/calum/Developer/GustoPunch/.venv/lib/python3.13/site-packages/setuptools/_vendor/autocommand-2.2.2.dist-info/INSTALLER -> /Users/calum/Developer/GustoPunch/build/bdist.macosx-15.0-arm64/python3.13-standalone/app/collect/setuptools/_vendor/autocommand-2.2.2.dist-info/INSTALLER
copying file /Users/calum/Developer/GustoPunch/.venv/lib/python3.13/site-packages/setuptools/_vendor/autocommand-2.2.2.dist-info/METADATA -> /Users/calum/Developer/GustoPunch/build/bdist.macosx-15.0-arm64/python3.13-standalone/app/collect/setuptools/_vendor/autocommand-2.2.2.dist-info/METADATA
creating /Users/calum/Developer/GustoPunch/build/bdist.macosx-15.0-arm64/python3.13-standalone/app/collect/setuptools/_vendor/backports.tarfile-1.2.0.dist-info
copying file /Users/calum/Developer/GustoPunch/.venv/lib/python3.13/site-packages/setuptools/_vendor/backports.tarfile-1.2.0.dist-info/RECORD -> /Users/calum/Developer/GustoPunch/build/bdist.macosx-15.0-arm64/python3.13-standalone/app/collect/setuptools/_vendor/backports.tarfile-1.2.0.dist-info/RECORD
copying file /Users/calum/Developer/GustoPunch/.venv/lib/python3.13/site-packages/setuptools/_vendor/backports.tarfile-1.2.0.dist-info/LICENSE -> /Users/calum/Developer/GustoPunch/build/bdist.macosx-15.0-arm64/python3.13-standalone/app/collect/setuptools/_vendor/backports.tarfile-1.2.0.dist-info/LICENSE
copying file /Users/calum/Developer/GustoPunch/.venv/lib/python3.13/site-packages/setuptools/_vendor/backports.tarfile-1.2.0.dist-info/WHEEL -> /Users/calum/Developer/GustoPunch/build/bdist.macosx-15.0-arm64/python3.13-standalone/app/collect/setuptools/_vendor/backports.tarfile-1.2.0.dist-info/WHEEL
copying file /Users/calum/Developer/GustoPunch/.venv/lib/python3.13/site-packages/setuptools/_vendor/backports.tarfile-1.2.0.dist-info/top_level.txt -> /Users/calum/Developer/GustoPunch/build/bdist.macosx-15.0-arm64/python3.13-standalone/app/collect/setuptools/_vendor/backports.tarfile-1.2.0.dist-info/top_level.txt
copying file /Users/calum/Developer/GustoPunch/.venv/lib/python3.13/site-packages/setuptools/_vendor/backports.tarfile-1.2.0.dist-info/REQUESTED -> /Users/calum/Developer/GustoPunch/build/bdist.macosx-15.0-arm64/python3.13-standalone/app/collect/setuptools/_vendor/backports.tarfile-1.2.0.dist-info/REQUESTED
copying file /Users/calum/Developer/GustoPunch/.venv/lib/python3.13/site-packages/setuptools/_vendor/backports.tarfile-1.2.0.dist-info/INSTALLER -> /Users/calum/Developer/GustoPunch/build/bdist.macosx-15.0-arm64/python3.13-standalone/app/collect/setuptools/_vendor/backports.tarfile-1.2.0.dist-info/INSTALLER
copying file /Users/calum/Developer/GustoPunch/.venv/lib/python3.13/site-packages/setuptools/_vendor/backports.tarfile-1.2.0.dist-info/METADATA -> /Users/calum/Developer/GustoPunch/build/bdist.macosx-15.0-arm64/python3.13-standalone/app/collect/setuptools/_vendor/backports.tarfile-1.2.0.dist-info/METADATA
creating /Users/calum/Developer/GustoPunch/build/bdist.macosx-15.0-arm64/python3.13-standalone/app/collect/setuptools/_vendor/typeguard-4.3.0.dist-info
copying file /Users/calum/Developer/GustoPunch/.venv/lib/python3.13/site-packages/setuptools/_vendor/typeguard-4.3.0.dist-info/RECORD -> /Users/calum/Developer/GustoPunch/build/bdist.macosx-15.0-arm64/python3.13-standalone/app/collect/setuptools/_vendor/typeguard-4.3.0.dist-info/RECORD
copying file /Users/calum/Developer/GustoPunch/.venv/lib/python3.13/site-packages/setuptools/_vendor/typeguard-4.3.0.dist-info/LICENSE -> /Users/calum/Developer/GustoPunch/build/bdist.macosx-15.0-arm64/python3.13-standalone/app/collect/setuptools/_vendor/typeguard-4.3.0.dist-info/LICENSE
copying file /Users/calum/Developer/GustoPunch/.venv/lib/python3.13/site-packages/setuptools/_vendor/typeguard-4.3.0.dist-info/WHEEL -> /Users/calum/Developer/GustoPunch/build/bdist.macosx-15.0-arm64/python3.13-standalone/app/collect/setuptools/_vendor/typeguard-4.3.0.dist-info/WHEEL
copying file /Users/calum/Developer/GustoPunch/.venv/lib/python3.13/site-packages/setuptools/_vendor/typeguard-4.3.0.dist-info/entry_points.txt -> /Users/calum/Developer/GustoPunch/build/bdist.macosx-15.0-arm64/python3.13-standalone/app/collect/setuptools/_vendor/typeguard-4.3.0.dist-info/entry_points.txt
copying file /Users/calum/Developer/GustoPunch/.venv/lib/python3.13/site-packages/setuptools/_vendor/typeguard-4.3.0.dist-info/top_level.txt -> /Users/calum/Developer/GustoPunch/build/bdist.macosx-15.0-arm64/python3.13-standalone/app/collect/setuptools/_vendor/typeguard-4.3.0.dist-info/top_level.txt
copying file /Users/calum/Developer/GustoPunch/.venv/lib/python3.13/site-packages/setuptools/_vendor/typeguard-4.3.0.dist-info/INSTALLER -> /Users/calum/Developer/GustoPunch/build/bdist.macosx-15.0-arm64/python3.13-standalone/app/collect/setuptools/_vendor/typeguard-4.3.0.dist-info/INSTALLER
copying file /Users/calum/Developer/GustoPunch/.venv/lib/python3.13/site-packages/setuptools/_vendor/typeguard-4.3.0.dist-info/METADATA -> /Users/calum/Developer/GustoPunch/build/bdist.macosx-15.0-arm64/python3.13-standalone/app/collect/setuptools/_vendor/typeguard-4.3.0.dist-info/METADATA
creating /Users/calum/Developer/GustoPunch/build/bdist.macosx-15.0-arm64/python3.13-standalone/app/collect/setuptools/_vendor/packaging-24.2.dist-info
copying file /Users/calum/Developer/GustoPunch/.venv/lib/python3.13/site-packages/setuptools/_vendor/packaging-24.2.dist-info/RECORD -> /Users/calum/Developer/GustoPunch/build/bdist.macosx-15.0-arm64/python3.13-standalone/app/collect/setuptools/_vendor/packaging-24.2.dist-info/RECORD
copying file /Users/calum/Developer/GustoPunch/.venv/lib/python3.13/site-packages/setuptools/_vendor/packaging-24.2.dist-info/LICENSE -> /Users/calum/Developer/GustoPunch/build/bdist.macosx-15.0-arm64/python3.13-standalone/app/collect/setuptools/_vendor/packaging-24.2.dist-info/LICENSE
copying file /Users/calum/Developer/GustoPunch/.venv/lib/python3.13/site-packages/setuptools/_vendor/packaging-24.2.dist-info/LICENSE.APACHE -> /Users/calum/Developer/GustoPunch/build/bdist.macosx-15.0-arm64/python3.13-standalone/app/collect/setuptools/_vendor/packaging-24.2.dist-info/LICENSE.APACHE
copying file /Users/calum/Developer/GustoPunch/.venv/lib/python3.13/site-packages/setuptools/_vendor/packaging-24.2.dist-info/WHEEL -> /Users/calum/Developer/GustoPunch/build/bdist.macosx-15.0-arm64/python3.13-standalone/app/collect/setuptools/_vendor/packaging-24.2.dist-info/WHEEL
copying file /Users/calum/Developer/GustoPunch/.venv/lib/python3.13/site-packages/setuptools/_vendor/packaging-24.2.dist-info/LICENSE.BSD -> /Users/calum/Developer/GustoPunch/build/bdist.macosx-15.0-arm64/python3.13-standalone/app/collect/setuptools/_vendor/packaging-24.2.dist-info/LICENSE.BSD
copying file /Users/calum/Developer/GustoPunch/.venv/lib/python3.13/site-packages/setuptools/_vendor/packaging-24.2.dist-info/REQUESTED -> /Users/calum/Developer/GustoPunch/build/bdist.macosx-15.0-arm64/python3.13-standalone/app/collect/setuptools/_vendor/packaging-24.2.dist-info/REQUESTED
copying file /Users/calum/Developer/GustoPunch/.venv/lib/python3.13/site-packages/setuptools/_vendor/packaging-24.2.dist-info/INSTALLER -> /Users/calum/Developer/GustoPunch/build/bdist.macosx-15.0-arm64/python3.13-standalone/app/collect/setuptools/_vendor/packaging-24.2.dist-info/INSTALLER
copying file /Users/calum/Developer/GustoPunch/.venv/lib/python3.13/site-packages/setuptools/_vendor/packaging-24.2.dist-info/METADATA -> /Users/calum/Developer/GustoPunch/build/bdist.macosx-15.0-arm64/python3.13-standalone/app/collect/setuptools/_vendor/packaging-24.2.dist-info/METADATA
creating /Users/calum/Developer/GustoPunch/build/bdist.macosx-15.0-arm64/python3.13-standalone/app/collect/setuptools/_vendor/wheel-0.43.0.dist-info
copying file /Users/calum/Developer/GustoPunch/.venv/lib/python3.13/site-packages/setuptools/_vendor/wheel-0.43.0.dist-info/RECORD -> /Users/calum/Developer/GustoPunch/build/bdist.macosx-15.0-arm64/python3.13-standalone/app/collect/setuptools/_vendor/wheel-0.43.0.dist-info/RECORD
copying file /Users/calum/Developer/GustoPunch/.venv/lib/python3.13/site-packages/setuptools/_vendor/wheel-0.43.0.dist-info/WHEEL -> /Users/calum/Developer/GustoPunch/build/bdist.macosx-15.0-arm64/python3.13-standalone/app/collect/setuptools/_vendor/wheel-0.43.0.dist-info/WHEEL
copying file /Users/calum/Developer/GustoPunch/.venv/lib/python3.13/site-packages/setuptools/_vendor/wheel-0.43.0.dist-info/entry_points.txt -> /Users/calum/Developer/GustoPunch/build/bdist.macosx-15.0-arm64/python3.13-standalone/app/collect/setuptools/_vendor/wheel-0.43.0.dist-info/entry_points.txt
copying file /Users/calum/Developer/GustoPunch/.venv/lib/python3.13/site-packages/setuptools/_vendor/wheel-0.43.0.dist-info/LICENSE.txt -> /Users/calum/Developer/GustoPunch/build/bdist.macosx-15.0-arm64/python3.13-standalone/app/collect/setuptools/_vendor/wheel-0.43.0.dist-info/LICENSE.txt
copying file /Users/calum/Developer/GustoPunch/.venv/lib/python3.13/site-packages/setuptools/_vendor/wheel-0.43.0.dist-info/REQUESTED -> /Users/calum/Developer/GustoPunch/build/bdist.macosx-15.0-arm64/python3.13-standalone/app/collect/setuptools/_vendor/wheel-0.43.0.dist-info/REQUESTED
copying file /Users/calum/Developer/GustoPunch/.venv/lib/python3.13/site-packages/setuptools/_vendor/wheel-0.43.0.dist-info/INSTALLER -> /Users/calum/Developer/GustoPunch/build/bdist.macosx-15.0-arm64/python3.13-standalone/app/collect/setuptools/_vendor/wheel-0.43.0.dist-info/INSTALLER
copying file /Users/calum/Developer/GustoPunch/.venv/lib/python3.13/site-packages/setuptools/_vendor/wheel-0.43.0.dist-info/METADATA -> /Users/calum/Developer/GustoPunch/build/bdist.macosx-15.0-arm64/python3.13-standalone/app/collect/setuptools/_vendor/wheel-0.43.0.dist-info/METADATA
creating /Users/calum/Developer/GustoPunch/build/bdist.macosx-15.0-arm64/python3.13-standalone/app/collect/setuptools/_vendor/zipp-3.19.2.dist-info
copying file /Users/calum/Developer/GustoPunch/.venv/lib/python3.13/site-packages/setuptools/_vendor/zipp-3.19.2.dist-info/RECORD -> /Users/calum/Developer/GustoPunch/build/bdist.macosx-15.0-arm64/python3.13-standalone/app/collect/setuptools/_vendor/zipp-3.19.2.dist-info/RECORD
copying file /Users/calum/Developer/GustoPunch/.venv/lib/python3.13/site-packages/setuptools/_vendor/zipp-3.19.2.dist-info/LICENSE -> /Users/calum/Developer/GustoPunch/build/bdist.macosx-15.0-arm64/python3.13-standalone/app/collect/setuptools/_vendor/zipp-3.19.2.dist-info/LICENSE
copying file /Users/calum/Developer/GustoPunch/.venv/lib/python3.13/site-packages/setuptools/_vendor/zipp-3.19.2.dist-info/WHEEL -> /Users/calum/Developer/GustoPunch/build/bdist.macosx-15.0-arm64/python3.13-standalone/app/collect/setuptools/_vendor/zipp-3.19.2.dist-info/WHEEL
copying file /Users/calum/Developer/GustoPunch/.venv/lib/python3.13/site-packages/setuptools/_vendor/zipp-3.19.2.dist-info/top_level.txt -> /Users/calum/Developer/GustoPunch/build/bdist.macosx-15.0-arm64/python3.13-standalone/app/collect/setuptools/_vendor/zipp-3.19.2.dist-info/top_level.txt
copying file /Users/calum/Developer/GustoPunch/.venv/lib/python3.13/site-packages/setuptools/_vendor/zipp-3.19.2.dist-info/REQUESTED -> /Users/calum/Developer/GustoPunch/build/bdist.macosx-15.0-arm64/python3.13-standalone/app/collect/setuptools/_vendor/zipp-3.19.2.dist-info/REQUESTED
copying file /Users/calum/Developer/GustoPunch/.venv/lib/python3.13/site-packages/setuptools/_vendor/zipp-3.19.2.dist-info/INSTALLER -> /Users/calum/Developer/GustoPunch/build/bdist.macosx-15.0-arm64/python3.13-standalone/app/collect/setuptools/_vendor/zipp-3.19.2.dist-info/INSTALLER
copying file /Users/calum/Developer/GustoPunch/.venv/lib/python3.13/site-packages/setuptools/_vendor/zipp-3.19.2.dist-info/METADATA -> /Users/calum/Developer/GustoPunch/build/bdist.macosx-15.0-arm64/python3.13-standalone/app/collect/setuptools/_vendor/zipp-3.19.2.dist-info/METADATA
creating /Users/calum/Developer/GustoPunch/build/bdist.macosx-15.0-arm64/python3.13-standalone/app/collect/setuptools/_vendor/tomli-2.0.1.dist-info
copying file /Users/calum/Developer/GustoPunch/.venv/lib/python3.13/site-packages/setuptools/_vendor/tomli-2.0.1.dist-info/RECORD -> /Users/calum/Developer/GustoPunch/build/bdist.macosx-15.0-arm64/python3.13-standalone/app/collect/setuptools/_vendor/tomli-2.0.1.dist-info/RECORD
copying file /Users/calum/Developer/GustoPunch/.venv/lib/python3.13/site-packages/setuptools/_vendor/tomli-2.0.1.dist-info/LICENSE -> /Users/calum/Developer/GustoPunch/build/bdist.macosx-15.0-arm64/python3.13-standalone/app/collect/setuptools/_vendor/tomli-2.0.1.dist-info/LICENSE
copying file /Users/calum/Developer/GustoPunch/.venv/lib/python3.13/site-packages/setuptools/_vendor/tomli-2.0.1.dist-info/WHEEL -> /Users/calum/Developer/GustoPunch/build/bdist.macosx-15.0-arm64/python3.13-standalone/app/collect/setuptools/_vendor/tomli-2.0.1.dist-info/WHEEL
copying file /Users/calum/Developer/GustoPunch/.venv/lib/python3.13/site-packages/setuptools/_vendor/tomli-2.0.1.dist-info/REQUESTED -> /Users/calum/Developer/GustoPunch/build/bdist.macosx-15.0-arm64/python3.13-standalone/app/collect/setuptools/_vendor/tomli-2.0.1.dist-info/REQUESTED
copying file /Users/calum/Developer/GustoPunch/.venv/lib/python3.13/site-packages/setuptools/_vendor/tomli-2.0.1.dist-info/INSTALLER -> /Users/calum/Developer/GustoPunch/build/bdist.macosx-15.0-arm64/python3.13-standalone/app/collect/setuptools/_vendor/tomli-2.0.1.dist-info/INSTALLER
copying file /Users/calum/Developer/GustoPunch/.venv/lib/python3.13/site-packages/setuptools/_vendor/tomli-2.0.1.dist-info/METADATA -> /Users/calum/Developer/GustoPunch/build/bdist.macosx-15.0-arm64/python3.13-standalone/app/collect/setuptools/_vendor/tomli-2.0.1.dist-info/METADATA
creating /Users/calum/Developer/GustoPunch/build/bdist.macosx-15.0-arm64/python3.13-standalone/app/collect/setuptools/_vendor/typing_extensions-4.12.2.dist-info
copying file /Users/calum/Developer/GustoPunch/.venv/lib/python3.13/site-packages/setuptools/_vendor/typing_extensions-4.12.2.dist-info/RECORD -> /Users/calum/Developer/GustoPunch/build/bdist.macosx-15.0-arm64/python3.13-standalone/app/collect/setuptools/_vendor/typing_extensions-4.12.2.dist-info/RECORD
copying file /Users/calum/Developer/GustoPunch/.venv/lib/python3.13/site-packages/setuptools/_vendor/typing_extensions-4.12.2.dist-info/LICENSE -> /Users/calum/Developer/GustoPunch/build/bdist.macosx-15.0-arm64/python3.13-standalone/app/collect/setuptools/_vendor/typing_extensions-4.12.2.dist-info/LICENSE
copying file /Users/calum/Developer/GustoPunch/.venv/lib/python3.13/site-packages/setuptools/_vendor/typing_extensions-4.12.2.dist-info/WHEEL -> /Users/calum/Developer/GustoPunch/build/bdist.macosx-15.0-arm64/python3.13-standalone/app/collect/setuptools/_vendor/typing_extensions-4.12.2.dist-info/WHEEL
copying file /Users/calum/Developer/GustoPunch/.venv/lib/python3.13/site-packages/setuptools/_vendor/typing_extensions-4.12.2.dist-info/INSTALLER -> /Users/calum/Developer/GustoPunch/build/bdist.macosx-15.0-arm64/python3.13-standalone/app/collect/setuptools/_vendor/typing_extensions-4.12.2.dist-info/INSTALLER
copying file /Users/calum/Developer/GustoPunch/.venv/lib/python3.13/site-packages/setuptools/_vendor/typing_extensions-4.12.2.dist-info/METADATA -> /Users/calum/Developer/GustoPunch/build/bdist.macosx-15.0-arm64/python3.13-standalone/app/collect/setuptools/_vendor/typing_extensions-4.12.2.dist-info/METADATA
creating /Users/calum/Developer/GustoPunch/build/bdist.macosx-15.0-arm64/python3.13-standalone/app/collect/setuptools/_vendor/more_itertools-10.3.0.dist-info
copying file /Users/calum/Developer/GustoPunch/.venv/lib/python3.13/site-packages/setuptools/_vendor/more_itertools-10.3.0.dist-info/RECORD -> /Users/calum/Developer/GustoPunch/build/bdist.macosx-15.0-arm64/python3.13-standalone/app/collect/setuptools/_vendor/more_itertools-10.3.0.dist-info/RECORD
copying file /Users/calum/Developer/GustoPunch/.venv/lib/python3.13/site-packages/setuptools/_vendor/more_itertools-10.3.0.dist-info/LICENSE -> /Users/calum/Developer/GustoPunch/build/bdist.macosx-15.0-arm64/python3.13-standalone/app/collect/setuptools/_vendor/more_itertools-10.3.0.dist-info/LICENSE
copying file /Users/calum/Developer/GustoPunch/.venv/lib/python3.13/site-packages/setuptools/_vendor/more_itertools-10.3.0.dist-info/WHEEL -> /Users/calum/Developer/GustoPunch/build/bdist.macosx-15.0-arm64/python3.13-standalone/app/collect/setuptools/_vendor/more_itertools-10.3.0.dist-info/WHEEL
copying file /Users/calum/Developer/GustoPunch/.venv/lib/python3.13/site-packages/setuptools/_vendor/more_itertools-10.3.0.dist-info/REQUESTED -> /Users/calum/Developer/GustoPunch/build/bdist.macosx-15.0-arm64/python3.13-standalone/app/collect/setuptools/_vendor/more_itertools-10.3.0.dist-info/REQUESTED
copying file /Users/calum/Developer/GustoPunch/.venv/lib/python3.13/site-packages/setuptools/_vendor/more_itertools-10.3.0.dist-info/INSTALLER -> /Users/calum/Developer/GustoPunch/build/bdist.macosx-15.0-arm64/python3.13-standalone/app/collect/setuptools/_vendor/more_itertools-10.3.0.dist-info/INSTALLER
copying file /Users/calum/Developer/GustoPunch/.venv/lib/python3.13/site-packages/setuptools/_vendor/more_itertools-10.3.0.dist-info/METADATA -> /Users/calum/Developer/GustoPunch/build/bdist.macosx-15.0-arm64/python3.13-standalone/app/collect/setuptools/_vendor/more_itertools-10.3.0.dist-info/METADATA
creating /Users/calum/Developer/GustoPunch/build/bdist.macosx-15.0-arm64/python3.13-standalone/app/collect/setuptools/_vendor/platformdirs-4.2.2.dist-info
copying file /Users/calum/Developer/GustoPunch/.venv/lib/python3.13/site-packages/setuptools/_vendor/platformdirs-4.2.2.dist-info/RECORD -> /Users/calum/Developer/GustoPunch/build/bdist.macosx-15.0-arm64/python3.13-standalone/app/collect/setuptools/_vendor/platformdirs-4.2.2.dist-info/RECORD
creating /Users/calum/Developer/GustoPunch/build/bdist.macosx-15.0-arm64/python3.13-standalone/app/collect/setuptools/_vendor/platformdirs-4.2.2.dist-info/licenses
copying file /Users/calum/Developer/GustoPunch/.venv/lib/python3.13/site-packages/setuptools/_vendor/platformdirs-4.2.2.dist-info/licenses/LICENSE -> /Users/calum/Developer/GustoPunch/build/bdist.macosx-15.0-arm64/python3.13-standalone/app/collect/setuptools/_vendor/platformdirs-4.2.2.dist-info/licenses/LICENSE
copying file /Users/calum/Developer/GustoPunch/.venv/lib/python3.13/site-packages/setuptools/_vendor/platformdirs-4.2.2.dist-info/WHEEL -> /Users/calum/Developer/GustoPunch/build/bdist.macosx-15.0-arm64/python3.13-standalone/app/collect/setuptools/_vendor/platformdirs-4.2.2.dist-info/WHEEL
copying file /Users/calum/Developer/GustoPunch/.venv/lib/python3.13/site-packages/setuptools/_vendor/platformdirs-4.2.2.dist-info/REQUESTED -> /Users/calum/Developer/GustoPunch/build/bdist.macosx-15.0-arm64/python3.13-standalone/app/collect/setuptools/_vendor/platformdirs-4.2.2.dist-info/REQUESTED
copying file /Users/calum/Developer/GustoPunch/.venv/lib/python3.13/site-packages/setuptools/_vendor/platformdirs-4.2.2.dist-info/INSTALLER -> /Users/calum/Developer/GustoPunch/build/bdist.macosx-15.0-arm64/python3.13-standalone/app/collect/setuptools/_vendor/platformdirs-4.2.2.dist-info/INSTALLER
copying file /Users/calum/Developer/GustoPunch/.venv/lib/python3.13/site-packages/setuptools/_vendor/platformdirs-4.2.2.dist-info/METADATA -> /Users/calum/Developer/GustoPunch/build/bdist.macosx-15.0-arm64/python3.13-standalone/app/collect/setuptools/_vendor/platformdirs-4.2.2.dist-info/METADATA
copying file /opt/homebrew/Cellar/python@3.13/3.13.1/Frameworks/Python.framework/Versions/3.13/lib/python3.13/_pyrepl/mypy.ini -> /Users/calum/Developer/GustoPunch/build/bdist.macosx-15.0-arm64/python3.13-standalone/app/collect/_pyrepl/mypy.ini
copying file /opt/homebrew/Cellar/python@3.13/3.13.1/Frameworks/Python.framework/Versions/3.13/lib/python3.13/ctypes/macholib/fetch_macholib -> /Users/calum/Developer/GustoPunch/build/bdist.macosx-15.0-arm64/python3.13-standalone/app/collect/ctypes/macholib/fetch_macholib
copying file /opt/homebrew/Cellar/python@3.13/3.13.1/Frameworks/Python.framework/Versions/3.13/lib/python3.13/ctypes/macholib/README.ctypes -> /Users/calum/Developer/GustoPunch/build/bdist.macosx-15.0-arm64/python3.13-standalone/app/collect/ctypes/macholib/README.ctypes
copying file /opt/homebrew/Cellar/python@3.13/3.13.1/Frameworks/Python.framework/Versions/3.13/lib/python3.13/ctypes/macholib/fetch_macholib.bat -> /Users/calum/Developer/GustoPunch/build/bdist.macosx-15.0-arm64/python3.13-standalone/app/collect/ctypes/macholib/fetch_macholib.bat
copying file /opt/homebrew/Cellar/python@3.13/3.13.1/Frameworks/Python.framework/Versions/3.13/lib/python3.13/email/architecture.rst -> /Users/calum/Developer/GustoPunch/build/bdist.macosx-15.0-arm64/python3.13-standalone/app/collect/email/architecture.rst
copying file /opt/homebrew/Cellar/python@3.13/3.13.1/Frameworks/Python.framework/Versions/3.13/lib/python3.13/pydoc_data/_pydoc.css -> /Users/calum/Developer/GustoPunch/build/bdist.macosx-15.0-arm64/python3.13-standalone/app/collect/pydoc_data/_pydoc.css
copying file /opt/homebrew/Cellar/python@3.13/3.13.1/Frameworks/Python.framework/Versions/3.13/lib/python3.13/test/test_difflib_expect.html -> /Users/calum/Developer/GustoPunch/build/bdist.macosx-15.0-arm64/python3.13-standalone/app/collect/test/test_difflib_expect.html
copying file /opt/homebrew/Cellar/python@3.13/3.13.1/Frameworks/Python.framework/Versions/3.13/lib/python3.13/test/pstats.pck -> /Users/calum/Developer/GustoPunch/build/bdist.macosx-15.0-arm64/python3.13-standalone/app/collect/test/pstats.pck
creating /Users/calum/Developer/GustoPunch/build/bdist.macosx-15.0-arm64/python3.13-standalone/app/collect/test/mathdata
copying file /opt/homebrew/Cellar/python@3.13/3.13.1/Frameworks/Python.framework/Versions/3.13/lib/python3.13/test/mathdata/cmath_testcases.txt -> /Users/calum/Developer/GustoPunch/build/bdist.macosx-15.0-arm64/python3.13-standalone/app/collect/test/mathdata/cmath_testcases.txt
copying file /opt/homebrew/Cellar/python@3.13/3.13.1/Frameworks/Python.framework/Versions/3.13/lib/python3.13/test/mathdata/ieee754.txt -> /Users/calum/Developer/GustoPunch/build/bdist.macosx-15.0-arm64/python3.13-standalone/app/collect/test/mathdata/ieee754.txt
copying file /opt/homebrew/Cellar/python@3.13/3.13.1/Frameworks/Python.framework/Versions/3.13/lib/python3.13/test/mathdata/formatfloat_testcases.txt -> /Users/calum/Developer/GustoPunch/build/bdist.macosx-15.0-arm64/python3.13-standalone/app/collect/test/mathdata/formatfloat_testcases.txt
copying file /opt/homebrew/Cellar/python@3.13/3.13.1/Frameworks/Python.framework/Versions/3.13/lib/python3.13/test/mathdata/math_testcases.txt -> /Users/calum/Developer/GustoPunch/build/bdist.macosx-15.0-arm64/python3.13-standalone/app/collect/test/mathdata/math_testcases.txt
copying file /opt/homebrew/Cellar/python@3.13/3.13.1/Frameworks/Python.framework/Versions/3.13/lib/python3.13/test/mathdata/floating_points.txt -> /Users/calum/Developer/GustoPunch/build/bdist.macosx-15.0-arm64/python3.13-standalone/app/collect/test/mathdata/floating_points.txt
creating /Users/calum/Developer/GustoPunch/build/bdist.macosx-15.0-arm64/python3.13-standalone/app/collect/test/crashers
copying file /opt/homebrew/Cellar/python@3.13/3.13.1/Frameworks/Python.framework/Versions/3.13/lib/python3.13/test/crashers/gc_inspection.py -> /Users/calum/Developer/GustoPunch/build/bdist.macosx-15.0-arm64/python3.13-standalone/app/collect/test/crashers/gc_inspection.py
copying file /opt/homebrew/Cellar/python@3.13/3.13.1/Frameworks/Python.framework/Versions/3.13/lib/python3.13/test/crashers/trace_at_recursion_limit.py -> /Users/calum/Developer/GustoPunch/build/bdist.macosx-15.0-arm64/python3.13-standalone/app/collect/test/crashers/trace_at_recursion_limit.py
copying file /opt/homebrew/Cellar/python@3.13/3.13.1/Frameworks/Python.framework/Versions/3.13/lib/python3.13/test/crashers/underlying_dict.py -> /Users/calum/Developer/GustoPunch/build/bdist.macosx-15.0-arm64/python3.13-standalone/app/collect/test/crashers/underlying_dict.py
copying file /opt/homebrew/Cellar/python@3.13/3.13.1/Frameworks/Python.framework/Versions/3.13/lib/python3.13/test/crashers/infinite_loop_re.py -> /Users/calum/Developer/GustoPunch/build/bdist.macosx-15.0-arm64/python3.13-standalone/app/collect/test/crashers/infinite_loop_re.py
copying file /opt/homebrew/Cellar/python@3.13/3.13.1/Frameworks/Python.framework/Versions/3.13/lib/python3.13/test/crashers/mutation_inside_cyclegc.py -> /Users/calum/Developer/GustoPunch/build/bdist.macosx-15.0-arm64/python3.13-standalone/app/collect/test/crashers/mutation_inside_cyclegc.py
copying file /opt/homebrew/Cellar/python@3.13/3.13.1/Frameworks/Python.framework/Versions/3.13/lib/python3.13/test/crashers/README -> /Users/calum/Developer/GustoPunch/build/bdist.macosx-15.0-arm64/python3.13-standalone/app/collect/test/crashers/README
copying file /opt/homebrew/Cellar/python@3.13/3.13.1/Frameworks/Python.framework/Versions/3.13/lib/python3.13/test/crashers/bogus_code_obj.py -> /Users/calum/Developer/GustoPunch/build/bdist.macosx-15.0-arm64/python3.13-standalone/app/collect/test/crashers/bogus_code_obj.py
copying file /opt/homebrew/Cellar/python@3.13/3.13.1/Frameworks/Python.framework/Versions/3.13/lib/python3.13/test/crashers/recursive_call.py -> /Users/calum/Developer/GustoPunch/build/bdist.macosx-15.0-arm64/python3.13-standalone/app/collect/test/crashers/recursive_call.py
creating /Users/calum/Developer/GustoPunch/build/bdist.macosx-15.0-arm64/python3.13-standalone/app/collect/test/audiodata
copying file /opt/homebrew/Cellar/python@3.13/3.13.1/Frameworks/Python.framework/Versions/3.13/lib/python3.13/test/audiodata/pluck-pcm24.wav -> /Users/calum/Developer/GustoPunch/build/bdist.macosx-15.0-arm64/python3.13-standalone/app/collect/test/audiodata/pluck-pcm24.wav
copying file /opt/homebrew/Cellar/python@3.13/3.13.1/Frameworks/Python.framework/Versions/3.13/lib/python3.13/test/audiodata/pluck-pcm32.wav -> /Users/calum/Developer/GustoPunch/build/bdist.macosx-15.0-arm64/python3.13-standalone/app/collect/test/audiodata/pluck-pcm32.wav
copying file /opt/homebrew/Cellar/python@3.13/3.13.1/Frameworks/Python.framework/Versions/3.13/lib/python3.13/test/audiodata/pluck-pcm16.wav -> /Users/calum/Developer/GustoPunch/build/bdist.macosx-15.0-arm64/python3.13-standalone/app/collect/test/audiodata/pluck-pcm16.wav
copying file /opt/homebrew/Cellar/python@3.13/3.13.1/Frameworks/Python.framework/Versions/3.13/lib/python3.13/test/audiodata/pluck-pcm8.wav -> /Users/calum/Developer/GustoPunch/build/bdist.macosx-15.0-arm64/python3.13-standalone/app/collect/test/audiodata/pluck-pcm8.wav
copying file /opt/homebrew/Cellar/python@3.13/3.13.1/Frameworks/Python.framework/Versions/3.13/lib/python3.13/test/audiodata/pluck-pcm24-ext.wav -> /Users/calum/Developer/GustoPunch/build/bdist.macosx-15.0-arm64/python3.13-standalone/app/collect/test/audiodata/pluck-pcm24-ext.wav
copying file /opt/homebrew/Cellar/python@3.13/3.13.1/Frameworks/Python.framework/Versions/3.13/lib/python3.13/test/empty.vbs -> /Users/calum/Developer/GustoPunch/build/bdist.macosx-15.0-arm64/python3.13-standalone/app/collect/test/empty.vbs
creating /Users/calum/Developer/GustoPunch/build/bdist.macosx-15.0-arm64/python3.13-standalone/app/collect/test/dtracedata
copying file /opt/homebrew/Cellar/python@3.13/3.13.1/Frameworks/Python.framework/Versions/3.13/lib/python3.13/test/dtracedata/instance.py -> /Users/calum/Developer/GustoPunch/build/bdist.macosx-15.0-arm64/python3.13-standalone/app/collect/test/dtracedata/instance.py
copying file /opt/homebrew/Cellar/python@3.13/3.13.1/Frameworks/Python.framework/Versions/3.13/lib/python3.13/test/dtracedata/gc.d.expected -> /Users/calum/Developer/GustoPunch/build/bdist.macosx-15.0-arm64/python3.13-standalone/app/collect/test/dtracedata/gc.d.expected
copying file /opt/homebrew/Cellar/python@3.13/3.13.1/Frameworks/Python.framework/Versions/3.13/lib/python3.13/test/dtracedata/call_stack.py -> /Users/calum/Developer/GustoPunch/build/bdist.macosx-15.0-arm64/python3.13-standalone/app/collect/test/dtracedata/call_stack.py
copying file /opt/homebrew/Cellar/python@3.13/3.13.1/Frameworks/Python.framework/Versions/3.13/lib/python3.13/test/dtracedata/gc.py -> /Users/calum/Developer/GustoPunch/build/bdist.macosx-15.0-arm64/python3.13-standalone/app/collect/test/dtracedata/gc.py
copying file /opt/homebrew/Cellar/python@3.13/3.13.1/Frameworks/Python.framework/Versions/3.13/lib/python3.13/test/dtracedata/call_stack.stp.expected -> /Users/calum/Developer/GustoPunch/build/bdist.macosx-15.0-arm64/python3.13-standalone/app/collect/test/dtracedata/call_stack.stp.expected
copying file /opt/homebrew/Cellar/python@3.13/3.13.1/Frameworks/Python.framework/Versions/3.13/lib/python3.13/test/dtracedata/line.py -> /Users/calum/Developer/GustoPunch/build/bdist.macosx-15.0-arm64/python3.13-standalone/app/collect/test/dtracedata/line.py
copying file /opt/homebrew/Cellar/python@3.13/3.13.1/Frameworks/Python.framework/Versions/3.13/lib/python3.13/test/dtracedata/assert_usable.d -> /Users/calum/Developer/GustoPunch/build/bdist.macosx-15.0-arm64/python3.13-standalone/app/collect/test/dtracedata/assert_usable.d
copying file /opt/homebrew/Cellar/python@3.13/3.13.1/Frameworks/Python.framework/Versions/3.13/lib/python3.13/test/dtracedata/line.d -> /Users/calum/Developer/GustoPunch/build/bdist.macosx-15.0-arm64/python3.13-standalone/app/collect/test/dtracedata/line.d
copying file /opt/homebrew/Cellar/python@3.13/3.13.1/Frameworks/Python.framework/Versions/3.13/lib/python3.13/test/dtracedata/gc.stp -> /Users/calum/Developer/GustoPunch/build/bdist.macosx-15.0-arm64/python3.13-standalone/app/collect/test/dtracedata/gc.stp
copying file /opt/homebrew/Cellar/python@3.13/3.13.1/Frameworks/Python.framework/Versions/3.13/lib/python3.13/test/dtracedata/gc.stp.expected -> /Users/calum/Developer/GustoPunch/build/bdist.macosx-15.0-arm64/python3.13-standalone/app/collect/test/dtracedata/gc.stp.expected
copying file /opt/homebrew/Cellar/python@3.13/3.13.1/Frameworks/Python.framework/Versions/3.13/lib/python3.13/test/dtracedata/call_stack.stp -> /Users/calum/Developer/GustoPunch/build/bdist.macosx-15.0-arm64/python3.13-standalone/app/collect/test/dtracedata/call_stack.stp
copying file /opt/homebrew/Cellar/python@3.13/3.13.1/Frameworks/Python.framework/Versions/3.13/lib/python3.13/test/dtracedata/line.d.expected -> /Users/calum/Developer/GustoPunch/build/bdist.macosx-15.0-arm64/python3.13-standalone/app/collect/test/dtracedata/line.d.expected
copying file /opt/homebrew/Cellar/python@3.13/3.13.1/Frameworks/Python.framework/Versions/3.13/lib/python3.13/test/dtracedata/call_stack.d -> /Users/calum/Developer/GustoPunch/build/bdist.macosx-15.0-arm64/python3.13-standalone/app/collect/test/dtracedata/call_stack.d
copying file /opt/homebrew/Cellar/python@3.13/3.13.1/Frameworks/Python.framework/Versions/3.13/lib/python3.13/test/dtracedata/assert_usable.stp -> /Users/calum/Developer/GustoPunch/build/bdist.macosx-15.0-arm64/python3.13-standalone/app/collect/test/dtracedata/assert_usable.stp
copying file /opt/homebrew/Cellar/python@3.13/3.13.1/Frameworks/Python.framework/Versions/3.13/lib/python3.13/test/dtracedata/call_stack.d.expected -> /Users/calum/Developer/GustoPunch/build/bdist.macosx-15.0-arm64/python3.13-standalone/app/collect/test/dtracedata/call_stack.d.expected
copying file /opt/homebrew/Cellar/python@3.13/3.13.1/Frameworks/Python.framework/Versions/3.13/lib/python3.13/test/dtracedata/gc.d -> /Users/calum/Developer/GustoPunch/build/bdist.macosx-15.0-arm64/python3.13-standalone/app/collect/test/dtracedata/gc.d
copying file /opt/homebrew/Cellar/python@3.13/3.13.1/Frameworks/Python.framework/Versions/3.13/lib/python3.13/test/randv2_32.pck -> /Users/calum/Developer/GustoPunch/build/bdist.macosx-15.0-arm64/python3.13-standalone/app/collect/test/randv2_32.pck
creating /Users/calum/Developer/GustoPunch/build/bdist.macosx-15.0-arm64/python3.13-standalone/app/collect/test/decimaltestdata
copying file /opt/homebrew/Cellar/python@3.13/3.13.1/Frameworks/Python.framework/Versions/3.13/lib/python3.13/test/decimaltestdata/shift.decTest -> /Users/calum/Developer/GustoPunch/build/bdist.macosx-15.0-arm64/python3.13-standalone/app/collect/test/decimaltestdata/shift.decTest
copying file /opt/homebrew/Cellar/python@3.13/3.13.1/Frameworks/Python.framework/Versions/3.13/lib/python3.13/test/decimaltestdata/decSingle.decTest -> /Users/calum/Developer/GustoPunch/build/bdist.macosx-15.0-arm64/python3.13-standalone/app/collect/test/decimaltestdata/decSingle.decTest
copying file /opt/homebrew/Cellar/python@3.13/3.13.1/Frameworks/Python.framework/Versions/3.13/lib/python3.13/test/decimaltestdata/ddCopyNegate.decTest -> /Users/calum/Developer/GustoPunch/build/bdist.macosx-15.0-arm64/python3.13-standalone/app/collect/test/decimaltestdata/ddCopyNegate.decTest
copying file /opt/homebrew/Cellar/python@3.13/3.13.1/Frameworks/Python.framework/Versions/3.13/lib/python3.13/test/decimaltestdata/comparetotal.decTest -> /Users/calum/Developer/GustoPunch/build/bdist.macosx-15.0-arm64/python3.13-standalone/app/collect/test/decimaltestdata/comparetotal.decTest
copying file /opt/homebrew/Cellar/python@3.13/3.13.1/Frameworks/Python.framework/Versions/3.13/lib/python3.13/test/decimaltestdata/dqMin.decTest -> /Users/calum/Developer/GustoPunch/build/bdist.macosx-15.0-arm64/python3.13-standalone/app/collect/test/decimaltestdata/dqMin.decTest
copying file /opt/homebrew/Cellar/python@3.13/3.13.1/Frameworks/Python.framework/Versions/3.13/lib/python3.13/test/decimaltestdata/powersqrt.decTest -> /Users/calum/Developer/GustoPunch/build/bdist.macosx-15.0-arm64/python3.13-standalone/app/collect/test/decimaltestdata/powersqrt.decTest
copying file /opt/homebrew/Cellar/python@3.13/3.13.1/Frameworks/Python.framework/Versions/3.13/lib/python3.13/test/decimaltestdata/max.decTest -> /Users/calum/Developer/GustoPunch/build/bdist.macosx-15.0-arm64/python3.13-standalone/app/collect/test/decimaltestdata/max.decTest
copying file /opt/homebrew/Cellar/python@3.13/3.13.1/Frameworks/Python.framework/Versions/3.13/lib/python3.13/test/decimaltestdata/samequantum.decTest -> /Users/calum/Developer/GustoPunch/build/bdist.macosx-15.0-arm64/python3.13-standalone/app/collect/test/decimaltestdata/samequantum.decTest
copying file /opt/homebrew/Cellar/python@3.13/3.13.1/Frameworks/Python.framework/Versions/3.13/lib/python3.13/test/decimaltestdata/ddClass.decTest -> /Users/calum/Developer/GustoPunch/build/bdist.macosx-15.0-arm64/python3.13-standalone/app/collect/test/decimaltestdata/ddClass.decTest
copying file /opt/homebrew/Cellar/python@3.13/3.13.1/Frameworks/Python.framework/Versions/3.13/lib/python3.13/test/decimaltestdata/ddCopy.decTest -> /Users/calum/Developer/GustoPunch/build/bdist.macosx-15.0-arm64/python3.13-standalone/app/collect/test/decimaltestdata/ddCopy.decTest
copying file /opt/homebrew/Cellar/python@3.13/3.13.1/Frameworks/Python.framework/Versions/3.13/lib/python3.13/test/decimaltestdata/decDouble.decTest -> /Users/calum/Developer/GustoPunch/build/bdist.macosx-15.0-arm64/python3.13-standalone/app/collect/test/decimaltestdata/decDouble.decTest
copying file /opt/homebrew/Cellar/python@3.13/3.13.1/Frameworks/Python.framework/Versions/3.13/lib/python3.13/test/decimaltestdata/ddMaxMag.decTest -> /Users/calum/Developer/GustoPunch/build/bdist.macosx-15.0-arm64/python3.13-standalone/app/collect/test/decimaltestdata/ddMaxMag.decTest
copying file /opt/homebrew/Cellar/python@3.13/3.13.1/Frameworks/Python.framework/Versions/3.13/lib/python3.13/test/decimaltestdata/minmag.decTest -> /Users/calum/Developer/GustoPunch/build/bdist.macosx-15.0-arm64/python3.13-standalone/app/collect/test/decimaltestdata/minmag.decTest
copying file /opt/homebrew/Cellar/python@3.13/3.13.1/Frameworks/Python.framework/Versions/3.13/lib/python3.13/test/decimaltestdata/dsEncode.decTest -> /Users/calum/Developer/GustoPunch/build/bdist.macosx-15.0-arm64/python3.13-standalone/app/collect/test/decimaltestdata/dsEncode.decTest
copying file /opt/homebrew/Cellar/python@3.13/3.13.1/Frameworks/Python.framework/Versions/3.13/lib/python3.13/test/decimaltestdata/log10.decTest -> /Users/calum/Developer/GustoPunch/build/bdist.macosx-15.0-arm64/python3.13-standalone/app/collect/test/decimaltestdata/log10.decTest
copying file /opt/homebrew/Cellar/python@3.13/3.13.1/Frameworks/Python.framework/Versions/3.13/lib/python3.13/test/decimaltestdata/dqDivideInt.decTest -> /Users/calum/Developer/GustoPunch/build/bdist.macosx-15.0-arm64/python3.13-standalone/app/collect/test/decimaltestdata/dqDivideInt.decTest
copying file /opt/homebrew/Cellar/python@3.13/3.13.1/Frameworks/Python.framework/Versions/3.13/lib/python3.13/test/decimaltestdata/dqReduce.decTest -> /Users/calum/Developer/GustoPunch/build/bdist.macosx-15.0-arm64/python3.13-standalone/app/collect/test/decimaltestdata/dqReduce.decTest
copying file /opt/homebrew/Cellar/python@3.13/3.13.1/Frameworks/Python.framework/Versions/3.13/lib/python3.13/test/decimaltestdata/ddNextToward.decTest -> /Users/calum/Developer/GustoPunch/build/bdist.macosx-15.0-arm64/python3.13-standalone/app/collect/test/decimaltestdata/ddNextToward.decTest
copying file /opt/homebrew/Cellar/python@3.13/3.13.1/Frameworks/Python.framework/Versions/3.13/lib/python3.13/test/decimaltestdata/power.decTest -> /Users/calum/Developer/GustoPunch/build/bdist.macosx-15.0-arm64/python3.13-standalone/app/collect/test/decimaltestdata/power.decTest
copying file /opt/homebrew/Cellar/python@3.13/3.13.1/Frameworks/Python.framework/Versions/3.13/lib/python3.13/test/decimaltestdata/ddCompareTotalMag.decTest -> /Users/calum/Developer/GustoPunch/build/bdist.macosx-15.0-arm64/python3.13-standalone/app/collect/test/decimaltestdata/ddCompareTotalMag.decTest
copying file /opt/homebrew/Cellar/python@3.13/3.13.1/Frameworks/Python.framework/Versions/3.13/lib/python3.13/test/decimaltestdata/ddMinus.decTest -> /Users/calum/Developer/GustoPunch/build/bdist.macosx-15.0-arm64/python3.13-standalone/app/collect/test/decimaltestdata/ddMinus.decTest
copying file /opt/homebrew/Cellar/python@3.13/3.13.1/Frameworks/Python.framework/Versions/3.13/lib/python3.13/test/decimaltestdata/testall.decTest -> /Users/calum/Developer/GustoPunch/build/bdist.macosx-15.0-arm64/python3.13-standalone/app/collect/test/decimaltestdata/testall.decTest
copying file /opt/homebrew/Cellar/python@3.13/3.13.1/Frameworks/Python.framework/Versions/3.13/lib/python3.13/test/decimaltestdata/ddReduce.decTest -> /Users/calum/Developer/GustoPunch/build/bdist.macosx-15.0-arm64/python3.13-standalone/app/collect/test/decimaltestdata/ddReduce.decTest
copying file /opt/homebrew/Cellar/python@3.13/3.13.1/Frameworks/Python.framework/Versions/3.13/lib/python3.13/test/decimaltestdata/plus.decTest -> /Users/calum/Developer/GustoPunch/build/bdist.macosx-15.0-arm64/python3.13-standalone/app/collect/test/decimaltestdata/plus.decTest
copying file /opt/homebrew/Cellar/python@3.13/3.13.1/Frameworks/Python.framework/Versions/3.13/lib/python3.13/test/decimaltestdata/dqLogB.decTest -> /Users/calum/Developer/GustoPunch/build/bdist.macosx-15.0-arm64/python3.13-standalone/app/collect/test/decimaltestdata/dqLogB.decTest
copying file /opt/homebrew/Cellar/python@3.13/3.13.1/Frameworks/Python.framework/Versions/3.13/lib/python3.13/test/decimaltestdata/or.decTest -> /Users/calum/Developer/GustoPunch/build/bdist.macosx-15.0-arm64/python3.13-standalone/app/collect/test/decimaltestdata/or.decTest
copying file /opt/homebrew/Cellar/python@3.13/3.13.1/Frameworks/Python.framework/Versions/3.13/lib/python3.13/test/decimaltestdata/dqMaxMag.decTest -> /Users/calum/Developer/GustoPunch/build/bdist.macosx-15.0-arm64/python3.13-standalone/app/collect/test/decimaltestdata/dqMaxMag.decTest
copying file /opt/homebrew/Cellar/python@3.13/3.13.1/Frameworks/Python.framework/Versions/3.13/lib/python3.13/test/decimaltestdata/dqSameQuantum.decTest -> /Users/calum/Developer/GustoPunch/build/bdist.macosx-15.0-arm64/python3.13-standalone/app/collect/test/decimaltestdata/dqSameQuantum.decTest
copying file /opt/homebrew/Cellar/python@3.13/3.13.1/Frameworks/Python.framework/Versions/3.13/lib/python3.13/test/decimaltestdata/extra.decTest -> /Users/calum/Developer/GustoPunch/build/bdist.macosx-15.0-arm64/python3.13-standalone/app/collect/test/decimaltestdata/extra.decTest
copying file /opt/homebrew/Cellar/python@3.13/3.13.1/Frameworks/Python.framework/Versions/3.13/lib/python3.13/test/decimaltestdata/dqPlus.decTest -> /Users/calum/Developer/GustoPunch/build/bdist.macosx-15.0-arm64/python3.13-standalone/app/collect/test/decimaltestdata/dqPlus.decTest
copying file /opt/homebrew/Cellar/python@3.13/3.13.1/Frameworks/Python.framework/Versions/3.13/lib/python3.13/test/decimaltestdata/logb.decTest -> /Users/calum/Developer/GustoPunch/build/bdist.macosx-15.0-arm64/python3.13-standalone/app/collect/test/decimaltestdata/logb.decTest
copying file /opt/homebrew/Cellar/python@3.13/3.13.1/Frameworks/Python.framework/Versions/3.13/lib/python3.13/test/decimaltestdata/ddMax.decTest -> /Users/calum/Developer/GustoPunch/build/bdist.macosx-15.0-arm64/python3.13-standalone/app/collect/test/decimaltestdata/ddMax.decTest
copying file /opt/homebrew/Cellar/python@3.13/3.13.1/Frameworks/Python.framework/Versions/3.13/lib/python3.13/test/decimaltestdata/scaleb.decTest -> /Users/calum/Developer/GustoPunch/build/bdist.macosx-15.0-arm64/python3.13-standalone/app/collect/test/decimaltestdata/scaleb.decTest
copying file /opt/homebrew/Cellar/python@3.13/3.13.1/Frameworks/Python.framework/Versions/3.13/lib/python3.13/test/decimaltestdata/dqQuantize.decTest -> /Users/calum/Developer/GustoPunch/build/bdist.macosx-15.0-arm64/python3.13-standalone/app/collect/test/decimaltestdata/dqQuantize.decTest
copying file /opt/homebrew/Cellar/python@3.13/3.13.1/Frameworks/Python.framework/Versions/3.13/lib/python3.13/test/decimaltestdata/dqInvert.decTest -> /Users/calum/Developer/GustoPunch/build/bdist.macosx-15.0-arm64/python3.13-standalone/app/collect/test/decimaltestdata/dqInvert.decTest
copying file /opt/homebrew/Cellar/python@3.13/3.13.1/Frameworks/Python.framework/Versions/3.13/lib/python3.13/test/decimaltestdata/divideint.decTest -> /Users/calum/Developer/GustoPunch/build/bdist.macosx-15.0-arm64/python3.13-standalone/app/collect/test/decimaltestdata/divideint.decTest
copying file /opt/homebrew/Cellar/python@3.13/3.13.1/Frameworks/Python.framework/Versions/3.13/lib/python3.13/test/decimaltestdata/ddQuantize.decTest -> /Users/calum/Developer/GustoPunch/build/bdist.macosx-15.0-arm64/python3.13-standalone/app/collect/test/decimaltestdata/ddQuantize.decTest
copying file /opt/homebrew/Cellar/python@3.13/3.13.1/Frameworks/Python.framework/Versions/3.13/lib/python3.13/test/decimaltestdata/comparetotmag.decTest -> /Users/calum/Developer/GustoPunch/build/bdist.macosx-15.0-arm64/python3.13-standalone/app/collect/test/decimaltestdata/comparetotmag.decTest
copying file /opt/homebrew/Cellar/python@3.13/3.13.1/Frameworks/Python.framework/Versions/3.13/lib/python3.13/test/decimaltestdata/subtract.decTest -> /Users/calum/Developer/GustoPunch/build/bdist.macosx-15.0-arm64/python3.13-standalone/app/collect/test/decimaltestdata/subtract.decTest
copying file /opt/homebrew/Cellar/python@3.13/3.13.1/Frameworks/Python.framework/Versions/3.13/lib/python3.13/test/decimaltestdata/ddLogB.decTest -> /Users/calum/Developer/GustoPunch/build/bdist.macosx-15.0-arm64/python3.13-standalone/app/collect/test/decimaltestdata/ddLogB.decTest
copying file /opt/homebrew/Cellar/python@3.13/3.13.1/Frameworks/Python.framework/Versions/3.13/lib/python3.13/test/decimaltestdata/divide.decTest -> /Users/calum/Developer/GustoPunch/build/bdist.macosx-15.0-arm64/python3.13-standalone/app/collect/test/decimaltestdata/divide.decTest
copying file /opt/homebrew/Cellar/python@3.13/3.13.1/Frameworks/Python.framework/Versions/3.13/lib/python3.13/test/decimaltestdata/ddPlus.decTest -> /Users/calum/Developer/GustoPunch/build/bdist.macosx-15.0-arm64/python3.13-standalone/app/collect/test/decimaltestdata/ddPlus.decTest
copying file /opt/homebrew/Cellar/python@3.13/3.13.1/Frameworks/Python.framework/Versions/3.13/lib/python3.13/test/decimaltestdata/dqFMA.decTest -> /Users/calum/Developer/GustoPunch/build/bdist.macosx-15.0-arm64/python3.13-standalone/app/collect/test/decimaltestdata/dqFMA.decTest
copying file /opt/homebrew/Cellar/python@3.13/3.13.1/Frameworks/Python.framework/Versions/3.13/lib/python3.13/test/decimaltestdata/dqMinus.decTest -> /Users/calum/Developer/GustoPunch/build/bdist.macosx-15.0-arm64/python3.13-standalone/app/collect/test/decimaltestdata/dqMinus.decTest
copying file /opt/homebrew/Cellar/python@3.13/3.13.1/Frameworks/Python.framework/Versions/3.13/lib/python3.13/test/decimaltestdata/dqCopyAbs.decTest -> /Users/calum/Developer/GustoPunch/build/bdist.macosx-15.0-arm64/python3.13-standalone/app/collect/test/decimaltestdata/dqCopyAbs.decTest
copying file /opt/homebrew/Cellar/python@3.13/3.13.1/Frameworks/Python.framework/Versions/3.13/lib/python3.13/test/decimaltestdata/ddInvert.decTest -> /Users/calum/Developer/GustoPunch/build/bdist.macosx-15.0-arm64/python3.13-standalone/app/collect/test/decimaltestdata/ddInvert.decTest
copying file /opt/homebrew/Cellar/python@3.13/3.13.1/Frameworks/Python.framework/Versions/3.13/lib/python3.13/test/decimaltestdata/rounding.decTest -> /Users/calum/Developer/GustoPunch/build/bdist.macosx-15.0-arm64/python3.13-standalone/app/collect/test/decimaltestdata/rounding.decTest
copying file /opt/homebrew/Cellar/python@3.13/3.13.1/Frameworks/Python.framework/Versions/3.13/lib/python3.13/test/decimaltestdata/ddDivideInt.decTest -> /Users/calum/Developer/GustoPunch/build/bdist.macosx-15.0-arm64/python3.13-standalone/app/collect/test/decimaltestdata/ddDivideInt.decTest
copying file /opt/homebrew/Cellar/python@3.13/3.13.1/Frameworks/Python.framework/Versions/3.13/lib/python3.13/test/decimaltestdata/dqRotate.decTest -> /Users/calum/Developer/GustoPunch/build/bdist.macosx-15.0-arm64/python3.13-standalone/app/collect/test/decimaltestdata/dqRotate.decTest
copying file /opt/homebrew/Cellar/python@3.13/3.13.1/Frameworks/Python.framework/Versions/3.13/lib/python3.13/test/decimaltestdata/dsBase.decTest -> /Users/calum/Developer/GustoPunch/build/bdist.macosx-15.0-arm64/python3.13-standalone/app/collect/test/decimaltestdata/dsBase.decTest
copying file /opt/homebrew/Cellar/python@3.13/3.13.1/Frameworks/Python.framework/Versions/3.13/lib/python3.13/test/decimaltestdata/ddToIntegral.decTest -> /Users/calum/Developer/GustoPunch/build/bdist.macosx-15.0-arm64/python3.13-standalone/app/collect/test/decimaltestdata/ddToIntegral.decTest
copying file /opt/homebrew/Cellar/python@3.13/3.13.1/Frameworks/Python.framework/Versions/3.13/lib/python3.13/test/decimaltestdata/copyabs.decTest -> /Users/calum/Developer/GustoPunch/build/bdist.macosx-15.0-arm64/python3.13-standalone/app/collect/test/decimaltestdata/copyabs.decTest
copying file /opt/homebrew/Cellar/python@3.13/3.13.1/Frameworks/Python.framework/Versions/3.13/lib/python3.13/test/decimaltestdata/inexact.decTest -> /Users/calum/Developer/GustoPunch/build/bdist.macosx-15.0-arm64/python3.13-standalone/app/collect/test/decimaltestdata/inexact.decTest
copying file /opt/homebrew/Cellar/python@3.13/3.13.1/Frameworks/Python.framework/Versions/3.13/lib/python3.13/test/decimaltestdata/dqAbs.decTest -> /Users/calum/Developer/GustoPunch/build/bdist.macosx-15.0-arm64/python3.13-standalone/app/collect/test/decimaltestdata/dqAbs.decTest
copying file /opt/homebrew/Cellar/python@3.13/3.13.1/Frameworks/Python.framework/Versions/3.13/lib/python3.13/test/decimaltestdata/dqAdd.decTest -> /Users/calum/Developer/GustoPunch/build/bdist.macosx-15.0-arm64/python3.13-standalone/app/collect/test/decimaltestdata/dqAdd.decTest
copying file /opt/homebrew/Cellar/python@3.13/3.13.1/Frameworks/Python.framework/Versions/3.13/lib/python3.13/test/decimaltestdata/quantize.decTest -> /Users/calum/Developer/GustoPunch/build/bdist.macosx-15.0-arm64/python3.13-standalone/app/collect/test/decimaltestdata/quantize.decTest
copying file /opt/homebrew/Cellar/python@3.13/3.13.1/Frameworks/Python.framework/Versions/3.13/lib/python3.13/test/decimaltestdata/dqClass.decTest -> /Users/calum/Developer/GustoPunch/build/bdist.macosx-15.0-arm64/python3.13-standalone/app/collect/test/decimaltestdata/dqClass.decTest
copying file /opt/homebrew/Cellar/python@3.13/3.13.1/Frameworks/Python.framework/Versions/3.13/lib/python3.13/test/decimaltestdata/dqXor.decTest -> /Users/calum/Developer/GustoPunch/build/bdist.macosx-15.0-arm64/python3.13-standalone/app/collect/test/decimaltestdata/dqXor.decTest
copying file /opt/homebrew/Cellar/python@3.13/3.13.1/Frameworks/Python.framework/Versions/3.13/lib/python3.13/test/decimaltestdata/copy.decTest -> /Users/calum/Developer/GustoPunch/build/bdist.macosx-15.0-arm64/python3.13-standalone/app/collect/test/decimaltestdata/copy.decTest
copying file /opt/homebrew/Cellar/python@3.13/3.13.1/Frameworks/Python.framework/Versions/3.13/lib/python3.13/test/decimaltestdata/ddCompare.decTest -> /Users/calum/Developer/GustoPunch/build/bdist.macosx-15.0-arm64/python3.13-standalone/app/collect/test/decimaltestdata/ddCompare.decTest
copying file /opt/homebrew/Cellar/python@3.13/3.13.1/Frameworks/Python.framework/Versions/3.13/lib/python3.13/test/decimaltestdata/dqOr.decTest -> /Users/calum/Developer/GustoPunch/build/bdist.macosx-15.0-arm64/python3.13-standalone/app/collect/test/decimaltestdata/dqOr.decTest
copying file /opt/homebrew/Cellar/python@3.13/3.13.1/Frameworks/Python.framework/Versions/3.13/lib/python3.13/test/decimaltestdata/ddSubtract.decTest -> /Users/calum/Developer/GustoPunch/build/bdist.macosx-15.0-arm64/python3.13-standalone/app/collect/test/decimaltestdata/ddSubtract.decTest
copying file /opt/homebrew/Cellar/python@3.13/3.13.1/Frameworks/Python.framework/Versions/3.13/lib/python3.13/test/decimaltestdata/ddCompareSig.decTest -> /Users/calum/Developer/GustoPunch/build/bdist.macosx-15.0-arm64/python3.13-standalone/app/collect/test/decimaltestdata/ddCompareSig.decTest
copying file /opt/homebrew/Cellar/python@3.13/3.13.1/Frameworks/Python.framework/Versions/3.13/lib/python3.13/test/decimaltestdata/dqSubtract.decTest -> /Users/calum/Developer/GustoPunch/build/bdist.macosx-15.0-arm64/python3.13-standalone/app/collect/test/decimaltestdata/dqSubtract.decTest
copying file /opt/homebrew/Cellar/python@3.13/3.13.1/Frameworks/Python.framework/Versions/3.13/lib/python3.13/test/decimaltestdata/rescale.decTest -> /Users/calum/Developer/GustoPunch/build/bdist.macosx-15.0-arm64/python3.13-standalone/app/collect/test/decimaltestdata/rescale.decTest
copying file /opt/homebrew/Cellar/python@3.13/3.13.1/Frameworks/Python.framework/Versions/3.13/lib/python3.13/test/decimaltestdata/ddRotate.decTest -> /Users/calum/Developer/GustoPunch/build/bdist.macosx-15.0-arm64/python3.13-standalone/app/collect/test/decimaltestdata/ddRotate.decTest
copying file /opt/homebrew/Cellar/python@3.13/3.13.1/Frameworks/Python.framework/Versions/3.13/lib/python3.13/test/decimaltestdata/dqCopy.decTest -> /Users/calum/Developer/GustoPunch/build/bdist.macosx-15.0-arm64/python3.13-standalone/app/collect/test/decimaltestdata/dqCopy.decTest
copying file /opt/homebrew/Cellar/python@3.13/3.13.1/Frameworks/Python.framework/Versions/3.13/lib/python3.13/test/decimaltestdata/dqAnd.decTest -> /Users/calum/Developer/GustoPunch/build/bdist.macosx-15.0-arm64/python3.13-standalone/app/collect/test/decimaltestdata/dqAnd.decTest
copying file /opt/homebrew/Cellar/python@3.13/3.13.1/Frameworks/Python.framework/Versions/3.13/lib/python3.13/test/decimaltestdata/ddOr.decTest -> /Users/calum/Developer/GustoPunch/build/bdist.macosx-15.0-arm64/python3.13-standalone/app/collect/test/decimaltestdata/ddOr.decTest
copying file /opt/homebrew/Cellar/python@3.13/3.13.1/Frameworks/Python.framework/Versions/3.13/lib/python3.13/test/decimaltestdata/compare.decTest -> /Users/calum/Developer/GustoPunch/build/bdist.macosx-15.0-arm64/python3.13-standalone/app/collect/test/decimaltestdata/compare.decTest
copying file /opt/homebrew/Cellar/python@3.13/3.13.1/Frameworks/Python.framework/Versions/3.13/lib/python3.13/test/decimaltestdata/abs.decTest -> /Users/calum/Developer/GustoPunch/build/bdist.macosx-15.0-arm64/python3.13-standalone/app/collect/test/decimaltestdata/abs.decTest
copying file /opt/homebrew/Cellar/python@3.13/3.13.1/Frameworks/Python.framework/Versions/3.13/lib/python3.13/test/decimaltestdata/class.decTest -> /Users/calum/Developer/GustoPunch/build/bdist.macosx-15.0-arm64/python3.13-standalone/app/collect/test/decimaltestdata/class.decTest
copying file /opt/homebrew/Cellar/python@3.13/3.13.1/Frameworks/Python.framework/Versions/3.13/lib/python3.13/test/decimaltestdata/add.decTest -> /Users/calum/Developer/GustoPunch/build/bdist.macosx-15.0-arm64/python3.13-standalone/app/collect/test/decimaltestdata/add.decTest
copying file /opt/homebrew/Cellar/python@3.13/3.13.1/Frameworks/Python.framework/Versions/3.13/lib/python3.13/test/decimaltestdata/randoms.decTest -> /Users/calum/Developer/GustoPunch/build/bdist.macosx-15.0-arm64/python3.13-standalone/app/collect/test/decimaltestdata/randoms.decTest
copying file /opt/homebrew/Cellar/python@3.13/3.13.1/Frameworks/Python.framework/Versions/3.13/lib/python3.13/test/decimaltestdata/and.decTest -> /Users/calum/Developer/GustoPunch/build/bdist.macosx-15.0-arm64/python3.13-standalone/app/collect/test/decimaltestdata/and.decTest
copying file /opt/homebrew/Cellar/python@3.13/3.13.1/Frameworks/Python.framework/Versions/3.13/lib/python3.13/test/decimaltestdata/ddCopySign.decTest -> /Users/calum/Developer/GustoPunch/build/bdist.macosx-15.0-arm64/python3.13-standalone/app/collect/test/decimaltestdata/ddCopySign.decTest
copying file /opt/homebrew/Cellar/python@3.13/3.13.1/Frameworks/Python.framework/Versions/3.13/lib/python3.13/test/decimaltestdata/ddCopyAbs.decTest -> /Users/calum/Developer/GustoPunch/build/bdist.macosx-15.0-arm64/python3.13-standalone/app/collect/test/decimaltestdata/ddCopyAbs.decTest
copying file /opt/homebrew/Cellar/python@3.13/3.13.1/Frameworks/Python.framework/Versions/3.13/lib/python3.13/test/decimaltestdata/dqNextToward.decTest -> /Users/calum/Developer/GustoPunch/build/bdist.macosx-15.0-arm64/python3.13-standalone/app/collect/test/decimaltestdata/dqNextToward.decTest
copying file /opt/homebrew/Cellar/python@3.13/3.13.1/Frameworks/Python.framework/Versions/3.13/lib/python3.13/test/decimaltestdata/ln.decTest -> /Users/calum/Developer/GustoPunch/build/bdist.macosx-15.0-arm64/python3.13-standalone/app/collect/test/decimaltestdata/ln.decTest
copying file /opt/homebrew/Cellar/python@3.13/3.13.1/Frameworks/Python.framework/Versions/3.13/lib/python3.13/test/decimaltestdata/ddShift.decTest -> /Users/calum/Developer/GustoPunch/build/bdist.macosx-15.0-arm64/python3.13-standalone/app/collect/test/decimaltestdata/ddShift.decTest
copying file /opt/homebrew/Cellar/python@3.13/3.13.1/Frameworks/Python.framework/Versions/3.13/lib/python3.13/test/decimaltestdata/ddFMA.decTest -> /Users/calum/Developer/GustoPunch/build/bdist.macosx-15.0-arm64/python3.13-standalone/app/collect/test/decimaltestdata/ddFMA.decTest
copying file /opt/homebrew/Cellar/python@3.13/3.13.1/Frameworks/Python.framework/Versions/3.13/lib/python3.13/test/decimaltestdata/remainderNear.decTest -> /Users/calum/Developer/GustoPunch/build/bdist.macosx-15.0-arm64/python3.13-standalone/app/collect/test/decimaltestdata/remainderNear.decTest
copying file /opt/homebrew/Cellar/python@3.13/3.13.1/Frameworks/Python.framework/Versions/3.13/lib/python3.13/test/decimaltestdata/exp.decTest -> /Users/calum/Developer/GustoPunch/build/bdist.macosx-15.0-arm64/python3.13-standalone/app/collect/test/decimaltestdata/exp.decTest
copying file /opt/homebrew/Cellar/python@3.13/3.13.1/Frameworks/Python.framework/Versions/3.13/lib/python3.13/test/decimaltestdata/ddRemainder.decTest -> /Users/calum/Developer/GustoPunch/build/bdist.macosx-15.0-arm64/python3.13-standalone/app/collect/test/decimaltestdata/ddRemainder.decTest
copying file /opt/homebrew/Cellar/python@3.13/3.13.1/Frameworks/Python.framework/Versions/3.13/lib/python3.13/test/decimaltestdata/ddCanonical.decTest -> /Users/calum/Developer/GustoPunch/build/bdist.macosx-15.0-arm64/python3.13-standalone/app/collect/test/decimaltestdata/ddCanonical.decTest
copying file /opt/homebrew/Cellar/python@3.13/3.13.1/Frameworks/Python.framework/Versions/3.13/lib/python3.13/test/decimaltestdata/xor.decTest -> /Users/calum/Developer/GustoPunch/build/bdist.macosx-15.0-arm64/python3.13-standalone/app/collect/test/decimaltestdata/xor.decTest
copying file /opt/homebrew/Cellar/python@3.13/3.13.1/Frameworks/Python.framework/Versions/3.13/lib/python3.13/test/decimaltestdata/dqCopySign.decTest -> /Users/calum/Developer/GustoPunch/build/bdist.macosx-15.0-arm64/python3.13-standalone/app/collect/test/decimaltestdata/dqCopySign.decTest
copying file /opt/homebrew/Cellar/python@3.13/3.13.1/Frameworks/Python.framework/Versions/3.13/lib/python3.13/test/decimaltestdata/dqBase.decTest -> /Users/calum/Developer/GustoPunch/build/bdist.macosx-15.0-arm64/python3.13-standalone/app/collect/test/decimaltestdata/dqBase.decTest
copying file /opt/homebrew/Cellar/python@3.13/3.13.1/Frameworks/Python.framework/Versions/3.13/lib/python3.13/test/decimaltestdata/maxmag.decTest -> /Users/calum/Developer/GustoPunch/build/bdist.macosx-15.0-arm64/python3.13-standalone/app/collect/test/decimaltestdata/maxmag.decTest
copying file /opt/homebrew/Cellar/python@3.13/3.13.1/Frameworks/Python.framework/Versions/3.13/lib/python3.13/test/decimaltestdata/ddMinMag.decTest -> /Users/calum/Developer/GustoPunch/build/bdist.macosx-15.0-arm64/python3.13-standalone/app/collect/test/decimaltestdata/ddMinMag.decTest
copying file /opt/homebrew/Cellar/python@3.13/3.13.1/Frameworks/Python.framework/Versions/3.13/lib/python3.13/test/decimaltestdata/ddAdd.decTest -> /Users/calum/Developer/GustoPunch/build/bdist.macosx-15.0-arm64/python3.13-standalone/app/collect/test/decimaltestdata/ddAdd.decTest
copying file /opt/homebrew/Cellar/python@3.13/3.13.1/Frameworks/Python.framework/Versions/3.13/lib/python3.13/test/decimaltestdata/minus.decTest -> /Users/calum/Developer/GustoPunch/build/bdist.macosx-15.0-arm64/python3.13-standalone/app/collect/test/decimaltestdata/minus.decTest
copying file /opt/homebrew/Cellar/python@3.13/3.13.1/Frameworks/Python.framework/Versions/3.13/lib/python3.13/test/decimaltestdata/ddAbs.decTest -> /Users/calum/Developer/GustoPunch/build/bdist.macosx-15.0-arm64/python3.13-standalone/app/collect/test/decimaltestdata/ddAbs.decTest
copying file /opt/homebrew/Cellar/python@3.13/3.13.1/Frameworks/Python.framework/Versions/3.13/lib/python3.13/test/decimaltestdata/base.decTest -> /Users/calum/Developer/GustoPunch/build/bdist.macosx-15.0-arm64/python3.13-standalone/app/collect/test/decimaltestdata/base.decTest
copying file /opt/homebrew/Cellar/python@3.13/3.13.1/Frameworks/Python.framework/Versions/3.13/lib/python3.13/test/decimaltestdata/dqNextMinus.decTest -> /Users/calum/Developer/GustoPunch/build/bdist.macosx-15.0-arm64/python3.13-standalone/app/collect/test/decimaltestdata/dqNextMinus.decTest
copying file /opt/homebrew/Cellar/python@3.13/3.13.1/Frameworks/Python.framework/Versions/3.13/lib/python3.13/test/decimaltestdata/ddRemainderNear.decTest -> /Users/calum/Developer/GustoPunch/build/bdist.macosx-15.0-arm64/python3.13-standalone/app/collect/test/decimaltestdata/ddRemainderNear.decTest
copying file /opt/homebrew/Cellar/python@3.13/3.13.1/Frameworks/Python.framework/Versions/3.13/lib/python3.13/test/decimaltestdata/ddXor.decTest -> /Users/calum/Developer/GustoPunch/build/bdist.macosx-15.0-arm64/python3.13-standalone/app/collect/test/decimaltestdata/ddXor.decTest
copying file /opt/homebrew/Cellar/python@3.13/3.13.1/Frameworks/Python.framework/Versions/3.13/lib/python3.13/test/decimaltestdata/decQuad.decTest -> /Users/calum/Developer/GustoPunch/build/bdist.macosx-15.0-arm64/python3.13-standalone/app/collect/test/decimaltestdata/decQuad.decTest
copying file /opt/homebrew/Cellar/python@3.13/3.13.1/Frameworks/Python.framework/Versions/3.13/lib/python3.13/test/decimaltestdata/reduce.decTest -> /Users/calum/Developer/GustoPunch/build/bdist.macosx-15.0-arm64/python3.13-standalone/app/collect/test/decimaltestdata/reduce.decTest
copying file /opt/homebrew/Cellar/python@3.13/3.13.1/Frameworks/Python.framework/Versions/3.13/lib/python3.13/test/decimaltestdata/remainder.decTest -> /Users/calum/Developer/GustoPunch/build/bdist.macosx-15.0-arm64/python3.13-standalone/app/collect/test/decimaltestdata/remainder.decTest
copying file /opt/homebrew/Cellar/python@3.13/3.13.1/Frameworks/Python.framework/Versions/3.13/lib/python3.13/test/decimaltestdata/fma.decTest -> /Users/calum/Developer/GustoPunch/build/bdist.macosx-15.0-arm64/python3.13-standalone/app/collect/test/decimaltestdata/fma.decTest
copying file /opt/homebrew/Cellar/python@3.13/3.13.1/Frameworks/Python.framework/Versions/3.13/lib/python3.13/test/decimaltestdata/copysign.decTest -> /Users/calum/Developer/GustoPunch/build/bdist.macosx-15.0-arm64/python3.13-standalone/app/collect/test/decimaltestdata/copysign.decTest
copying file /opt/homebrew/Cellar/python@3.13/3.13.1/Frameworks/Python.framework/Versions/3.13/lib/python3.13/test/decimaltestdata/dqCompare.decTest -> /Users/calum/Developer/GustoPunch/build/bdist.macosx-15.0-arm64/python3.13-standalone/app/collect/test/decimaltestdata/dqCompare.decTest
copying file /opt/homebrew/Cellar/python@3.13/3.13.1/Frameworks/Python.framework/Versions/3.13/lib/python3.13/test/decimaltestdata/squareroot.decTest -> /Users/calum/Developer/GustoPunch/build/bdist.macosx-15.0-arm64/python3.13-standalone/app/collect/test/decimaltestdata/squareroot.decTest
copying file /opt/homebrew/Cellar/python@3.13/3.13.1/Frameworks/Python.framework/Versions/3.13/lib/python3.13/test/decimaltestdata/tointegral.decTest -> /Users/calum/Developer/GustoPunch/build/bdist.macosx-15.0-arm64/python3.13-standalone/app/collect/test/decimaltestdata/tointegral.decTest
copying file /opt/homebrew/Cellar/python@3.13/3.13.1/Frameworks/Python.framework/Versions/3.13/lib/python3.13/test/decimaltestdata/dqMinMag.decTest -> /Users/calum/Developer/GustoPunch/build/bdist.macosx-15.0-arm64/python3.13-standalone/app/collect/test/decimaltestdata/dqMinMag.decTest
copying file /opt/homebrew/Cellar/python@3.13/3.13.1/Frameworks/Python.framework/Versions/3.13/lib/python3.13/test/decimaltestdata/dqCopyNegate.decTest -> /Users/calum/Developer/GustoPunch/build/bdist.macosx-15.0-arm64/python3.13-standalone/app/collect/test/decimaltestdata/dqCopyNegate.decTest
copying file /opt/homebrew/Cellar/python@3.13/3.13.1/Frameworks/Python.framework/Versions/3.13/lib/python3.13/test/decimaltestdata/randomBound32.decTest -> /Users/calum/Developer/GustoPunch/build/bdist.macosx-15.0-arm64/python3.13-standalone/app/collect/test/decimaltestdata/randomBound32.decTest
copying file /opt/homebrew/Cellar/python@3.13/3.13.1/Frameworks/Python.framework/Versions/3.13/lib/python3.13/test/decimaltestdata/ddAnd.decTest -> /Users/calum/Developer/GustoPunch/build/bdist.macosx-15.0-arm64/python3.13-standalone/app/collect/test/decimaltestdata/ddAnd.decTest
copying file /opt/homebrew/Cellar/python@3.13/3.13.1/Frameworks/Python.framework/Versions/3.13/lib/python3.13/test/decimaltestdata/nextplus.decTest -> /Users/calum/Developer/GustoPunch/build/bdist.macosx-15.0-arm64/python3.13-standalone/app/collect/test/decimaltestdata/nextplus.decTest
copying file /opt/homebrew/Cellar/python@3.13/3.13.1/Frameworks/Python.framework/Versions/3.13/lib/python3.13/test/decimaltestdata/ddMultiply.decTest -> /Users/calum/Developer/GustoPunch/build/bdist.macosx-15.0-arm64/python3.13-standalone/app/collect/test/decimaltestdata/ddMultiply.decTest
copying file /opt/homebrew/Cellar/python@3.13/3.13.1/Frameworks/Python.framework/Versions/3.13/lib/python3.13/test/decimaltestdata/ddBase.decTest -> /Users/calum/Developer/GustoPunch/build/bdist.macosx-15.0-arm64/python3.13-standalone/app/collect/test/decimaltestdata/ddBase.decTest
copying file /opt/homebrew/Cellar/python@3.13/3.13.1/Frameworks/Python.framework/Versions/3.13/lib/python3.13/test/decimaltestdata/ddScaleB.decTest -> /Users/calum/Developer/GustoPunch/build/bdist.macosx-15.0-arm64/python3.13-standalone/app/collect/test/decimaltestdata/ddScaleB.decTest
copying file /opt/homebrew/Cellar/python@3.13/3.13.1/Frameworks/Python.framework/Versions/3.13/lib/python3.13/test/decimaltestdata/ddMin.decTest -> /Users/calum/Developer/GustoPunch/build/bdist.macosx-15.0-arm64/python3.13-standalone/app/collect/test/decimaltestdata/ddMin.decTest
copying file /opt/homebrew/Cellar/python@3.13/3.13.1/Frameworks/Python.framework/Versions/3.13/lib/python3.13/test/decimaltestdata/dqDivide.decTest -> /Users/calum/Developer/GustoPunch/build/bdist.macosx-15.0-arm64/python3.13-standalone/app/collect/test/decimaltestdata/dqDivide.decTest
copying file /opt/homebrew/Cellar/python@3.13/3.13.1/Frameworks/Python.framework/Versions/3.13/lib/python3.13/test/decimaltestdata/dqCompareTotal.decTest -> /Users/calum/Developer/GustoPunch/build/bdist.macosx-15.0-arm64/python3.13-standalone/app/collect/test/decimaltestdata/dqCompareTotal.decTest
copying file /opt/homebrew/Cellar/python@3.13/3.13.1/Frameworks/Python.framework/Versions/3.13/lib/python3.13/test/decimaltestdata/nextminus.decTest -> /Users/calum/Developer/GustoPunch/build/bdist.macosx-15.0-arm64/python3.13-standalone/app/collect/test/decimaltestdata/nextminus.decTest
copying file /opt/homebrew/Cellar/python@3.13/3.13.1/Frameworks/Python.framework/Versions/3.13/lib/python3.13/test/decimaltestdata/dqCompareSig.decTest -> /Users/calum/Developer/GustoPunch/build/bdist.macosx-15.0-arm64/python3.13-standalone/app/collect/test/decimaltestdata/dqCompareSig.decTest
copying file /opt/homebrew/Cellar/python@3.13/3.13.1/Frameworks/Python.framework/Versions/3.13/lib/python3.13/test/decimaltestdata/dqMultiply.decTest -> /Users/calum/Developer/GustoPunch/build/bdist.macosx-15.0-arm64/python3.13-standalone/app/collect/test/decimaltestdata/dqMultiply.decTest
copying file /opt/homebrew/Cellar/python@3.13/3.13.1/Frameworks/Python.framework/Versions/3.13/lib/python3.13/test/decimaltestdata/tointegralx.decTest -> /Users/calum/Developer/GustoPunch/build/bdist.macosx-15.0-arm64/python3.13-standalone/app/collect/test/decimaltestdata/tointegralx.decTest
copying file /opt/homebrew/Cellar/python@3.13/3.13.1/Frameworks/Python.framework/Versions/3.13/lib/python3.13/test/decimaltestdata/ddDivide.decTest -> /Users/calum/Developer/GustoPunch/build/bdist.macosx-15.0-arm64/python3.13-standalone/app/collect/test/decimaltestdata/ddDivide.decTest
copying file /opt/homebrew/Cellar/python@3.13/3.13.1/Frameworks/Python.framework/Versions/3.13/lib/python3.13/test/decimaltestdata/dqRemainderNear.decTest -> /Users/calum/Developer/GustoPunch/build/bdist.macosx-15.0-arm64/python3.13-standalone/app/collect/test/decimaltestdata/dqRemainderNear.decTest
copying file /opt/homebrew/Cellar/python@3.13/3.13.1/Frameworks/Python.framework/Versions/3.13/lib/python3.13/test/decimaltestdata/dqRemainder.decTest -> /Users/calum/Developer/GustoPunch/build/bdist.macosx-15.0-arm64/python3.13-standalone/app/collect/test/decimaltestdata/dqRemainder.decTest
copying file /opt/homebrew/Cellar/python@3.13/3.13.1/Frameworks/Python.framework/Versions/3.13/lib/python3.13/test/decimaltestdata/dqCanonical.decTest -> /Users/calum/Developer/GustoPunch/build/bdist.macosx-15.0-arm64/python3.13-standalone/app/collect/test/decimaltestdata/dqCanonical.decTest
copying file /opt/homebrew/Cellar/python@3.13/3.13.1/Frameworks/Python.framework/Versions/3.13/lib/python3.13/test/decimaltestdata/invert.decTest -> /Users/calum/Developer/GustoPunch/build/bdist.macosx-15.0-arm64/python3.13-standalone/app/collect/test/decimaltestdata/invert.decTest
copying file /opt/homebrew/Cellar/python@3.13/3.13.1/Frameworks/Python.framework/Versions/3.13/lib/python3.13/test/decimaltestdata/dqToIntegral.decTest -> /Users/calum/Developer/GustoPunch/build/bdist.macosx-15.0-arm64/python3.13-standalone/app/collect/test/decimaltestdata/dqToIntegral.decTest
copying file /opt/homebrew/Cellar/python@3.13/3.13.1/Frameworks/Python.framework/Versions/3.13/lib/python3.13/test/decimaltestdata/copynegate.decTest -> /Users/calum/Developer/GustoPunch/build/bdist.macosx-15.0-arm64/python3.13-standalone/app/collect/test/decimaltestdata/copynegate.decTest
copying file /opt/homebrew/Cellar/python@3.13/3.13.1/Frameworks/Python.framework/Versions/3.13/lib/python3.13/test/decimaltestdata/dqScaleB.decTest -> /Users/calum/Developer/GustoPunch/build/bdist.macosx-15.0-arm64/python3.13-standalone/app/collect/test/decimaltestdata/dqScaleB.decTest
copying file /opt/homebrew/Cellar/python@3.13/3.13.1/Frameworks/Python.framework/Versions/3.13/lib/python3.13/test/decimaltestdata/ddEncode.decTest -> /Users/calum/Developer/GustoPunch/build/bdist.macosx-15.0-arm64/python3.13-standalone/app/collect/test/decimaltestdata/ddEncode.decTest
copying file /opt/homebrew/Cellar/python@3.13/3.13.1/Frameworks/Python.framework/Versions/3.13/lib/python3.13/test/decimaltestdata/min.decTest -> /Users/calum/Developer/GustoPunch/build/bdist.macosx-15.0-arm64/python3.13-standalone/app/collect/test/decimaltestdata/min.decTest
copying file /opt/homebrew/Cellar/python@3.13/3.13.1/Frameworks/Python.framework/Versions/3.13/lib/python3.13/test/decimaltestdata/ddNextPlus.decTest -> /Users/calum/Developer/GustoPunch/build/bdist.macosx-15.0-arm64/python3.13-standalone/app/collect/test/decimaltestdata/ddNextPlus.decTest
copying file /opt/homebrew/Cellar/python@3.13/3.13.1/Frameworks/Python.framework/Versions/3.13/lib/python3.13/test/decimaltestdata/multiply.decTest -> /Users/calum/Developer/GustoPunch/build/bdist.macosx-15.0-arm64/python3.13-standalone/app/collect/test/decimaltestdata/multiply.decTest
copying file /opt/homebrew/Cellar/python@3.13/3.13.1/Frameworks/Python.framework/Versions/3.13/lib/python3.13/test/decimaltestdata/ddNextMinus.decTest -> /Users/calum/Developer/GustoPunch/build/bdist.macosx-15.0-arm64/python3.13-standalone/app/collect/test/decimaltestdata/ddNextMinus.decTest
copying file /opt/homebrew/Cellar/python@3.13/3.13.1/Frameworks/Python.framework/Versions/3.13/lib/python3.13/test/decimaltestdata/dqNextPlus.decTest -> /Users/calum/Developer/GustoPunch/build/bdist.macosx-15.0-arm64/python3.13-standalone/app/collect/test/decimaltestdata/dqNextPlus.decTest
copying file /opt/homebrew/Cellar/python@3.13/3.13.1/Frameworks/Python.framework/Versions/3.13/lib/python3.13/test/decimaltestdata/clamp.decTest -> /Users/calum/Developer/GustoPunch/build/bdist.macosx-15.0-arm64/python3.13-standalone/app/collect/test/decimaltestdata/clamp.decTest
copying file /opt/homebrew/Cellar/python@3.13/3.13.1/Frameworks/Python.framework/Versions/3.13/lib/python3.13/test/decimaltestdata/ddCompareTotal.decTest -> /Users/calum/Developer/GustoPunch/build/bdist.macosx-15.0-arm64/python3.13-standalone/app/collect/test/decimaltestdata/ddCompareTotal.decTest
copying file /opt/homebrew/Cellar/python@3.13/3.13.1/Frameworks/Python.framework/Versions/3.13/lib/python3.13/test/decimaltestdata/ddSameQuantum.decTest -> /Users/calum/Developer/GustoPunch/build/bdist.macosx-15.0-arm64/python3.13-standalone/app/collect/test/decimaltestdata/ddSameQuantum.decTest
copying file /opt/homebrew/Cellar/python@3.13/3.13.1/Frameworks/Python.framework/Versions/3.13/lib/python3.13/test/decimaltestdata/dqCompareTotalMag.decTest -> /Users/calum/Developer/GustoPunch/build/bdist.macosx-15.0-arm64/python3.13-standalone/app/collect/test/decimaltestdata/dqCompareTotalMag.decTest
copying file /opt/homebrew/Cellar/python@3.13/3.13.1/Frameworks/Python.framework/Versions/3.13/lib/python3.13/test/decimaltestdata/nexttoward.decTest -> /Users/calum/Developer/GustoPunch/build/bdist.macosx-15.0-arm64/python3.13-standalone/app/collect/test/decimaltestdata/nexttoward.decTest
copying file /opt/homebrew/Cellar/python@3.13/3.13.1/Frameworks/Python.framework/Versions/3.13/lib/python3.13/test/decimaltestdata/dqShift.decTest -> /Users/calum/Developer/GustoPunch/build/bdist.macosx-15.0-arm64/python3.13-standalone/app/collect/test/decimaltestdata/dqShift.decTest
copying file /opt/homebrew/Cellar/python@3.13/3.13.1/Frameworks/Python.framework/Versions/3.13/lib/python3.13/test/decimaltestdata/dqEncode.decTest -> /Users/calum/Developer/GustoPunch/build/bdist.macosx-15.0-arm64/python3.13-standalone/app/collect/test/decimaltestdata/dqEncode.decTest
copying file /opt/homebrew/Cellar/python@3.13/3.13.1/Frameworks/Python.framework/Versions/3.13/lib/python3.13/test/decimaltestdata/rotate.decTest -> /Users/calum/Developer/GustoPunch/build/bdist.macosx-15.0-arm64/python3.13-standalone/app/collect/test/decimaltestdata/rotate.decTest
copying file /opt/homebrew/Cellar/python@3.13/3.13.1/Frameworks/Python.framework/Versions/3.13/lib/python3.13/test/decimaltestdata/dqMax.decTest -> /Users/calum/Developer/GustoPunch/build/bdist.macosx-15.0-arm64/python3.13-standalone/app/collect/test/decimaltestdata/dqMax.decTest
creating /Users/calum/Developer/GustoPunch/build/bdist.macosx-15.0-arm64/python3.13-standalone/app/collect/test/xmltestdata
copying file /opt/homebrew/Cellar/python@3.13/3.13.1/Frameworks/Python.framework/Versions/3.13/lib/python3.13/test/xmltestdata/simple-ns.xml -> /Users/calum/Developer/GustoPunch/build/bdist.macosx-15.0-arm64/python3.13-standalone/app/collect/test/xmltestdata/simple-ns.xml
copying file /opt/homebrew/Cellar/python@3.13/3.13.1/Frameworks/Python.framework/Versions/3.13/lib/python3.13/test/xmltestdata/test.xml -> /Users/calum/Developer/GustoPunch/build/bdist.macosx-15.0-arm64/python3.13-standalone/app/collect/test/xmltestdata/test.xml
copying file /opt/homebrew/Cellar/python@3.13/3.13.1/Frameworks/Python.framework/Versions/3.13/lib/python3.13/test/xmltestdata/simple.xml -> /Users/calum/Developer/GustoPunch/build/bdist.macosx-15.0-arm64/python3.13-standalone/app/collect/test/xmltestdata/simple.xml
creating /Users/calum/Developer/GustoPunch/build/bdist.macosx-15.0-arm64/python3.13-standalone/app/collect/test/xmltestdata/c14n-20
copying file /opt/homebrew/Cellar/python@3.13/3.13.1/Frameworks/Python.framework/Versions/3.13/lib/python3.13/test/xmltestdata/c14n-20/inNsSuperfluous.xml -> /Users/calum/Developer/GustoPunch/build/bdist.macosx-15.0-arm64/python3.13-standalone/app/collect/test/xmltestdata/c14n-20/inNsSuperfluous.xml
copying file /opt/homebrew/Cellar/python@3.13/3.13.1/Frameworks/Python.framework/Versions/3.13/lib/python3.13/test/xmltestdata/c14n-20/inNsContent.xml -> /Users/calum/Developer/GustoPunch/build/bdist.macosx-15.0-arm64/python3.13-standalone/app/collect/test/xmltestdata/c14n-20/inNsContent.xml
copying file /opt/homebrew/Cellar/python@3.13/3.13.1/Frameworks/Python.framework/Versions/3.13/lib/python3.13/test/xmltestdata/c14n-20/c14nQnameXpathElem.xml -> /Users/calum/Developer/GustoPunch/build/bdist.macosx-15.0-arm64/python3.13-standalone/app/collect/test/xmltestdata/c14n-20/c14nQnameXpathElem.xml
copying file /opt/homebrew/Cellar/python@3.13/3.13.1/Frameworks/Python.framework/Versions/3.13/lib/python3.13/test/xmltestdata/c14n-20/out_inNsContent_c14nQnameXpathElem.xml -> /Users/calum/Developer/GustoPunch/build/bdist.macosx-15.0-arm64/python3.13-standalone/app/collect/test/xmltestdata/c14n-20/out_inNsContent_c14nQnameXpathElem.xml
copying file /opt/homebrew/Cellar/python@3.13/3.13.1/Frameworks/Python.framework/Versions/3.13/lib/python3.13/test/xmltestdata/c14n-20/out_inNsContent_c14nQnameElem.xml -> /Users/calum/Developer/GustoPunch/build/bdist.macosx-15.0-arm64/python3.13-standalone/app/collect/test/xmltestdata/c14n-20/out_inNsContent_c14nQnameElem.xml
copying file /opt/homebrew/Cellar/python@3.13/3.13.1/Frameworks/Python.framework/Versions/3.13/lib/python3.13/test/xmltestdata/c14n-20/c14nPrefix.xml -> /Users/calum/Developer/GustoPunch/build/bdist.macosx-15.0-arm64/python3.13-standalone/app/collect/test/xmltestdata/c14n-20/c14nPrefix.xml
copying file /opt/homebrew/Cellar/python@3.13/3.13.1/Frameworks/Python.framework/Versions/3.13/lib/python3.13/test/xmltestdata/c14n-20/c14nTrim.xml -> /Users/calum/Developer/GustoPunch/build/bdist.macosx-15.0-arm64/python3.13-standalone/app/collect/test/xmltestdata/c14n-20/c14nTrim.xml
copying file /opt/homebrew/Cellar/python@3.13/3.13.1/Frameworks/Python.framework/Versions/3.13/lib/python3.13/test/xmltestdata/c14n-20/out_inC14N1_c14nComment.xml -> /Users/calum/Developer/GustoPunch/build/bdist.macosx-15.0-arm64/python3.13-standalone/app/collect/test/xmltestdata/c14n-20/out_inC14N1_c14nComment.xml
copying file /opt/homebrew/Cellar/python@3.13/3.13.1/Frameworks/Python.framework/Versions/3.13/lib/python3.13/test/xmltestdata/c14n-20/c14nDefault.xml -> /Users/calum/Developer/GustoPunch/build/bdist.macosx-15.0-arm64/python3.13-standalone/app/collect/test/xmltestdata/c14n-20/c14nDefault.xml
copying file /opt/homebrew/Cellar/python@3.13/3.13.1/Frameworks/Python.framework/Versions/3.13/lib/python3.13/test/xmltestdata/c14n-20/out_inNsSort_c14nPrefix.xml -> /Users/calum/Developer/GustoPunch/build/bdist.macosx-15.0-arm64/python3.13-standalone/app/collect/test/xmltestdata/c14n-20/out_inNsSort_c14nPrefix.xml
copying file /opt/homebrew/Cellar/python@3.13/3.13.1/Frameworks/Python.framework/Versions/3.13/lib/python3.13/test/xmltestdata/c14n-20/world.txt -> /Users/calum/Developer/GustoPunch/build/bdist.macosx-15.0-arm64/python3.13-standalone/app/collect/test/xmltestdata/c14n-20/world.txt
copying file /opt/homebrew/Cellar/python@3.13/3.13.1/Frameworks/Python.framework/Versions/3.13/lib/python3.13/test/xmltestdata/c14n-20/out_inC14N6_c14nDefault.xml -> /Users/calum/Developer/GustoPunch/build/bdist.macosx-15.0-arm64/python3.13-standalone/app/collect/test/xmltestdata/c14n-20/out_inC14N6_c14nDefault.xml
copying file /opt/homebrew/Cellar/python@3.13/3.13.1/Frameworks/Python.framework/Versions/3.13/lib/python3.13/test/xmltestdata/c14n-20/out_inNsDefault_c14nPrefix.xml -> /Users/calum/Developer/GustoPunch/build/bdist.macosx-15.0-arm64/python3.13-standalone/app/collect/test/xmltestdata/c14n-20/out_inNsDefault_c14nPrefix.xml
copying file /opt/homebrew/Cellar/python@3.13/3.13.1/Frameworks/Python.framework/Versions/3.13/lib/python3.13/test/xmltestdata/c14n-20/out_inC14N3_c14nTrim.xml -> /Users/calum/Developer/GustoPunch/build/bdist.macosx-15.0-arm64/python3.13-standalone/app/collect/test/xmltestdata/c14n-20/out_inC14N3_c14nTrim.xml
copying file /opt/homebrew/Cellar/python@3.13/3.13.1/Frameworks/Python.framework/Versions/3.13/lib/python3.13/test/xmltestdata/c14n-20/out_inC14N4_c14nTrim.xml -> /Users/calum/Developer/GustoPunch/build/bdist.macosx-15.0-arm64/python3.13-standalone/app/collect/test/xmltestdata/c14n-20/out_inC14N4_c14nTrim.xml
copying file /opt/homebrew/Cellar/python@3.13/3.13.1/Frameworks/Python.framework/Versions/3.13/lib/python3.13/test/xmltestdata/c14n-20/out_inNsSuperfluous_c14nPrefix.xml -> /Users/calum/Developer/GustoPunch/build/bdist.macosx-15.0-arm64/python3.13-standalone/app/collect/test/xmltestdata/c14n-20/out_inNsSuperfluous_c14nPrefix.xml
copying file /opt/homebrew/Cellar/python@3.13/3.13.1/Frameworks/Python.framework/Versions/3.13/lib/python3.13/test/xmltestdata/c14n-20/out_inC14N5_c14nTrim.xml -> /Users/calum/Developer/GustoPunch/build/bdist.macosx-15.0-arm64/python3.13-standalone/app/collect/test/xmltestdata/c14n-20/out_inC14N5_c14nTrim.xml
copying file /opt/homebrew/Cellar/python@3.13/3.13.1/Frameworks/Python.framework/Versions/3.13/lib/python3.13/test/xmltestdata/c14n-20/c14nComment.xml -> /Users/calum/Developer/GustoPunch/build/bdist.macosx-15.0-arm64/python3.13-standalone/app/collect/test/xmltestdata/c14n-20/c14nComment.xml
copying file /opt/homebrew/Cellar/python@3.13/3.13.1/Frameworks/Python.framework/Versions/3.13/lib/python3.13/test/xmltestdata/c14n-20/out_inC14N2_c14nTrim.xml -> /Users/calum/Developer/GustoPunch/build/bdist.macosx-15.0-arm64/python3.13-standalone/app/collect/test/xmltestdata/c14n-20/out_inC14N2_c14nTrim.xml
copying file /opt/homebrew/Cellar/python@3.13/3.13.1/Frameworks/Python.framework/Versions/3.13/lib/python3.13/test/xmltestdata/c14n-20/out_inC14N1_c14nDefault.xml -> /Users/calum/Developer/GustoPunch/build/bdist.macosx-15.0-arm64/python3.13-standalone/app/collect/test/xmltestdata/c14n-20/out_inC14N1_c14nDefault.xml
copying file /opt/homebrew/Cellar/python@3.13/3.13.1/Frameworks/Python.framework/Versions/3.13/lib/python3.13/test/xmltestdata/c14n-20/README -> /Users/calum/Developer/GustoPunch/build/bdist.macosx-15.0-arm64/python3.13-standalone/app/collect/test/xmltestdata/c14n-20/README
copying file /opt/homebrew/Cellar/python@3.13/3.13.1/Frameworks/Python.framework/Versions/3.13/lib/python3.13/test/xmltestdata/c14n-20/out_inC14N4_c14nDefault.xml -> /Users/calum/Developer/GustoPunch/build/bdist.macosx-15.0-arm64/python3.13-standalone/app/collect/test/xmltestdata/c14n-20/out_inC14N4_c14nDefault.xml
copying file /opt/homebrew/Cellar/python@3.13/3.13.1/Frameworks/Python.framework/Versions/3.13/lib/python3.13/test/xmltestdata/c14n-20/inC14N6.xml -> /Users/calum/Developer/GustoPunch/build/bdist.macosx-15.0-arm64/python3.13-standalone/app/collect/test/xmltestdata/c14n-20/inC14N6.xml
copying file /opt/homebrew/Cellar/python@3.13/3.13.1/Frameworks/Python.framework/Versions/3.13/lib/python3.13/test/xmltestdata/c14n-20/out_inNsXml_c14nDefault.xml -> /Users/calum/Developer/GustoPunch/build/bdist.macosx-15.0-arm64/python3.13-standalone/app/collect/test/xmltestdata/c14n-20/out_inNsXml_c14nDefault.xml
copying file /opt/homebrew/Cellar/python@3.13/3.13.1/Frameworks/Python.framework/Versions/3.13/lib/python3.13/test/xmltestdata/c14n-20/out_inNsRedecl_c14nPrefix.xml -> /Users/calum/Developer/GustoPunch/build/bdist.macosx-15.0-arm64/python3.13-standalone/app/collect/test/xmltestdata/c14n-20/out_inNsRedecl_c14nPrefix.xml
copying file /opt/homebrew/Cellar/python@3.13/3.13.1/Frameworks/Python.framework/Versions/3.13/lib/python3.13/test/xmltestdata/c14n-20/inNsDefault.xml -> /Users/calum/Developer/GustoPunch/build/bdist.macosx-15.0-arm64/python3.13-standalone/app/collect/test/xmltestdata/c14n-20/inNsDefault.xml
copying file /opt/homebrew/Cellar/python@3.13/3.13.1/Frameworks/Python.framework/Versions/3.13/lib/python3.13/test/xmltestdata/c14n-20/out_inNsXml_c14nQname.xml -> /Users/calum/Developer/GustoPunch/build/bdist.macosx-15.0-arm64/python3.13-standalone/app/collect/test/xmltestdata/c14n-20/out_inNsXml_c14nQname.xml
copying file /opt/homebrew/Cellar/python@3.13/3.13.1/Frameworks/Python.framework/Versions/3.13/lib/python3.13/test/xmltestdata/c14n-20/inC14N5.xml -> /Users/calum/Developer/GustoPunch/build/bdist.macosx-15.0-arm64/python3.13-standalone/app/collect/test/xmltestdata/c14n-20/inC14N5.xml
copying file /opt/homebrew/Cellar/python@3.13/3.13.1/Frameworks/Python.framework/Versions/3.13/lib/python3.13/test/xmltestdata/c14n-20/doc.xsl -> /Users/calum/Developer/GustoPunch/build/bdist.macosx-15.0-arm64/python3.13-standalone/app/collect/test/xmltestdata/c14n-20/doc.xsl
copying file /opt/homebrew/Cellar/python@3.13/3.13.1/Frameworks/Python.framework/Versions/3.13/lib/python3.13/test/xmltestdata/c14n-20/inC14N4.xml -> /Users/calum/Developer/GustoPunch/build/bdist.macosx-15.0-arm64/python3.13-standalone/app/collect/test/xmltestdata/c14n-20/inC14N4.xml
copying file /opt/homebrew/Cellar/python@3.13/3.13.1/Frameworks/Python.framework/Versions/3.13/lib/python3.13/test/xmltestdata/c14n-20/inNsRedecl.xml -> /Users/calum/Developer/GustoPunch/build/bdist.macosx-15.0-arm64/python3.13-standalone/app/collect/test/xmltestdata/c14n-20/inNsRedecl.xml
copying file /opt/homebrew/Cellar/python@3.13/3.13.1/Frameworks/Python.framework/Versions/3.13/lib/python3.13/test/xmltestdata/c14n-20/inC14N1.xml -> /Users/calum/Developer/GustoPunch/build/bdist.macosx-15.0-arm64/python3.13-standalone/app/collect/test/xmltestdata/c14n-20/inC14N1.xml
copying file /opt/homebrew/Cellar/python@3.13/3.13.1/Frameworks/Python.framework/Versions/3.13/lib/python3.13/test/xmltestdata/c14n-20/c14nQnameElem.xml -> /Users/calum/Developer/GustoPunch/build/bdist.macosx-15.0-arm64/python3.13-standalone/app/collect/test/xmltestdata/c14n-20/c14nQnameElem.xml
copying file /opt/homebrew/Cellar/python@3.13/3.13.1/Frameworks/Python.framework/Versions/3.13/lib/python3.13/test/xmltestdata/c14n-20/out_inNsXml_c14nPrefix.xml -> /Users/calum/Developer/GustoPunch/build/bdist.macosx-15.0-arm64/python3.13-standalone/app/collect/test/xmltestdata/c14n-20/out_inNsXml_c14nPrefix.xml
copying file /opt/homebrew/Cellar/python@3.13/3.13.1/Frameworks/Python.framework/Versions/3.13/lib/python3.13/test/xmltestdata/c14n-20/out_inNsDefault_c14nDefault.xml -> /Users/calum/Developer/GustoPunch/build/bdist.macosx-15.0-arm64/python3.13-standalone/app/collect/test/xmltestdata/c14n-20/out_inNsDefault_c14nDefault.xml
copying file /opt/homebrew/Cellar/python@3.13/3.13.1/Frameworks/Python.framework/Versions/3.13/lib/python3.13/test/xmltestdata/c14n-20/inNsSort.xml -> /Users/calum/Developer/GustoPunch/build/bdist.macosx-15.0-arm64/python3.13-standalone/app/collect/test/xmltestdata/c14n-20/inNsSort.xml
copying file /opt/homebrew/Cellar/python@3.13/3.13.1/Frameworks/Python.framework/Versions/3.13/lib/python3.13/test/xmltestdata/c14n-20/inC14N3.xml -> /Users/calum/Developer/GustoPunch/build/bdist.macosx-15.0-arm64/python3.13-standalone/app/collect/test/xmltestdata/c14n-20/inC14N3.xml
copying file /opt/homebrew/Cellar/python@3.13/3.13.1/Frameworks/Python.framework/Versions/3.13/lib/python3.13/test/xmltestdata/c14n-20/inC14N2.xml -> /Users/calum/Developer/GustoPunch/build/bdist.macosx-15.0-arm64/python3.13-standalone/app/collect/test/xmltestdata/c14n-20/inC14N2.xml
copying file /opt/homebrew/Cellar/python@3.13/3.13.1/Frameworks/Python.framework/Versions/3.13/lib/python3.13/test/xmltestdata/c14n-20/out_inNsRedecl_c14nDefault.xml -> /Users/calum/Developer/GustoPunch/build/bdist.macosx-15.0-arm64/python3.13-standalone/app/collect/test/xmltestdata/c14n-20/out_inNsRedecl_c14nDefault.xml
copying file /opt/homebrew/Cellar/python@3.13/3.13.1/Frameworks/Python.framework/Versions/3.13/lib/python3.13/test/xmltestdata/c14n-20/out_inNsXml_c14nPrefixQname.xml -> /Users/calum/Developer/GustoPunch/build/bdist.macosx-15.0-arm64/python3.13-standalone/app/collect/test/xmltestdata/c14n-20/out_inNsXml_c14nPrefixQname.xml
copying file /opt/homebrew/Cellar/python@3.13/3.13.1/Frameworks/Python.framework/Versions/3.13/lib/python3.13/test/xmltestdata/c14n-20/out_inNsPushdown_c14nPrefix.xml -> /Users/calum/Developer/GustoPunch/build/bdist.macosx-15.0-arm64/python3.13-standalone/app/collect/test/xmltestdata/c14n-20/out_inNsPushdown_c14nPrefix.xml
copying file /opt/homebrew/Cellar/python@3.13/3.13.1/Frameworks/Python.framework/Versions/3.13/lib/python3.13/test/xmltestdata/c14n-20/out_inC14N3_c14nDefault.xml -> /Users/calum/Developer/GustoPunch/build/bdist.macosx-15.0-arm64/python3.13-standalone/app/collect/test/xmltestdata/c14n-20/out_inC14N3_c14nDefault.xml
copying file /opt/homebrew/Cellar/python@3.13/3.13.1/Frameworks/Python.framework/Versions/3.13/lib/python3.13/test/xmltestdata/c14n-20/out_inNsContent_c14nPrefixQnameXpathElem.xml -> /Users/calum/Developer/GustoPunch/build/bdist.macosx-15.0-arm64/python3.13-standalone/app/collect/test/xmltestdata/c14n-20/out_inNsContent_c14nPrefixQnameXpathElem.xml
copying file /opt/homebrew/Cellar/python@3.13/3.13.1/Frameworks/Python.framework/Versions/3.13/lib/python3.13/test/xmltestdata/c14n-20/out_inNsSuperfluous_c14nDefault.xml -> /Users/calum/Developer/GustoPunch/build/bdist.macosx-15.0-arm64/python3.13-standalone/app/collect/test/xmltestdata/c14n-20/out_inNsSuperfluous_c14nDefault.xml
copying file /opt/homebrew/Cellar/python@3.13/3.13.1/Frameworks/Python.framework/Versions/3.13/lib/python3.13/test/xmltestdata/c14n-20/inNsPushdown.xml -> /Users/calum/Developer/GustoPunch/build/bdist.macosx-15.0-arm64/python3.13-standalone/app/collect/test/xmltestdata/c14n-20/inNsPushdown.xml
copying file /opt/homebrew/Cellar/python@3.13/3.13.1/Frameworks/Python.framework/Versions/3.13/lib/python3.13/test/xmltestdata/c14n-20/c14nPrefixQnameXpathElem.xml -> /Users/calum/Developer/GustoPunch/build/bdist.macosx-15.0-arm64/python3.13-standalone/app/collect/test/xmltestdata/c14n-20/c14nPrefixQnameXpathElem.xml
copying file /opt/homebrew/Cellar/python@3.13/3.13.1/Frameworks/Python.framework/Versions/3.13/lib/python3.13/test/xmltestdata/c14n-20/doc.dtd -> /Users/calum/Developer/GustoPunch/build/bdist.macosx-15.0-arm64/python3.13-standalone/app/collect/test/xmltestdata/c14n-20/doc.dtd
copying file /opt/homebrew/Cellar/python@3.13/3.13.1/Frameworks/Python.framework/Versions/3.13/lib/python3.13/test/xmltestdata/c14n-20/out_inC14N2_c14nDefault.xml -> /Users/calum/Developer/GustoPunch/build/bdist.macosx-15.0-arm64/python3.13-standalone/app/collect/test/xmltestdata/c14n-20/out_inC14N2_c14nDefault.xml
copying file /opt/homebrew/Cellar/python@3.13/3.13.1/Frameworks/Python.framework/Versions/3.13/lib/python3.13/test/xmltestdata/c14n-20/c14nQname.xml -> /Users/calum/Developer/GustoPunch/build/bdist.macosx-15.0-arm64/python3.13-standalone/app/collect/test/xmltestdata/c14n-20/c14nQname.xml
copying file /opt/homebrew/Cellar/python@3.13/3.13.1/Frameworks/Python.framework/Versions/3.13/lib/python3.13/test/xmltestdata/c14n-20/out_inC14N3_c14nPrefix.xml -> /Users/calum/Developer/GustoPunch/build/bdist.macosx-15.0-arm64/python3.13-standalone/app/collect/test/xmltestdata/c14n-20/out_inC14N3_c14nPrefix.xml
copying file /opt/homebrew/Cellar/python@3.13/3.13.1/Frameworks/Python.framework/Versions/3.13/lib/python3.13/test/xmltestdata/c14n-20/inNsXml.xml -> /Users/calum/Developer/GustoPunch/build/bdist.macosx-15.0-arm64/python3.13-standalone/app/collect/test/xmltestdata/c14n-20/inNsXml.xml
copying file /opt/homebrew/Cellar/python@3.13/3.13.1/Frameworks/Python.framework/Versions/3.13/lib/python3.13/test/xmltestdata/c14n-20/c14nPrefixQname.xml -> /Users/calum/Developer/GustoPunch/build/bdist.macosx-15.0-arm64/python3.13-standalone/app/collect/test/xmltestdata/c14n-20/c14nPrefixQname.xml
copying file /opt/homebrew/Cellar/python@3.13/3.13.1/Frameworks/Python.framework/Versions/3.13/lib/python3.13/test/xmltestdata/c14n-20/out_inC14N5_c14nDefault.xml -> /Users/calum/Developer/GustoPunch/build/bdist.macosx-15.0-arm64/python3.13-standalone/app/collect/test/xmltestdata/c14n-20/out_inC14N5_c14nDefault.xml
copying file /opt/homebrew/Cellar/python@3.13/3.13.1/Frameworks/Python.framework/Versions/3.13/lib/python3.13/test/xmltestdata/c14n-20/out_inNsContent_c14nDefault.xml -> /Users/calum/Developer/GustoPunch/build/bdist.macosx-15.0-arm64/python3.13-standalone/app/collect/test/xmltestdata/c14n-20/out_inNsContent_c14nDefault.xml
copying file /opt/homebrew/Cellar/python@3.13/3.13.1/Frameworks/Python.framework/Versions/3.13/lib/python3.13/test/xmltestdata/c14n-20/out_inNsSort_c14nDefault.xml -> /Users/calum/Developer/GustoPunch/build/bdist.macosx-15.0-arm64/python3.13-standalone/app/collect/test/xmltestdata/c14n-20/out_inNsSort_c14nDefault.xml
copying file /opt/homebrew/Cellar/python@3.13/3.13.1/Frameworks/Python.framework/Versions/3.13/lib/python3.13/test/xmltestdata/c14n-20/out_inNsPushdown_c14nDefault.xml -> /Users/calum/Developer/GustoPunch/build/bdist.macosx-15.0-arm64/python3.13-standalone/app/collect/test/xmltestdata/c14n-20/out_inNsPushdown_c14nDefault.xml
copying file /opt/homebrew/Cellar/python@3.13/3.13.1/Frameworks/Python.framework/Versions/3.13/lib/python3.13/test/xmltestdata/expat224_utf8_bug.xml -> /Users/calum/Developer/GustoPunch/build/bdist.macosx-15.0-arm64/python3.13-standalone/app/collect/test/xmltestdata/expat224_utf8_bug.xml
copying file /opt/homebrew/Cellar/python@3.13/3.13.1/Frameworks/Python.framework/Versions/3.13/lib/python3.13/test/xmltestdata/test.xml.out -> /Users/calum/Developer/GustoPunch/build/bdist.macosx-15.0-arm64/python3.13-standalone/app/collect/test/xmltestdata/test.xml.out
copying file /opt/homebrew/Cellar/python@3.13/3.13.1/Frameworks/Python.framework/Versions/3.13/lib/python3.13/test/clinic.test.c -> /Users/calum/Developer/GustoPunch/build/bdist.macosx-15.0-arm64/python3.13-standalone/app/collect/test/clinic.test.c
creating /Users/calum/Developer/GustoPunch/build/bdist.macosx-15.0-arm64/python3.13-standalone/app/collect/test/cjkencodings
copying file /opt/homebrew/Cellar/python@3.13/3.13.1/Frameworks/Python.framework/Versions/3.13/lib/python3.13/test/cjkencodings/gb2312-utf8.txt -> /Users/calum/Developer/GustoPunch/build/bdist.macosx-15.0-arm64/python3.13-standalone/app/collect/test/cjkencodings/gb2312-utf8.txt
copying file /opt/homebrew/Cellar/python@3.13/3.13.1/Frameworks/Python.framework/Versions/3.13/lib/python3.13/test/cjkencodings/shift_jisx0213-utf8.txt -> /Users/calum/Developer/GustoPunch/build/bdist.macosx-15.0-arm64/python3.13-standalone/app/collect/test/cjkencodings/shift_jisx0213-utf8.txt
copying file /opt/homebrew/Cellar/python@3.13/3.13.1/Frameworks/Python.framework/Versions/3.13/lib/python3.13/test/cjkencodings/iso2022_jp.txt -> /Users/calum/Developer/GustoPunch/build/bdist.macosx-15.0-arm64/python3.13-standalone/app/collect/test/cjkencodings/iso2022_jp.txt
copying file /opt/homebrew/Cellar/python@3.13/3.13.1/Frameworks/Python.framework/Versions/3.13/lib/python3.13/test/cjkencodings/hz.txt -> /Users/calum/Developer/GustoPunch/build/bdist.macosx-15.0-arm64/python3.13-standalone/app/collect/test/cjkencodings/hz.txt
copying file /opt/homebrew/Cellar/python@3.13/3.13.1/Frameworks/Python.framework/Versions/3.13/lib/python3.13/test/cjkencodings/gb2312.txt -> /Users/calum/Developer/GustoPunch/build/bdist.macosx-15.0-arm64/python3.13-standalone/app/collect/test/cjkencodings/gb2312.txt
copying file /opt/homebrew/Cellar/python@3.13/3.13.1/Frameworks/Python.framework/Versions/3.13/lib/python3.13/test/cjkencodings/cp949.txt -> /Users/calum/Developer/GustoPunch/build/bdist.macosx-15.0-arm64/python3.13-standalone/app/collect/test/cjkencodings/cp949.txt
copying file /opt/homebrew/Cellar/python@3.13/3.13.1/Frameworks/Python.framework/Versions/3.13/lib/python3.13/test/cjkencodings/iso2022_jp-utf8.txt -> /Users/calum/Developer/GustoPunch/build/bdist.macosx-15.0-arm64/python3.13-standalone/app/collect/test/cjkencodings/iso2022_jp-utf8.txt
copying file /opt/homebrew/Cellar/python@3.13/3.13.1/Frameworks/Python.framework/Versions/3.13/lib/python3.13/test/cjkencodings/johab.txt -> /Users/calum/Developer/GustoPunch/build/bdist.macosx-15.0-arm64/python3.13-standalone/app/collect/test/cjkencodings/johab.txt
copying file /opt/homebrew/Cellar/python@3.13/3.13.1/Frameworks/Python.framework/Versions/3.13/lib/python3.13/test/cjkencodings/big5.txt -> /Users/calum/Developer/GustoPunch/build/bdist.macosx-15.0-arm64/python3.13-standalone/app/collect/test/cjkencodings/big5.txt
copying file /opt/homebrew/Cellar/python@3.13/3.13.1/Frameworks/Python.framework/Versions/3.13/lib/python3.13/test/cjkencodings/shift_jis.txt -> /Users/calum/Developer/GustoPunch/build/bdist.macosx-15.0-arm64/python3.13-standalone/app/collect/test/cjkencodings/shift_jis.txt
copying file /opt/homebrew/Cellar/python@3.13/3.13.1/Frameworks/Python.framework/Versions/3.13/lib/python3.13/test/cjkencodings/cp949-utf8.txt -> /Users/calum/Developer/GustoPunch/build/bdist.macosx-15.0-arm64/python3.13-standalone/app/collect/test/cjkencodings/cp949-utf8.txt
copying file /opt/homebrew/Cellar/python@3.13/3.13.1/Frameworks/Python.framework/Versions/3.13/lib/python3.13/test/cjkencodings/iso2022_kr.txt -> /Users/calum/Developer/GustoPunch/build/bdist.macosx-15.0-arm64/python3.13-standalone/app/collect/test/cjkencodings/iso2022_kr.txt
copying file /opt/homebrew/Cellar/python@3.13/3.13.1/Frameworks/Python.framework/Versions/3.13/lib/python3.13/test/cjkencodings/big5hkscs-utf8.txt -> /Users/calum/Developer/GustoPunch/build/bdist.macosx-15.0-arm64/python3.13-standalone/app/collect/test/cjkencodings/big5hkscs-utf8.txt
copying file /opt/homebrew/Cellar/python@3.13/3.13.1/Frameworks/Python.framework/Versions/3.13/lib/python3.13/test/cjkencodings/euc_jp-utf8.txt -> /Users/calum/Developer/GustoPunch/build/bdist.macosx-15.0-arm64/python3.13-standalone/app/collect/test/cjkencodings/euc_jp-utf8.txt
copying file /opt/homebrew/Cellar/python@3.13/3.13.1/Frameworks/Python.framework/Versions/3.13/lib/python3.13/test/cjkencodings/shift_jis-utf8.txt -> /Users/calum/Developer/GustoPunch/build/bdist.macosx-15.0-arm64/python3.13-standalone/app/collect/test/cjkencodings/shift_jis-utf8.txt
copying file /opt/homebrew/Cellar/python@3.13/3.13.1/Frameworks/Python.framework/Versions/3.13/lib/python3.13/test/cjkencodings/euc_jp.txt -> /Users/calum/Developer/GustoPunch/build/bdist.macosx-15.0-arm64/python3.13-standalone/app/collect/test/cjkencodings/euc_jp.txt
copying file /opt/homebrew/Cellar/python@3.13/3.13.1/Frameworks/Python.framework/Versions/3.13/lib/python3.13/test/cjkencodings/gbk-utf8.txt -> /Users/calum/Developer/GustoPunch/build/bdist.macosx-15.0-arm64/python3.13-standalone/app/collect/test/cjkencodings/gbk-utf8.txt
copying file /opt/homebrew/Cellar/python@3.13/3.13.1/Frameworks/Python.framework/Versions/3.13/lib/python3.13/test/cjkencodings/euc_jisx0213.txt -> /Users/calum/Developer/GustoPunch/build/bdist.macosx-15.0-arm64/python3.13-standalone/app/collect/test/cjkencodings/euc_jisx0213.txt
copying file /opt/homebrew/Cellar/python@3.13/3.13.1/Frameworks/Python.framework/Versions/3.13/lib/python3.13/test/cjkencodings/euc_jisx0213-utf8.txt -> /Users/calum/Developer/GustoPunch/build/bdist.macosx-15.0-arm64/python3.13-standalone/app/collect/test/cjkencodings/euc_jisx0213-utf8.txt
copying file /opt/homebrew/Cellar/python@3.13/3.13.1/Frameworks/Python.framework/Versions/3.13/lib/python3.13/test/cjkencodings/hz-utf8.txt -> /Users/calum/Developer/GustoPunch/build/bdist.macosx-15.0-arm64/python3.13-standalone/app/collect/test/cjkencodings/hz-utf8.txt
copying file /opt/homebrew/Cellar/python@3.13/3.13.1/Frameworks/Python.framework/Versions/3.13/lib/python3.13/test/cjkencodings/euc_kr-utf8.txt -> /Users/calum/Developer/GustoPunch/build/bdist.macosx-15.0-arm64/python3.13-standalone/app/collect/test/cjkencodings/euc_kr-utf8.txt
copying file /opt/homebrew/Cellar/python@3.13/3.13.1/Frameworks/Python.framework/Versions/3.13/lib/python3.13/test/cjkencodings/euc_kr.txt -> /Users/calum/Developer/GustoPunch/build/bdist.macosx-15.0-arm64/python3.13-standalone/app/collect/test/cjkencodings/euc_kr.txt
copying file /opt/homebrew/Cellar/python@3.13/3.13.1/Frameworks/Python.framework/Versions/3.13/lib/python3.13/test/cjkencodings/big5-utf8.txt -> /Users/calum/Developer/GustoPunch/build/bdist.macosx-15.0-arm64/python3.13-standalone/app/collect/test/cjkencodings/big5-utf8.txt
copying file /opt/homebrew/Cellar/python@3.13/3.13.1/Frameworks/Python.framework/Versions/3.13/lib/python3.13/test/cjkencodings/johab-utf8.txt -> /Users/calum/Developer/GustoPunch/build/bdist.macosx-15.0-arm64/python3.13-standalone/app/collect/test/cjkencodings/johab-utf8.txt
copying file /opt/homebrew/Cellar/python@3.13/3.13.1/Frameworks/Python.framework/Versions/3.13/lib/python3.13/test/cjkencodings/gb18030-utf8.txt -> /Users/calum/Developer/GustoPunch/build/bdist.macosx-15.0-arm64/python3.13-standalone/app/collect/test/cjkencodings/gb18030-utf8.txt
copying file /opt/homebrew/Cellar/python@3.13/3.13.1/Frameworks/Python.framework/Versions/3.13/lib/python3.13/test/cjkencodings/gb18030.txt -> /Users/calum/Developer/GustoPunch/build/bdist.macosx-15.0-arm64/python3.13-standalone/app/collect/test/cjkencodings/gb18030.txt
copying file /opt/homebrew/Cellar/python@3.13/3.13.1/Frameworks/Python.framework/Versions/3.13/lib/python3.13/test/cjkencodings/shift_jisx0213.txt -> /Users/calum/Developer/GustoPunch/build/bdist.macosx-15.0-arm64/python3.13-standalone/app/collect/test/cjkencodings/shift_jisx0213.txt
copying file /opt/homebrew/Cellar/python@3.13/3.13.1/Frameworks/Python.framework/Versions/3.13/lib/python3.13/test/cjkencodings/iso2022_kr-utf8.txt -> /Users/calum/Developer/GustoPunch/build/bdist.macosx-15.0-arm64/python3.13-standalone/app/collect/test/cjkencodings/iso2022_kr-utf8.txt
copying file /opt/homebrew/Cellar/python@3.13/3.13.1/Frameworks/Python.framework/Versions/3.13/lib/python3.13/test/cjkencodings/gbk.txt -> /Users/calum/Developer/GustoPunch/build/bdist.macosx-15.0-arm64/python3.13-standalone/app/collect/test/cjkencodings/gbk.txt
copying file /opt/homebrew/Cellar/python@3.13/3.13.1/Frameworks/Python.framework/Versions/3.13/lib/python3.13/test/cjkencodings/big5hkscs.txt -> /Users/calum/Developer/GustoPunch/build/bdist.macosx-15.0-arm64/python3.13-standalone/app/collect/test/cjkencodings/big5hkscs.txt
creating /Users/calum/Developer/GustoPunch/build/bdist.macosx-15.0-arm64/python3.13-standalone/app/collect/test/translationdata
creating /Users/calum/Developer/GustoPunch/build/bdist.macosx-15.0-arm64/python3.13-standalone/app/collect/test/translationdata/optparse
copying file /opt/homebrew/Cellar/python@3.13/3.13.1/Frameworks/Python.framework/Versions/3.13/lib/python3.13/test/translationdata/optparse/msgids.txt -> /Users/calum/Developer/GustoPunch/build/bdist.macosx-15.0-arm64/python3.13-standalone/app/collect/test/translationdata/optparse/msgids.txt
creating /Users/calum/Developer/GustoPunch/build/bdist.macosx-15.0-arm64/python3.13-standalone/app/collect/test/translationdata/getopt
copying file /opt/homebrew/Cellar/python@3.13/3.13.1/Frameworks/Python.framework/Versions/3.13/lib/python3.13/test/translationdata/getopt/msgids.txt -> /Users/calum/Developer/GustoPunch/build/bdist.macosx-15.0-arm64/python3.13-standalone/app/collect/test/translationdata/getopt/msgids.txt
creating /Users/calum/Developer/GustoPunch/build/bdist.macosx-15.0-arm64/python3.13-standalone/app/collect/test/translationdata/argparse
copying file /opt/homebrew/Cellar/python@3.13/3.13.1/Frameworks/Python.framework/Versions/3.13/lib/python3.13/test/translationdata/argparse/msgids.txt -> /Users/calum/Developer/GustoPunch/build/bdist.macosx-15.0-arm64/python3.13-standalone/app/collect/test/translationdata/argparse/msgids.txt
creating /Users/calum/Developer/GustoPunch/build/bdist.macosx-15.0-arm64/python3.13-standalone/app/collect/test/regrtestdata
creating /Users/calum/Developer/GustoPunch/build/bdist.macosx-15.0-arm64/python3.13-standalone/app/collect/test/regrtestdata/import_from_tests
copying file /opt/homebrew/Cellar/python@3.13/3.13.1/Frameworks/Python.framework/Versions/3.13/lib/python3.13/test/regrtestdata/import_from_tests/test_regrtest_c.py -> /Users/calum/Developer/GustoPunch/build/bdist.macosx-15.0-arm64/python3.13-standalone/app/collect/test/regrtestdata/import_from_tests/test_regrtest_c.py
copying file /opt/homebrew/Cellar/python@3.13/3.13.1/Frameworks/Python.framework/Versions/3.13/lib/python3.13/test/regrtestdata/import_from_tests/test_regrtest_a.py -> /Users/calum/Developer/GustoPunch/build/bdist.macosx-15.0-arm64/python3.13-standalone/app/collect/test/regrtestdata/import_from_tests/test_regrtest_a.py
creating /Users/calum/Developer/GustoPunch/build/bdist.macosx-15.0-arm64/python3.13-standalone/app/collect/test/regrtestdata/import_from_tests/test_regrtest_b
copying file /opt/homebrew/Cellar/python@3.13/3.13.1/Frameworks/Python.framework/Versions/3.13/lib/python3.13/test/regrtestdata/import_from_tests/test_regrtest_b/util.py -> /Users/calum/Developer/GustoPunch/build/bdist.macosx-15.0-arm64/python3.13-standalone/app/collect/test/regrtestdata/import_from_tests/test_regrtest_b/util.py
copying file /opt/homebrew/Cellar/python@3.13/3.13.1/Frameworks/Python.framework/Versions/3.13/lib/python3.13/test/regrtestdata/import_from_tests/test_regrtest_b/__init__.py -> /Users/calum/Developer/GustoPunch/build/bdist.macosx-15.0-arm64/python3.13-standalone/app/collect/test/regrtestdata/import_from_tests/test_regrtest_b/__init__.py
creating /Users/calum/Developer/GustoPunch/build/bdist.macosx-15.0-arm64/python3.13-standalone/app/collect/test/archivetestdata
copying file /opt/homebrew/Cellar/python@3.13/3.13.1/Frameworks/Python.framework/Versions/3.13/lib/python3.13/test/archivetestdata/exe_with_zip -> /Users/calum/Developer/GustoPunch/build/bdist.macosx-15.0-arm64/python3.13-standalone/app/collect/test/archivetestdata/exe_with_zip
copying file /opt/homebrew/Cellar/python@3.13/3.13.1/Frameworks/Python.framework/Versions/3.13/lib/python3.13/test/archivetestdata/testtar.tar.xz -> /Users/calum/Developer/GustoPunch/build/bdist.macosx-15.0-arm64/python3.13-standalone/app/collect/test/archivetestdata/testtar.tar.xz
copying file /opt/homebrew/Cellar/python@3.13/3.13.1/Frameworks/Python.framework/Versions/3.13/lib/python3.13/test/archivetestdata/zipdir.zip -> /Users/calum/Developer/GustoPunch/build/bdist.macosx-15.0-arm64/python3.13-standalone/app/collect/test/archivetestdata/zipdir.zip
copying file /opt/homebrew/Cellar/python@3.13/3.13.1/Frameworks/Python.framework/Versions/3.13/lib/python3.13/test/archivetestdata/testdata_module_inside_zip.py -> /Users/calum/Developer/GustoPunch/build/bdist.macosx-15.0-arm64/python3.13-standalone/app/collect/test/archivetestdata/testdata_module_inside_zip.py
copying file /opt/homebrew/Cellar/python@3.13/3.13.1/Frameworks/Python.framework/Versions/3.13/lib/python3.13/test/archivetestdata/exe_with_z64 -> /Users/calum/Developer/GustoPunch/build/bdist.macosx-15.0-arm64/python3.13-standalone/app/collect/test/archivetestdata/exe_with_z64
copying file /opt/homebrew/Cellar/python@3.13/3.13.1/Frameworks/Python.framework/Versions/3.13/lib/python3.13/test/archivetestdata/testtar.tar -> /Users/calum/Developer/GustoPunch/build/bdist.macosx-15.0-arm64/python3.13-standalone/app/collect/test/archivetestdata/testtar.tar
copying file /opt/homebrew/Cellar/python@3.13/3.13.1/Frameworks/Python.framework/Versions/3.13/lib/python3.13/test/archivetestdata/recursion.tar -> /Users/calum/Developer/GustoPunch/build/bdist.macosx-15.0-arm64/python3.13-standalone/app/collect/test/archivetestdata/recursion.tar
copying file /opt/homebrew/Cellar/python@3.13/3.13.1/Frameworks/Python.framework/Versions/3.13/lib/python3.13/test/archivetestdata/zipdir_backslash.zip -> /Users/calum/Developer/GustoPunch/build/bdist.macosx-15.0-arm64/python3.13-standalone/app/collect/test/archivetestdata/zipdir_backslash.zip
copying file /opt/homebrew/Cellar/python@3.13/3.13.1/Frameworks/Python.framework/Versions/3.13/lib/python3.13/test/archivetestdata/README.md -> /Users/calum/Developer/GustoPunch/build/bdist.macosx-15.0-arm64/python3.13-standalone/app/collect/test/archivetestdata/README.md
copying file /opt/homebrew/Cellar/python@3.13/3.13.1/Frameworks/Python.framework/Versions/3.13/lib/python3.13/test/archivetestdata/header.sh -> /Users/calum/Developer/GustoPunch/build/bdist.macosx-15.0-arm64/python3.13-standalone/app/collect/test/archivetestdata/header.sh
copying file /opt/homebrew/Cellar/python@3.13/3.13.1/Frameworks/Python.framework/Versions/3.13/lib/python3.13/test/archivetestdata/zip_cp437_header.zip -> /Users/calum/Developer/GustoPunch/build/bdist.macosx-15.0-arm64/python3.13-standalone/app/collect/test/archivetestdata/zip_cp437_header.zip
creating /Users/calum/Developer/GustoPunch/build/bdist.macosx-15.0-arm64/python3.13-standalone/app/collect/test/zipimport_data
copying file /opt/homebrew/Cellar/python@3.13/3.13.1/Frameworks/Python.framework/Versions/3.13/lib/python3.13/test/zipimport_data/sparse-zip64-c0-0x200000000.part -> /Users/calum/Developer/GustoPunch/build/bdist.macosx-15.0-arm64/python3.13-standalone/app/collect/test/zipimport_data/sparse-zip64-c0-0x200000000.part
copying file /opt/homebrew/Cellar/python@3.13/3.13.1/Frameworks/Python.framework/Versions/3.13/lib/python3.13/test/zipimport_data/sparse-zip64-c0-0x100000000.part -> /Users/calum/Developer/GustoPunch/build/bdist.macosx-15.0-arm64/python3.13-standalone/app/collect/test/zipimport_data/sparse-zip64-c0-0x100000000.part
copying file /opt/homebrew/Cellar/python@3.13/3.13.1/Frameworks/Python.framework/Versions/3.13/lib/python3.13/test/zipimport_data/sparse-zip64-c0-0x000000000.part -> /Users/calum/Developer/GustoPunch/build/bdist.macosx-15.0-arm64/python3.13-standalone/app/collect/test/zipimport_data/sparse-zip64-c0-0x000000000.part
creating /Users/calum/Developer/GustoPunch/build/bdist.macosx-15.0-arm64/python3.13-standalone/app/collect/test/certdata
copying file /opt/homebrew/Cellar/python@3.13/3.13.1/Frameworks/Python.framework/Versions/3.13/lib/python3.13/test/certdata/leaf-missing-aki.keycert.pem -> /Users/calum/Developer/GustoPunch/build/bdist.macosx-15.0-arm64/python3.13-standalone/app/collect/test/certdata/leaf-missing-aki.keycert.pem
copying file /opt/homebrew/Cellar/python@3.13/3.13.1/Frameworks/Python.framework/Versions/3.13/lib/python3.13/test/certdata/nokia.pem -> /Users/calum/Developer/GustoPunch/build/bdist.macosx-15.0-arm64/python3.13-standalone/app/collect/test/certdata/nokia.pem
copying file /opt/homebrew/Cellar/python@3.13/3.13.1/Frameworks/Python.framework/Versions/3.13/lib/python3.13/test/certdata/nullcert.pem -> /Users/calum/Developer/GustoPunch/build/bdist.macosx-15.0-arm64/python3.13-standalone/app/collect/test/certdata/nullcert.pem
copying file /opt/homebrew/Cellar/python@3.13/3.13.1/Frameworks/Python.framework/Versions/3.13/lib/python3.13/test/certdata/nosan.pem -> /Users/calum/Developer/GustoPunch/build/bdist.macosx-15.0-arm64/python3.13-standalone/app/collect/test/certdata/nosan.pem
copying file /opt/homebrew/Cellar/python@3.13/3.13.1/Frameworks/Python.framework/Versions/3.13/lib/python3.13/test/certdata/cert3.pem -> /Users/calum/Developer/GustoPunch/build/bdist.macosx-15.0-arm64/python3.13-standalone/app/collect/test/certdata/cert3.pem
copying file /opt/homebrew/Cellar/python@3.13/3.13.1/Frameworks/Python.framework/Versions/3.13/lib/python3.13/test/certdata/make_ssl_certs.py -> /Users/calum/Developer/GustoPunch/build/bdist.macosx-15.0-arm64/python3.13-standalone/app/collect/test/certdata/make_ssl_certs.py
copying file /opt/homebrew/Cellar/python@3.13/3.13.1/Frameworks/Python.framework/Versions/3.13/lib/python3.13/test/certdata/nullbytecert.pem -> /Users/calum/Developer/GustoPunch/build/bdist.macosx-15.0-arm64/python3.13-standalone/app/collect/test/certdata/nullbytecert.pem
copying file /opt/homebrew/Cellar/python@3.13/3.13.1/Frameworks/Python.framework/Versions/3.13/lib/python3.13/test/certdata/pycacert.pem -> /Users/calum/Developer/GustoPunch/build/bdist.macosx-15.0-arm64/python3.13-standalone/app/collect/test/certdata/pycacert.pem
copying file /opt/homebrew/Cellar/python@3.13/3.13.1/Frameworks/Python.framework/Versions/3.13/lib/python3.13/test/certdata/revocation.crl -> /Users/calum/Developer/GustoPunch/build/bdist.macosx-15.0-arm64/python3.13-standalone/app/collect/test/certdata/revocation.crl
copying file /opt/homebrew/Cellar/python@3.13/3.13.1/Frameworks/Python.framework/Versions/3.13/lib/python3.13/test/certdata/talos-2019-0758.pem -> /Users/calum/Developer/GustoPunch/build/bdist.macosx-15.0-arm64/python3.13-standalone/app/collect/test/certdata/talos-2019-0758.pem
copying file /opt/homebrew/Cellar/python@3.13/3.13.1/Frameworks/Python.framework/Versions/3.13/lib/python3.13/test/certdata/leaf-missing-aki.ca.pem -> /Users/calum/Developer/GustoPunch/build/bdist.macosx-15.0-arm64/python3.13-standalone/app/collect/test/certdata/leaf-missing-aki.ca.pem
copying file /opt/homebrew/Cellar/python@3.13/3.13.1/Frameworks/Python.framework/Versions/3.13/lib/python3.13/test/certdata/keycert.passwd.pem -> /Users/calum/Developer/GustoPunch/build/bdist.macosx-15.0-arm64/python3.13-standalone/app/collect/test/certdata/keycert.passwd.pem
copying file /opt/homebrew/Cellar/python@3.13/3.13.1/Frameworks/Python.framework/Versions/3.13/lib/python3.13/test/certdata/keycert.pem -> /Users/calum/Developer/GustoPunch/build/bdist.macosx-15.0-arm64/python3.13-standalone/app/collect/test/certdata/keycert.pem
copying file /opt/homebrew/Cellar/python@3.13/3.13.1/Frameworks/Python.framework/Versions/3.13/lib/python3.13/test/certdata/pycakey.pem -> /Users/calum/Developer/GustoPunch/build/bdist.macosx-15.0-arm64/python3.13-standalone/app/collect/test/certdata/pycakey.pem
copying file /opt/homebrew/Cellar/python@3.13/3.13.1/Frameworks/Python.framework/Versions/3.13/lib/python3.13/test/certdata/selfsigned_pythontestdotnet.pem -> /Users/calum/Developer/GustoPunch/build/bdist.macosx-15.0-arm64/python3.13-standalone/app/collect/test/certdata/selfsigned_pythontestdotnet.pem
copying file /opt/homebrew/Cellar/python@3.13/3.13.1/Frameworks/Python.framework/Versions/3.13/lib/python3.13/test/certdata/allsans.pem -> /Users/calum/Developer/GustoPunch/build/bdist.macosx-15.0-arm64/python3.13-standalone/app/collect/test/certdata/allsans.pem
copying file /opt/homebrew/Cellar/python@3.13/3.13.1/Frameworks/Python.framework/Versions/3.13/lib/python3.13/test/certdata/keycert4.pem -> /Users/calum/Developer/GustoPunch/build/bdist.macosx-15.0-arm64/python3.13-standalone/app/collect/test/certdata/keycert4.pem
copying file /opt/homebrew/Cellar/python@3.13/3.13.1/Frameworks/Python.framework/Versions/3.13/lib/python3.13/test/certdata/badkey.pem -> /Users/calum/Developer/GustoPunch/build/bdist.macosx-15.0-arm64/python3.13-standalone/app/collect/test/certdata/badkey.pem
copying file /opt/homebrew/Cellar/python@3.13/3.13.1/Frameworks/Python.framework/Versions/3.13/lib/python3.13/test/certdata/idnsans.pem -> /Users/calum/Developer/GustoPunch/build/bdist.macosx-15.0-arm64/python3.13-standalone/app/collect/test/certdata/idnsans.pem
copying file /opt/homebrew/Cellar/python@3.13/3.13.1/Frameworks/Python.framework/Versions/3.13/lib/python3.13/test/certdata/keycert2.pem -> /Users/calum/Developer/GustoPunch/build/bdist.macosx-15.0-arm64/python3.13-standalone/app/collect/test/certdata/keycert2.pem
copying file /opt/homebrew/Cellar/python@3.13/3.13.1/Frameworks/Python.framework/Versions/3.13/lib/python3.13/test/certdata/ssl_cert.pem -> /Users/calum/Developer/GustoPunch/build/bdist.macosx-15.0-arm64/python3.13-standalone/app/collect/test/certdata/ssl_cert.pem
copying file /opt/homebrew/Cellar/python@3.13/3.13.1/Frameworks/Python.framework/Versions/3.13/lib/python3.13/test/certdata/ssl_key.passwd.pem -> /Users/calum/Developer/GustoPunch/build/bdist.macosx-15.0-arm64/python3.13-standalone/app/collect/test/certdata/ssl_key.passwd.pem
copying file /opt/homebrew/Cellar/python@3.13/3.13.1/Frameworks/Python.framework/Versions/3.13/lib/python3.13/test/certdata/keycert3.pem -> /Users/calum/Developer/GustoPunch/build/bdist.macosx-15.0-arm64/python3.13-standalone/app/collect/test/certdata/keycert3.pem
copying file /opt/homebrew/Cellar/python@3.13/3.13.1/Frameworks/Python.framework/Versions/3.13/lib/python3.13/test/certdata/badcert.pem -> /Users/calum/Developer/GustoPunch/build/bdist.macosx-15.0-arm64/python3.13-standalone/app/collect/test/certdata/badcert.pem
copying file /opt/homebrew/Cellar/python@3.13/3.13.1/Frameworks/Python.framework/Versions/3.13/lib/python3.13/test/certdata/ssl_key.pem -> /Users/calum/Developer/GustoPunch/build/bdist.macosx-15.0-arm64/python3.13-standalone/app/collect/test/certdata/ssl_key.pem
copying file /opt/homebrew/Cellar/python@3.13/3.13.1/Frameworks/Python.framework/Versions/3.13/lib/python3.13/test/certdata/keycertecc.pem -> /Users/calum/Developer/GustoPunch/build/bdist.macosx-15.0-arm64/python3.13-standalone/app/collect/test/certdata/keycertecc.pem
copying file /opt/homebrew/Cellar/python@3.13/3.13.1/Frameworks/Python.framework/Versions/3.13/lib/python3.13/test/certdata/ffdh3072.pem -> /Users/calum/Developer/GustoPunch/build/bdist.macosx-15.0-arm64/python3.13-standalone/app/collect/test/certdata/ffdh3072.pem
creating /Users/calum/Developer/GustoPunch/build/bdist.macosx-15.0-arm64/python3.13-standalone/app/collect/test/certdata/capath
copying file /opt/homebrew/Cellar/python@3.13/3.13.1/Frameworks/Python.framework/Versions/3.13/lib/python3.13/test/certdata/capath/4e1295a3.0 -> /Users/calum/Developer/GustoPunch/build/bdist.macosx-15.0-arm64/python3.13-standalone/app/collect/test/certdata/capath/4e1295a3.0
copying file /opt/homebrew/Cellar/python@3.13/3.13.1/Frameworks/Python.framework/Versions/3.13/lib/python3.13/test/certdata/capath/5ed36f99.0 -> /Users/calum/Developer/GustoPunch/build/bdist.macosx-15.0-arm64/python3.13-standalone/app/collect/test/certdata/capath/5ed36f99.0
copying file /opt/homebrew/Cellar/python@3.13/3.13.1/Frameworks/Python.framework/Versions/3.13/lib/python3.13/test/certdata/capath/99d0fa06.0 -> /Users/calum/Developer/GustoPunch/build/bdist.macosx-15.0-arm64/python3.13-standalone/app/collect/test/certdata/capath/99d0fa06.0
copying file /opt/homebrew/Cellar/python@3.13/3.13.1/Frameworks/Python.framework/Versions/3.13/lib/python3.13/test/certdata/capath/6e88d7b8.0 -> /Users/calum/Developer/GustoPunch/build/bdist.macosx-15.0-arm64/python3.13-standalone/app/collect/test/certdata/capath/6e88d7b8.0
copying file /opt/homebrew/Cellar/python@3.13/3.13.1/Frameworks/Python.framework/Versions/3.13/lib/python3.13/test/certdata/capath/ceff1710.0 -> /Users/calum/Developer/GustoPunch/build/bdist.macosx-15.0-arm64/python3.13-standalone/app/collect/test/certdata/capath/ceff1710.0
copying file /opt/homebrew/Cellar/python@3.13/3.13.1/Frameworks/Python.framework/Versions/3.13/lib/python3.13/test/certdata/capath/b1930218.0 -> /Users/calum/Developer/GustoPunch/build/bdist.macosx-15.0-arm64/python3.13-standalone/app/collect/test/certdata/capath/b1930218.0
copying file /opt/homebrew/Cellar/python@3.13/3.13.1/Frameworks/Python.framework/Versions/3.13/lib/python3.13/test/certdata/secp384r1.pem -> /Users/calum/Developer/GustoPunch/build/bdist.macosx-15.0-arm64/python3.13-standalone/app/collect/test/certdata/secp384r1.pem
copying file /opt/homebrew/Cellar/python@3.13/3.13.1/Frameworks/Python.framework/Versions/3.13/lib/python3.13/test/exception_hierarchy.txt -> /Users/calum/Developer/GustoPunch/build/bdist.macosx-15.0-arm64/python3.13-standalone/app/collect/test/exception_hierarchy.txt
copying file /opt/homebrew/Cellar/python@3.13/3.13.1/Frameworks/Python.framework/Versions/3.13/lib/python3.13/test/mime.types -> /Users/calum/Developer/GustoPunch/build/bdist.macosx-15.0-arm64/python3.13-standalone/app/collect/test/mime.types
creating /Users/calum/Developer/GustoPunch/build/bdist.macosx-15.0-arm64/python3.13-standalone/app/collect/test/tkinterdata
copying file /opt/homebrew/Cellar/python@3.13/3.13.1/Frameworks/Python.framework/Versions/3.13/lib/python3.13/test/tkinterdata/python.ppm -> /Users/calum/Developer/GustoPunch/build/bdist.macosx-15.0-arm64/python3.13-standalone/app/collect/test/tkinterdata/python.ppm
copying file /opt/homebrew/Cellar/python@3.13/3.13.1/Frameworks/Python.framework/Versions/3.13/lib/python3.13/test/tkinterdata/python.png -> /Users/calum/Developer/GustoPunch/build/bdist.macosx-15.0-arm64/python3.13-standalone/app/collect/test/tkinterdata/python.png
copying file /opt/homebrew/Cellar/python@3.13/3.13.1/Frameworks/Python.framework/Versions/3.13/lib/python3.13/test/tkinterdata/python.gif -> /Users/calum/Developer/GustoPunch/build/bdist.macosx-15.0-arm64/python3.13-standalone/app/collect/test/tkinterdata/python.gif
copying file /opt/homebrew/Cellar/python@3.13/3.13.1/Frameworks/Python.framework/Versions/3.13/lib/python3.13/test/tkinterdata/python.xbm -> /Users/calum/Developer/GustoPunch/build/bdist.macosx-15.0-arm64/python3.13-standalone/app/collect/test/tkinterdata/python.xbm
copying file /opt/homebrew/Cellar/python@3.13/3.13.1/Frameworks/Python.framework/Versions/3.13/lib/python3.13/test/tkinterdata/python.pgm -> /Users/calum/Developer/GustoPunch/build/bdist.macosx-15.0-arm64/python3.13-standalone/app/collect/test/tkinterdata/python.pgm
copying file /opt/homebrew/Cellar/python@3.13/3.13.1/Frameworks/Python.framework/Versions/3.13/lib/python3.13/test/randv3.pck -> /Users/calum/Developer/GustoPunch/build/bdist.macosx-15.0-arm64/python3.13-standalone/app/collect/test/randv3.pck
creating /Users/calum/Developer/GustoPunch/build/bdist.macosx-15.0-arm64/python3.13-standalone/app/collect/test/wheeldata
copying file /opt/homebrew/Cellar/python@3.13/3.13.1/Frameworks/Python.framework/Versions/3.13/lib/python3.13/test/wheeldata/wheel-0.43.0-py3-none-any.whl -> /Users/calum/Developer/GustoPunch/build/bdist.macosx-15.0-arm64/python3.13-standalone/app/collect/test/wheeldata/wheel-0.43.0-py3-none-any.whl
copying file /opt/homebrew/Cellar/python@3.13/3.13.1/Frameworks/Python.framework/Versions/3.13/lib/python3.13/test/wheeldata/setuptools-67.6.1-py3-none-any.whl -> /Users/calum/Developer/GustoPunch/build/bdist.macosx-15.0-arm64/python3.13-standalone/app/collect/test/wheeldata/setuptools-67.6.1-py3-none-any.whl
copying file /opt/homebrew/Cellar/python@3.13/3.13.1/Frameworks/Python.framework/Versions/3.13/lib/python3.13/test/levenshtein_examples.json -> /Users/calum/Developer/GustoPunch/build/bdist.macosx-15.0-arm64/python3.13-standalone/app/collect/test/levenshtein_examples.json
creating /Users/calum/Developer/GustoPunch/build/bdist.macosx-15.0-arm64/python3.13-standalone/app/collect/test/data
copying file /opt/homebrew/Cellar/python@3.13/3.13.1/Frameworks/Python.framework/Versions/3.13/lib/python3.13/test/data/README -> /Users/calum/Developer/GustoPunch/build/bdist.macosx-15.0-arm64/python3.13-standalone/app/collect/test/data/README
copying file /opt/homebrew/Cellar/python@3.13/3.13.1/Frameworks/Python.framework/Versions/3.13/lib/python3.13/test/randv2_64.pck -> /Users/calum/Developer/GustoPunch/build/bdist.macosx-15.0-arm64/python3.13-standalone/app/collect/test/randv2_64.pck
creating /Users/calum/Developer/GustoPunch/build/bdist.macosx-15.0-arm64/python3.13-standalone/app/collect/test/subprocessdata
copying file /opt/homebrew/Cellar/python@3.13/3.13.1/Frameworks/Python.framework/Versions/3.13/lib/python3.13/test/subprocessdata/fd_status.py -> /Users/calum/Developer/GustoPunch/build/bdist.macosx-15.0-arm64/python3.13-standalone/app/collect/test/subprocessdata/fd_status.py
copying file /opt/homebrew/Cellar/python@3.13/3.13.1/Frameworks/Python.framework/Versions/3.13/lib/python3.13/test/subprocessdata/qcat.py -> /Users/calum/Developer/GustoPunch/build/bdist.macosx-15.0-arm64/python3.13-standalone/app/collect/test/subprocessdata/qcat.py
copying file /opt/homebrew/Cellar/python@3.13/3.13.1/Frameworks/Python.framework/Versions/3.13/lib/python3.13/test/subprocessdata/sigchild_ignore.py -> /Users/calum/Developer/GustoPunch/build/bdist.macosx-15.0-arm64/python3.13-standalone/app/collect/test/subprocessdata/sigchild_ignore.py
copying file /opt/homebrew/Cellar/python@3.13/3.13.1/Frameworks/Python.framework/Versions/3.13/lib/python3.13/test/subprocessdata/input_reader.py -> /Users/calum/Developer/GustoPunch/build/bdist.macosx-15.0-arm64/python3.13-standalone/app/collect/test/subprocessdata/input_reader.py
copying file /opt/homebrew/Cellar/python@3.13/3.13.1/Frameworks/Python.framework/Versions/3.13/lib/python3.13/test/subprocessdata/qgrep.py -> /Users/calum/Developer/GustoPunch/build/bdist.macosx-15.0-arm64/python3.13-standalone/app/collect/test/subprocessdata/qgrep.py
creating /Users/calum/Developer/GustoPunch/build/bdist.macosx-15.0-arm64/python3.13-standalone/app/collect/test/configdata
copying file /opt/homebrew/Cellar/python@3.13/3.13.1/Frameworks/Python.framework/Versions/3.13/lib/python3.13/test/configdata/cfgparser.3 -> /Users/calum/Developer/GustoPunch/build/bdist.macosx-15.0-arm64/python3.13-standalone/app/collect/test/configdata/cfgparser.3
copying file /opt/homebrew/Cellar/python@3.13/3.13.1/Frameworks/Python.framework/Versions/3.13/lib/python3.13/test/configdata/cfgparser.2 -> /Users/calum/Developer/GustoPunch/build/bdist.macosx-15.0-arm64/python3.13-standalone/app/collect/test/configdata/cfgparser.2
copying file /opt/homebrew/Cellar/python@3.13/3.13.1/Frameworks/Python.framework/Versions/3.13/lib/python3.13/test/configdata/cfgparser.1 -> /Users/calum/Developer/GustoPunch/build/bdist.macosx-15.0-arm64/python3.13-standalone/app/collect/test/configdata/cfgparser.1
copying file /Users/calum/Developer/GustoPunch/.venv/lib/python3.13/site-packages/setuptools/_vendor/packaging-24.2.dist-info/LICENSE -> /Users/calum/Developer/GustoPunch/build/bdist.macosx-15.0-arm64/python3.13-standalone/app/collect/packaging-24.2.dist-info/LICENSE
copying file /Users/calum/Developer/GustoPunch/.venv/lib/python3.13/site-packages/setuptools/_vendor/packaging-24.2.dist-info/LICENSE.APACHE -> /Users/calum/Developer/GustoPunch/build/bdist.macosx-15.0-arm64/python3.13-standalone/app/collect/packaging-24.2.dist-info/LICENSE.APACHE
copying file /Users/calum/Developer/GustoPunch/.venv/lib/python3.13/site-packages/setuptools/_vendor/packaging-24.2.dist-info/WHEEL -> /Users/calum/Developer/GustoPunch/build/bdist.macosx-15.0-arm64/python3.13-standalone/app/collect/packaging-24.2.dist-info/WHEEL
copying file /Users/calum/Developer/GustoPunch/.venv/lib/python3.13/site-packages/setuptools/_vendor/packaging-24.2.dist-info/LICENSE.BSD -> /Users/calum/Developer/GustoPunch/build/bdist.macosx-15.0-arm64/python3.13-standalone/app/collect/packaging-24.2.dist-info/LICENSE.BSD
copying file /Users/calum/Developer/GustoPunch/.venv/lib/python3.13/site-packages/setuptools/_vendor/packaging-24.2.dist-info/REQUESTED -> /Users/calum/Developer/GustoPunch/build/bdist.macosx-15.0-arm64/python3.13-standalone/app/collect/packaging-24.2.dist-info/REQUESTED
copying file /Users/calum/Developer/GustoPunch/.venv/lib/python3.13/site-packages/setuptools/_vendor/packaging-24.2.dist-info/INSTALLER -> /Users/calum/Developer/GustoPunch/build/bdist.macosx-15.0-arm64/python3.13-standalone/app/collect/packaging-24.2.dist-info/INSTALLER
copying file /Users/calum/Developer/GustoPunch/.venv/lib/python3.13/site-packages/setuptools/_vendor/packaging-24.2.dist-info/METADATA -> /Users/calum/Developer/GustoPunch/build/bdist.macosx-15.0-arm64/python3.13-standalone/app/collect/packaging-24.2.dist-info/METADATA
copying file /Users/calum/Developer/GustoPunch/.venv/lib/python3.13/site-packages/jaraco.functools-4.1.0.dist-info/LICENSE -> /Users/calum/Developer/GustoPunch/build/bdist.macosx-15.0-arm64/python3.13-standalone/app/collect/jaraco.functools-4.1.0.dist-info/LICENSE
copying file /Users/calum/Developer/GustoPunch/.venv/lib/python3.13/site-packages/jaraco.functools-4.1.0.dist-info/WHEEL -> /Users/calum/Developer/GustoPunch/build/bdist.macosx-15.0-arm64/python3.13-standalone/app/collect/jaraco.functools-4.1.0.dist-info/WHEEL
copying file /Users/calum/Developer/GustoPunch/.venv/lib/python3.13/site-packages/jaraco.functools-4.1.0.dist-info/top_level.txt -> /Users/calum/Developer/GustoPunch/build/bdist.macosx-15.0-arm64/python3.13-standalone/app/collect/jaraco.functools-4.1.0.dist-info/top_level.txt
copying file /Users/calum/Developer/GustoPunch/.venv/lib/python3.13/site-packages/jaraco.functools-4.1.0.dist-info/REQUESTED -> /Users/calum/Developer/GustoPunch/build/bdist.macosx-15.0-arm64/python3.13-standalone/app/collect/jaraco.functools-4.1.0.dist-info/REQUESTED
copying file /Users/calum/Developer/GustoPunch/.venv/lib/python3.13/site-packages/jaraco.functools-4.1.0.dist-info/INSTALLER -> /Users/calum/Developer/GustoPunch/build/bdist.macosx-15.0-arm64/python3.13-standalone/app/collect/jaraco.functools-4.1.0.dist-info/INSTALLER
copying file /Users/calum/Developer/GustoPunch/.venv/lib/python3.13/site-packages/jaraco.functools-4.1.0.dist-info/METADATA -> /Users/calum/Developer/GustoPunch/build/bdist.macosx-15.0-arm64/python3.13-standalone/app/collect/jaraco.functools-4.1.0.dist-info/METADATA
copying file /Users/calum/Developer/GustoPunch/.venv/lib/python3.13/site-packages/setuptools/_vendor/autocommand-2.2.2.dist-info/LICENSE -> /Users/calum/Developer/GustoPunch/build/bdist.macosx-15.0-arm64/python3.13-standalone/app/collect/autocommand-2.2.2.dist-info/LICENSE
copying file /Users/calum/Developer/GustoPunch/.venv/lib/python3.13/site-packages/setuptools/_vendor/autocommand-2.2.2.dist-info/WHEEL -> /Users/calum/Developer/GustoPunch/build/bdist.macosx-15.0-arm64/python3.13-standalone/app/collect/autocommand-2.2.2.dist-info/WHEEL
copying file /Users/calum/Developer/GustoPunch/.venv/lib/python3.13/site-packages/setuptools/_vendor/autocommand-2.2.2.dist-info/top_level.txt -> /Users/calum/Developer/GustoPunch/build/bdist.macosx-15.0-arm64/python3.13-standalone/app/collect/autocommand-2.2.2.dist-info/top_level.txt
copying file /Users/calum/Developer/GustoPunch/.venv/lib/python3.13/site-packages/setuptools/_vendor/autocommand-2.2.2.dist-info/INSTALLER -> /Users/calum/Developer/GustoPunch/build/bdist.macosx-15.0-arm64/python3.13-standalone/app/collect/autocommand-2.2.2.dist-info/INSTALLER
copying file /Users/calum/Developer/GustoPunch/.venv/lib/python3.13/site-packages/setuptools/_vendor/autocommand-2.2.2.dist-info/METADATA -> /Users/calum/Developer/GustoPunch/build/bdist.macosx-15.0-arm64/python3.13-standalone/app/collect/autocommand-2.2.2.dist-info/METADATA
copying file /Users/calum/Developer/GustoPunch/.venv/lib/python3.13/site-packages/outcome-1.3.0.post0.dist-info/LICENSE.APACHE2 -> /Users/calum/Developer/GustoPunch/build/bdist.macosx-15.0-arm64/python3.13-standalone/app/collect/outcome-1.3.0.post0.dist-info/LICENSE.APACHE2
copying file /Users/calum/Developer/GustoPunch/.venv/lib/python3.13/site-packages/outcome-1.3.0.post0.dist-info/LICENSE.MIT -> /Users/calum/Developer/GustoPunch/build/bdist.macosx-15.0-arm64/python3.13-standalone/app/collect/outcome-1.3.0.post0.dist-info/LICENSE.MIT
copying file /Users/calum/Developer/GustoPunch/.venv/lib/python3.13/site-packages/outcome-1.3.0.post0.dist-info/LICENSE -> /Users/calum/Developer/GustoPunch/build/bdist.macosx-15.0-arm64/python3.13-standalone/app/collect/outcome-1.3.0.post0.dist-info/LICENSE
copying file /Users/calum/Developer/GustoPunch/.venv/lib/python3.13/site-packages/outcome-1.3.0.post0.dist-info/WHEEL -> /Users/calum/Developer/GustoPunch/build/bdist.macosx-15.0-arm64/python3.13-standalone/app/collect/outcome-1.3.0.post0.dist-info/WHEEL
copying file /Users/calum/Developer/GustoPunch/.venv/lib/python3.13/site-packages/outcome-1.3.0.post0.dist-info/top_level.txt -> /Users/calum/Developer/GustoPunch/build/bdist.macosx-15.0-arm64/python3.13-standalone/app/collect/outcome-1.3.0.post0.dist-info/top_level.txt
copying file /Users/calum/Developer/GustoPunch/.venv/lib/python3.13/site-packages/outcome-1.3.0.post0.dist-info/REQUESTED -> /Users/calum/Developer/GustoPunch/build/bdist.macosx-15.0-arm64/python3.13-standalone/app/collect/outcome-1.3.0.post0.dist-info/REQUESTED
copying file /Users/calum/Developer/GustoPunch/.venv/lib/python3.13/site-packages/outcome-1.3.0.post0.dist-info/INSTALLER -> /Users/calum/Developer/GustoPunch/build/bdist.macosx-15.0-arm64/python3.13-standalone/app/collect/outcome-1.3.0.post0.dist-info/INSTALLER
copying file /Users/calum/Developer/GustoPunch/.venv/lib/python3.13/site-packages/outcome-1.3.0.post0.dist-info/METADATA -> /Users/calum/Developer/GustoPunch/build/bdist.macosx-15.0-arm64/python3.13-standalone/app/collect/outcome-1.3.0.post0.dist-info/METADATA
copying file /Users/calum/Developer/GustoPunch/.venv/lib/python3.13/site-packages/setuptools/_vendor/more_itertools-10.3.0.dist-info/LICENSE -> /Users/calum/Developer/GustoPunch/build/bdist.macosx-15.0-arm64/python3.13-standalone/app/collect/more_itertools-10.3.0.dist-info/LICENSE
copying file /Users/calum/Developer/GustoPunch/.venv/lib/python3.13/site-packages/setuptools/_vendor/more_itertools-10.3.0.dist-info/WHEEL -> /Users/calum/Developer/GustoPunch/build/bdist.macosx-15.0-arm64/python3.13-standalone/app/collect/more_itertools-10.3.0.dist-info/WHEEL
copying file /Users/calum/Developer/GustoPunch/.venv/lib/python3.13/site-packages/setuptools/_vendor/more_itertools-10.3.0.dist-info/REQUESTED -> /Users/calum/Developer/GustoPunch/build/bdist.macosx-15.0-arm64/python3.13-standalone/app/collect/more_itertools-10.3.0.dist-info/REQUESTED
copying file /Users/calum/Developer/GustoPunch/.venv/lib/python3.13/site-packages/setuptools/_vendor/more_itertools-10.3.0.dist-info/INSTALLER -> /Users/calum/Developer/GustoPunch/build/bdist.macosx-15.0-arm64/python3.13-standalone/app/collect/more_itertools-10.3.0.dist-info/INSTALLER
copying file /Users/calum/Developer/GustoPunch/.venv/lib/python3.13/site-packages/setuptools/_vendor/more_itertools-10.3.0.dist-info/METADATA -> /Users/calum/Developer/GustoPunch/build/bdist.macosx-15.0-arm64/python3.13-standalone/app/collect/more_itertools-10.3.0.dist-info/METADATA
copying file /Users/calum/Developer/GustoPunch/.venv/lib/python3.13/site-packages/trio-0.29.0.dist-info/LICENSE.APACHE2 -> /Users/calum/Developer/GustoPunch/build/bdist.macosx-15.0-arm64/python3.13-standalone/app/collect/trio-0.29.0.dist-info/LICENSE.APACHE2
copying file /Users/calum/Developer/GustoPunch/.venv/lib/python3.13/site-packages/trio-0.29.0.dist-info/LICENSE.MIT -> /Users/calum/Developer/GustoPunch/build/bdist.macosx-15.0-arm64/python3.13-standalone/app/collect/trio-0.29.0.dist-info/LICENSE.MIT
copying file /Users/calum/Developer/GustoPunch/.venv/lib/python3.13/site-packages/trio-0.29.0.dist-info/LICENSE -> /Users/calum/Developer/GustoPunch/build/bdist.macosx-15.0-arm64/python3.13-standalone/app/collect/trio-0.29.0.dist-info/LICENSE
copying file /Users/calum/Developer/GustoPunch/.venv/lib/python3.13/site-packages/trio-0.29.0.dist-info/WHEEL -> /Users/calum/Developer/GustoPunch/build/bdist.macosx-15.0-arm64/python3.13-standalone/app/collect/trio-0.29.0.dist-info/WHEEL
copying file /Users/calum/Developer/GustoPunch/.venv/lib/python3.13/site-packages/trio-0.29.0.dist-info/entry_points.txt -> /Users/calum/Developer/GustoPunch/build/bdist.macosx-15.0-arm64/python3.13-standalone/app/collect/trio-0.29.0.dist-info/entry_points.txt
copying file /Users/calum/Developer/GustoPunch/.venv/lib/python3.13/site-packages/trio-0.29.0.dist-info/top_level.txt -> /Users/calum/Developer/GustoPunch/build/bdist.macosx-15.0-arm64/python3.13-standalone/app/collect/trio-0.29.0.dist-info/top_level.txt
copying file /Users/calum/Developer/GustoPunch/.venv/lib/python3.13/site-packages/trio-0.29.0.dist-info/REQUESTED -> /Users/calum/Developer/GustoPunch/build/bdist.macosx-15.0-arm64/python3.13-standalone/app/collect/trio-0.29.0.dist-info/REQUESTED
copying file /Users/calum/Developer/GustoPunch/.venv/lib/python3.13/site-packages/trio-0.29.0.dist-info/INSTALLER -> /Users/calum/Developer/GustoPunch/build/bdist.macosx-15.0-arm64/python3.13-standalone/app/collect/trio-0.29.0.dist-info/INSTALLER
copying file /Users/calum/Developer/GustoPunch/.venv/lib/python3.13/site-packages/trio-0.29.0.dist-info/METADATA -> /Users/calum/Developer/GustoPunch/build/bdist.macosx-15.0-arm64/python3.13-standalone/app/collect/trio-0.29.0.dist-info/METADATA
copying file /Users/calum/Developer/GustoPunch/.venv/lib/python3.13/site-packages/setuptools/_vendor/importlib_metadata-8.0.0.dist-info/LICENSE -> /Users/calum/Developer/GustoPunch/build/bdist.macosx-15.0-arm64/python3.13-standalone/app/collect/importlib_metadata-8.0.0.dist-info/LICENSE
copying file /Users/calum/Developer/GustoPunch/.venv/lib/python3.13/site-packages/setuptools/_vendor/importlib_metadata-8.0.0.dist-info/WHEEL -> /Users/calum/Developer/GustoPunch/build/bdist.macosx-15.0-arm64/python3.13-standalone/app/collect/importlib_metadata-8.0.0.dist-info/WHEEL
copying file /Users/calum/Developer/GustoPunch/.venv/lib/python3.13/site-packages/setuptools/_vendor/importlib_metadata-8.0.0.dist-info/top_level.txt -> /Users/calum/Developer/GustoPunch/build/bdist.macosx-15.0-arm64/python3.13-standalone/app/collect/importlib_metadata-8.0.0.dist-info/top_level.txt
copying file /Users/calum/Developer/GustoPunch/.venv/lib/python3.13/site-packages/setuptools/_vendor/importlib_metadata-8.0.0.dist-info/REQUESTED -> /Users/calum/Developer/GustoPunch/build/bdist.macosx-15.0-arm64/python3.13-standalone/app/collect/importlib_metadata-8.0.0.dist-info/REQUESTED
copying file /Users/calum/Developer/GustoPunch/.venv/lib/python3.13/site-packages/setuptools/_vendor/importlib_metadata-8.0.0.dist-info/INSTALLER -> /Users/calum/Developer/GustoPunch/build/bdist.macosx-15.0-arm64/python3.13-standalone/app/collect/importlib_metadata-8.0.0.dist-info/INSTALLER
copying file /Users/calum/Developer/GustoPunch/.venv/lib/python3.13/site-packages/setuptools/_vendor/importlib_metadata-8.0.0.dist-info/METADATA -> /Users/calum/Developer/GustoPunch/build/bdist.macosx-15.0-arm64/python3.13-standalone/app/collect/importlib_metadata-8.0.0.dist-info/METADATA
copying file /Users/calum/Developer/GustoPunch/.venv/lib/python3.13/site-packages/setuptools/_vendor/typing_extensions-4.12.2.dist-info/LICENSE -> /Users/calum/Developer/GustoPunch/build/bdist.macosx-15.0-arm64/python3.13-standalone/app/collect/typing_extensions-4.12.2.dist-info/LICENSE
copying file /Users/calum/Developer/GustoPunch/.venv/lib/python3.13/site-packages/setuptools/_vendor/typing_extensions-4.12.2.dist-info/WHEEL -> /Users/calum/Developer/GustoPunch/build/bdist.macosx-15.0-arm64/python3.13-standalone/app/collect/typing_extensions-4.12.2.dist-info/WHEEL
copying file /Users/calum/Developer/GustoPunch/.venv/lib/python3.13/site-packages/setuptools/_vendor/typing_extensions-4.12.2.dist-info/INSTALLER -> /Users/calum/Developer/GustoPunch/build/bdist.macosx-15.0-arm64/python3.13-standalone/app/collect/typing_extensions-4.12.2.dist-info/INSTALLER
copying file /Users/calum/Developer/GustoPunch/.venv/lib/python3.13/site-packages/setuptools/_vendor/typing_extensions-4.12.2.dist-info/METADATA -> /Users/calum/Developer/GustoPunch/build/bdist.macosx-15.0-arm64/python3.13-standalone/app/collect/typing_extensions-4.12.2.dist-info/METADATA
copying file /Users/calum/Developer/GustoPunch/.venv/lib/python3.13/site-packages/more_itertools-10.6.0.dist-info/LICENSE -> /Users/calum/Developer/GustoPunch/build/bdist.macosx-15.0-arm64/python3.13-standalone/app/collect/more_itertools-10.6.0.dist-info/LICENSE
copying file /Users/calum/Developer/GustoPunch/.venv/lib/python3.13/site-packages/more_itertools-10.6.0.dist-info/WHEEL -> /Users/calum/Developer/GustoPunch/build/bdist.macosx-15.0-arm64/python3.13-standalone/app/collect/more_itertools-10.6.0.dist-info/WHEEL
copying file /Users/calum/Developer/GustoPunch/.venv/lib/python3.13/site-packages/more_itertools-10.6.0.dist-info/REQUESTED -> /Users/calum/Developer/GustoPunch/build/bdist.macosx-15.0-arm64/python3.13-standalone/app/collect/more_itertools-10.6.0.dist-info/REQUESTED
copying file /Users/calum/Developer/GustoPunch/.venv/lib/python3.13/site-packages/more_itertools-10.6.0.dist-info/INSTALLER -> /Users/calum/Developer/GustoPunch/build/bdist.macosx-15.0-arm64/python3.13-standalone/app/collect/more_itertools-10.6.0.dist-info/INSTALLER
copying file /Users/calum/Developer/GustoPunch/.venv/lib/python3.13/site-packages/more_itertools-10.6.0.dist-info/METADATA -> /Users/calum/Developer/GustoPunch/build/bdist.macosx-15.0-arm64/python3.13-standalone/app/collect/more_itertools-10.6.0.dist-info/METADATA
creating /Users/calum/Developer/GustoPunch/build/bdist.macosx-15.0-arm64/python3.13-standalone/app/collect/platformdirs-4.2.2.dist-info/licenses
copying file /Users/calum/Developer/GustoPunch/.venv/lib/python3.13/site-packages/setuptools/_vendor/platformdirs-4.2.2.dist-info/licenses/LICENSE -> /Users/calum/Developer/GustoPunch/build/bdist.macosx-15.0-arm64/python3.13-standalone/app/collect/platformdirs-4.2.2.dist-info/licenses/LICENSE
copying file /Users/calum/Developer/GustoPunch/.venv/lib/python3.13/site-packages/setuptools/_vendor/platformdirs-4.2.2.dist-info/WHEEL -> /Users/calum/Developer/GustoPunch/build/bdist.macosx-15.0-arm64/python3.13-standalone/app/collect/platformdirs-4.2.2.dist-info/WHEEL
copying file /Users/calum/Developer/GustoPunch/.venv/lib/python3.13/site-packages/setuptools/_vendor/platformdirs-4.2.2.dist-info/REQUESTED -> /Users/calum/Developer/GustoPunch/build/bdist.macosx-15.0-arm64/python3.13-standalone/app/collect/platformdirs-4.2.2.dist-info/REQUESTED
copying file /Users/calum/Developer/GustoPunch/.venv/lib/python3.13/site-packages/setuptools/_vendor/platformdirs-4.2.2.dist-info/INSTALLER -> /Users/calum/Developer/GustoPunch/build/bdist.macosx-15.0-arm64/python3.13-standalone/app/collect/platformdirs-4.2.2.dist-info/INSTALLER
copying file /Users/calum/Developer/GustoPunch/.venv/lib/python3.13/site-packages/setuptools/_vendor/platformdirs-4.2.2.dist-info/METADATA -> /Users/calum/Developer/GustoPunch/build/bdist.macosx-15.0-arm64/python3.13-standalone/app/collect/platformdirs-4.2.2.dist-info/METADATA
copying file /Users/calum/Developer/GustoPunch/.venv/lib/python3.13/site-packages/h11-0.14.0.dist-info/WHEEL -> /Users/calum/Developer/GustoPunch/build/bdist.macosx-15.0-arm64/python3.13-standalone/app/collect/h11-0.14.0.dist-info/WHEEL
copying file /Users/calum/Developer/GustoPunch/.venv/lib/python3.13/site-packages/h11-0.14.0.dist-info/top_level.txt -> /Users/calum/Developer/GustoPunch/build/bdist.macosx-15.0-arm64/python3.13-standalone/app/collect/h11-0.14.0.dist-info/top_level.txt
copying file /Users/calum/Developer/GustoPunch/.venv/lib/python3.13/site-packages/h11-0.14.0.dist-info/LICENSE.txt -> /Users/calum/Developer/GustoPunch/build/bdist.macosx-15.0-arm64/python3.13-standalone/app/collect/h11-0.14.0.dist-info/LICENSE.txt
copying file /Users/calum/Developer/GustoPunch/.venv/lib/python3.13/site-packages/h11-0.14.0.dist-info/REQUESTED -> /Users/calum/Developer/GustoPunch/build/bdist.macosx-15.0-arm64/python3.13-standalone/app/collect/h11-0.14.0.dist-info/REQUESTED
copying file /Users/calum/Developer/GustoPunch/.venv/lib/python3.13/site-packages/h11-0.14.0.dist-info/INSTALLER -> /Users/calum/Developer/GustoPunch/build/bdist.macosx-15.0-arm64/python3.13-standalone/app/collect/h11-0.14.0.dist-info/INSTALLER
copying file /Users/calum/Developer/GustoPunch/.venv/lib/python3.13/site-packages/h11-0.14.0.dist-info/METADATA -> /Users/calum/Developer/GustoPunch/build/bdist.macosx-15.0-arm64/python3.13-standalone/app/collect/h11-0.14.0.dist-info/METADATA
copying file /Users/calum/Developer/GustoPunch/.venv/lib/python3.13/site-packages/setuptools/_vendor/wheel-0.43.0.dist-info/WHEEL -> /Users/calum/Developer/GustoPunch/build/bdist.macosx-15.0-arm64/python3.13-standalone/app/collect/wheel-0.43.0.dist-info/WHEEL
copying file /Users/calum/Developer/GustoPunch/.venv/lib/python3.13/site-packages/setuptools/_vendor/wheel-0.43.0.dist-info/entry_points.txt -> /Users/calum/Developer/GustoPunch/build/bdist.macosx-15.0-arm64/python3.13-standalone/app/collect/wheel-0.43.0.dist-info/entry_points.txt
copying file /Users/calum/Developer/GustoPunch/.venv/lib/python3.13/site-packages/setuptools/_vendor/wheel-0.43.0.dist-info/LICENSE.txt -> /Users/calum/Developer/GustoPunch/build/bdist.macosx-15.0-arm64/python3.13-standalone/app/collect/wheel-0.43.0.dist-info/LICENSE.txt
copying file /Users/calum/Developer/GustoPunch/.venv/lib/python3.13/site-packages/setuptools/_vendor/wheel-0.43.0.dist-info/REQUESTED -> /Users/calum/Developer/GustoPunch/build/bdist.macosx-15.0-arm64/python3.13-standalone/app/collect/wheel-0.43.0.dist-info/REQUESTED
copying file /Users/calum/Developer/GustoPunch/.venv/lib/python3.13/site-packages/setuptools/_vendor/wheel-0.43.0.dist-info/INSTALLER -> /Users/calum/Developer/GustoPunch/build/bdist.macosx-15.0-arm64/python3.13-standalone/app/collect/wheel-0.43.0.dist-info/INSTALLER
copying file /Users/calum/Developer/GustoPunch/.venv/lib/python3.13/site-packages/setuptools/_vendor/wheel-0.43.0.dist-info/METADATA -> /Users/calum/Developer/GustoPunch/build/bdist.macosx-15.0-arm64/python3.13-standalone/app/collect/wheel-0.43.0.dist-info/METADATA
copying file /Users/calum/Developer/GustoPunch/.venv/lib/python3.13/site-packages/jaraco.classes-3.4.0.dist-info/LICENSE -> /Users/calum/Developer/GustoPunch/build/bdist.macosx-15.0-arm64/python3.13-standalone/app/collect/jaraco.classes-3.4.0.dist-info/LICENSE
copying file /Users/calum/Developer/GustoPunch/.venv/lib/python3.13/site-packages/jaraco.classes-3.4.0.dist-info/WHEEL -> /Users/calum/Developer/GustoPunch/build/bdist.macosx-15.0-arm64/python3.13-standalone/app/collect/jaraco.classes-3.4.0.dist-info/WHEEL
copying file /Users/calum/Developer/GustoPunch/.venv/lib/python3.13/site-packages/jaraco.classes-3.4.0.dist-info/top_level.txt -> /Users/calum/Developer/GustoPunch/build/bdist.macosx-15.0-arm64/python3.13-standalone/app/collect/jaraco.classes-3.4.0.dist-info/top_level.txt
copying file /Users/calum/Developer/GustoPunch/.venv/lib/python3.13/site-packages/jaraco.classes-3.4.0.dist-info/REQUESTED -> /Users/calum/Developer/GustoPunch/build/bdist.macosx-15.0-arm64/python3.13-standalone/app/collect/jaraco.classes-3.4.0.dist-info/REQUESTED
copying file /Users/calum/Developer/GustoPunch/.venv/lib/python3.13/site-packages/jaraco.classes-3.4.0.dist-info/INSTALLER -> /Users/calum/Developer/GustoPunch/build/bdist.macosx-15.0-arm64/python3.13-standalone/app/collect/jaraco.classes-3.4.0.dist-info/INSTALLER
copying file /Users/calum/Developer/GustoPunch/.venv/lib/python3.13/site-packages/jaraco.classes-3.4.0.dist-info/METADATA -> /Users/calum/Developer/GustoPunch/build/bdist.macosx-15.0-arm64/python3.13-standalone/app/collect/jaraco.classes-3.4.0.dist-info/METADATA
copying file /Users/calum/Developer/GustoPunch/.venv/lib/python3.13/site-packages/pyobjc_framework_Cocoa-11.0.dist-info/WHEEL -> /Users/calum/Developer/GustoPunch/build/bdist.macosx-15.0-arm64/python3.13-standalone/app/collect/pyobjc_framework_Cocoa-11.0.dist-info/WHEEL
copying file /Users/calum/Developer/GustoPunch/.venv/lib/python3.13/site-packages/pyobjc_framework_Cocoa-11.0.dist-info/pyobjc-build-info.txt -> /Users/calum/Developer/GustoPunch/build/bdist.macosx-15.0-arm64/python3.13-standalone/app/collect/pyobjc_framework_Cocoa-11.0.dist-info/pyobjc-build-info.txt
copying file /Users/calum/Developer/GustoPunch/.venv/lib/python3.13/site-packages/pyobjc_framework_Cocoa-11.0.dist-info/top_level.txt -> /Users/calum/Developer/GustoPunch/build/bdist.macosx-15.0-arm64/python3.13-standalone/app/collect/pyobjc_framework_Cocoa-11.0.dist-info/top_level.txt
copying file /Users/calum/Developer/GustoPunch/.venv/lib/python3.13/site-packages/pyobjc_framework_Cocoa-11.0.dist-info/LICENSE.txt -> /Users/calum/Developer/GustoPunch/build/bdist.macosx-15.0-arm64/python3.13-standalone/app/collect/pyobjc_framework_Cocoa-11.0.dist-info/LICENSE.txt
copying file /Users/calum/Developer/GustoPunch/.venv/lib/python3.13/site-packages/pyobjc_framework_Cocoa-11.0.dist-info/REQUESTED -> /Users/calum/Developer/GustoPunch/build/bdist.macosx-15.0-arm64/python3.13-standalone/app/collect/pyobjc_framework_Cocoa-11.0.dist-info/REQUESTED
copying file /Users/calum/Developer/GustoPunch/.venv/lib/python3.13/site-packages/pyobjc_framework_Cocoa-11.0.dist-info/INSTALLER -> /Users/calum/Developer/GustoPunch/build/bdist.macosx-15.0-arm64/python3.13-standalone/app/collect/pyobjc_framework_Cocoa-11.0.dist-info/INSTALLER
copying file /Users/calum/Developer/GustoPunch/.venv/lib/python3.13/site-packages/pyobjc_framework_Cocoa-11.0.dist-info/METADATA -> /Users/calum/Developer/GustoPunch/build/bdist.macosx-15.0-arm64/python3.13-standalone/app/collect/pyobjc_framework_Cocoa-11.0.dist-info/METADATA
copying file /Users/calum/Developer/GustoPunch/.venv/lib/python3.13/site-packages/charset_normalizer-3.4.1.dist-info/LICENSE -> /Users/calum/Developer/GustoPunch/build/bdist.macosx-15.0-arm64/python3.13-standalone/app/collect/charset_normalizer-3.4.1.dist-info/LICENSE
copying file /Users/calum/Developer/GustoPunch/.venv/lib/python3.13/site-packages/charset_normalizer-3.4.1.dist-info/WHEEL -> /Users/calum/Developer/GustoPunch/build/bdist.macosx-15.0-arm64/python3.13-standalone/app/collect/charset_normalizer-3.4.1.dist-info/WHEEL
copying file /Users/calum/Developer/GustoPunch/.venv/lib/python3.13/site-packages/charset_normalizer-3.4.1.dist-info/entry_points.txt -> /Users/calum/Developer/GustoPunch/build/bdist.macosx-15.0-arm64/python3.13-standalone/app/collect/charset_normalizer-3.4.1.dist-info/entry_points.txt
copying file /Users/calum/Developer/GustoPunch/.venv/lib/python3.13/site-packages/charset_normalizer-3.4.1.dist-info/top_level.txt -> /Users/calum/Developer/GustoPunch/build/bdist.macosx-15.0-arm64/python3.13-standalone/app/collect/charset_normalizer-3.4.1.dist-info/top_level.txt
copying file /Users/calum/Developer/GustoPunch/.venv/lib/python3.13/site-packages/charset_normalizer-3.4.1.dist-info/REQUESTED -> /Users/calum/Developer/GustoPunch/build/bdist.macosx-15.0-arm64/python3.13-standalone/app/collect/charset_normalizer-3.4.1.dist-info/REQUESTED
copying file /Users/calum/Developer/GustoPunch/.venv/lib/python3.13/site-packages/charset_normalizer-3.4.1.dist-info/INSTALLER -> /Users/calum/Developer/GustoPunch/build/bdist.macosx-15.0-arm64/python3.13-standalone/app/collect/charset_normalizer-3.4.1.dist-info/INSTALLER
copying file /Users/calum/Developer/GustoPunch/.venv/lib/python3.13/site-packages/charset_normalizer-3.4.1.dist-info/METADATA -> /Users/calum/Developer/GustoPunch/build/bdist.macosx-15.0-arm64/python3.13-standalone/app/collect/charset_normalizer-3.4.1.dist-info/METADATA
error: [Errno 17] File exists: '/Users/calum/Developer/GustoPunch/build/bdist.macosx-15.0-arm64/python3.13-standalone/app/collect/packaging-24.2.dist-info'
